Archive member included to satisfy reference by file (symbol)

g:/program files/stm32cubeide/plugins/com.st.stm32cube.ide.mcu.externaltools.gnu-tools-for-stm32.9-2020-q2-update.win32_1.5.0.202011040924/tools/bin/../lib/gcc/arm-none-eabi/9.3.1/../../../../arm-none-eabi/lib/thumb/v7-m/nofp\libc_nano.a(lib_a-errno.o)
                              Core/Src/syscalls.o (__errno)
g:/program files/stm32cubeide/plugins/com.st.stm32cube.ide.mcu.externaltools.gnu-tools-for-stm32.9-2020-q2-update.win32_1.5.0.202011040924/tools/bin/../lib/gcc/arm-none-eabi/9.3.1/../../../../arm-none-eabi/lib/thumb/v7-m/nofp\libc_nano.a(lib_a-exit.o)
                              g:/program files/stm32cubeide/plugins/com.st.stm32cube.ide.mcu.externaltools.gnu-tools-for-stm32.9-2020-q2-update.win32_1.5.0.202011040924/tools/bin/../lib/gcc/arm-none-eabi/9.3.1/../../../../arm-none-eabi/lib/thumb/v7-m/nofp/crt0.o (exit)
g:/program files/stm32cubeide/plugins/com.st.stm32cube.ide.mcu.externaltools.gnu-tools-for-stm32.9-2020-q2-update.win32_1.5.0.202011040924/tools/bin/../lib/gcc/arm-none-eabi/9.3.1/../../../../arm-none-eabi/lib/thumb/v7-m/nofp\libc_nano.a(lib_a-impure.o)
                              g:/program files/stm32cubeide/plugins/com.st.stm32cube.ide.mcu.externaltools.gnu-tools-for-stm32.9-2020-q2-update.win32_1.5.0.202011040924/tools/bin/../lib/gcc/arm-none-eabi/9.3.1/../../../../arm-none-eabi/lib/thumb/v7-m/nofp\libc_nano.a(lib_a-exit.o) (_global_impure_ptr)
g:/program files/stm32cubeide/plugins/com.st.stm32cube.ide.mcu.externaltools.gnu-tools-for-stm32.9-2020-q2-update.win32_1.5.0.202011040924/tools/bin/../lib/gcc/arm-none-eabi/9.3.1/../../../../arm-none-eabi/lib/thumb/v7-m/nofp\libc_nano.a(lib_a-init.o)
                              g:/program files/stm32cubeide/plugins/com.st.stm32cube.ide.mcu.externaltools.gnu-tools-for-stm32.9-2020-q2-update.win32_1.5.0.202011040924/tools/bin/../lib/gcc/arm-none-eabi/9.3.1/../../../../arm-none-eabi/lib/thumb/v7-m/nofp/crt0.o (__libc_init_array)
g:/program files/stm32cubeide/plugins/com.st.stm32cube.ide.mcu.externaltools.gnu-tools-for-stm32.9-2020-q2-update.win32_1.5.0.202011040924/tools/bin/../lib/gcc/arm-none-eabi/9.3.1/../../../../arm-none-eabi/lib/thumb/v7-m/nofp\libc_nano.a(lib_a-memcpy-stub.o)
                              Core/Src/Communication.o (memcpy)
g:/program files/stm32cubeide/plugins/com.st.stm32cube.ide.mcu.externaltools.gnu-tools-for-stm32.9-2020-q2-update.win32_1.5.0.202011040924/tools/bin/../lib/gcc/arm-none-eabi/9.3.1/../../../../arm-none-eabi/lib/thumb/v7-m/nofp\libc_nano.a(lib_a-memset.o)
                              g:/program files/stm32cubeide/plugins/com.st.stm32cube.ide.mcu.externaltools.gnu-tools-for-stm32.9-2020-q2-update.win32_1.5.0.202011040924/tools/bin/../lib/gcc/arm-none-eabi/9.3.1/../../../../arm-none-eabi/lib/thumb/v7-m/nofp/crt0.o (memset)
g:/program files/stm32cubeide/plugins/com.st.stm32cube.ide.mcu.externaltools.gnu-tools-for-stm32.9-2020-q2-update.win32_1.5.0.202011040924/tools/bin/../lib/gcc/arm-none-eabi/9.3.1/../../../../arm-none-eabi/lib/thumb/v7-m/nofp\libc_nano.a(lib_a-nano-vfprintf_float.o)
                              (_printf_float)
g:/program files/stm32cubeide/plugins/com.st.stm32cube.ide.mcu.externaltools.gnu-tools-for-stm32.9-2020-q2-update.win32_1.5.0.202011040924/tools/bin/../lib/gcc/arm-none-eabi/9.3.1/../../../../arm-none-eabi/lib/thumb/v7-m/nofp\libc_nano.a(lib_a-nano-vfprintf_i.o)
                              g:/program files/stm32cubeide/plugins/com.st.stm32cube.ide.mcu.externaltools.gnu-tools-for-stm32.9-2020-q2-update.win32_1.5.0.202011040924/tools/bin/../lib/gcc/arm-none-eabi/9.3.1/../../../../arm-none-eabi/lib/thumb/v7-m/nofp\libc_nano.a(lib_a-nano-vfprintf_float.o) (_printf_common)
g:/program files/stm32cubeide/plugins/com.st.stm32cube.ide.mcu.externaltools.gnu-tools-for-stm32.9-2020-q2-update.win32_1.5.0.202011040924/tools/bin/../lib/gcc/arm-none-eabi/9.3.1/../../../../arm-none-eabi/lib/thumb/v7-m/nofp\libc_nano.a(lib_a-nano-vfscanf_float.o)
                              (_scanf_float)
g:/program files/stm32cubeide/plugins/com.st.stm32cube.ide.mcu.externaltools.gnu-tools-for-stm32.9-2020-q2-update.win32_1.5.0.202011040924/tools/bin/../lib/gcc/arm-none-eabi/9.3.1/../../../../arm-none-eabi/lib/thumb/v7-m/nofp\libc_nano.a(lib_a-sf_nan.o)
                              g:/program files/stm32cubeide/plugins/com.st.stm32cube.ide.mcu.externaltools.gnu-tools-for-stm32.9-2020-q2-update.win32_1.5.0.202011040924/tools/bin/../lib/gcc/arm-none-eabi/9.3.1/../../../../arm-none-eabi/lib/thumb/v7-m/nofp\libc_nano.a(lib_a-nano-vfscanf_float.o) (nanf)
g:/program files/stm32cubeide/plugins/com.st.stm32cube.ide.mcu.externaltools.gnu-tools-for-stm32.9-2020-q2-update.win32_1.5.0.202011040924/tools/bin/../lib/gcc/arm-none-eabi/9.3.1/../../../../arm-none-eabi/lib/thumb/v7-m/nofp\libc_nano.a(lib_a-sprintf.o)
[...]
Memory Configuration

Name             Origin             Length             Attributes
RAM              0x0000000020000000 0x0000000000010000 xrw
FLASH            0x0000000008000000 0x0000000000080000 xr
*default*        0x0000000000000000 0xffffffffffffffff

Linker script and memory map

LOAD g:/program files/stm32cubeide/plugins/com.st.stm32cube.ide.mcu.externaltools.gnu-tools-for-stm32.9-2020-q2-update.win32_1.5.0.202011040924/tools/bin/../lib/gcc/arm-none-eabi/9.3.1/thumb/v7-m/nofp/crti.o
LOAD g:/program files/stm32cubeide/plugins/com.st.stm32cube.ide.mcu.externaltools.gnu-tools-for-stm32.9-2020-q2-update.win32_1.5.0.202011040924/tools/bin/../lib/gcc/arm-none-eabi/9.3.1/thumb/v7-m/nofp/crtbegin.o
LOAD g:/program files/stm32cubeide/plugins/com.st.stm32cube.ide.mcu.externaltools.gnu-tools-for-stm32.9-2020-q2-update.win32_1.5.0.202011040924/tools/bin/../lib/gcc/arm-none-eabi/9.3.1/../../../../arm-none-eabi/lib/thumb/v7-m/nofp/crt0.o
LOAD Core/Src/Communication.o
LOAD Core/Src/Dwin.o
LOAD Core/Src/ModbusMaster.o
LOAD Core/Src/ModbusSlave.o
LOAD Core/Src/adc.o
LOAD Core/Src/dac.o
LOAD Core/Src/dma.o
LOAD Core/Src/gpio.o
LOAD Core/Src/iwdg.o
LOAD Core/Src/main.o
LOAD Core/Src/myflash.o
LOAD Core/Src/publicfunc.o
LOAD Core/Src/rtc.o
LOAD Core/Src/stm32f1xx_hal_msp.o
LOAD Core/Src/stm32f1xx_it.o
LOAD Core/Src/syscalls.o
LOAD Core/Src/sysmem.o
LOAD Core/Src/system_stm32f1xx.o
LOAD Core/Src/tim.o
LOAD Core/Src/usart.o
LOAD Core/Startup/startup_stm32f103vetx.o
LOAD Drivers/STM32F1xx_HAL_Driver/Src/stm32f1xx_hal.o
LOAD Drivers/STM32F1xx_HAL_Driver/Src/stm32f1xx_hal_adc.o
LOAD Drivers/STM32F1xx_HAL_Driver/Src/stm32f1xx_hal_adc_ex.o
LOAD Drivers/STM32F1xx_HAL_Driver/Src/stm32f1xx_hal_cortex.o
LOAD Drivers/STM32F1xx_HAL_Driver/Src/stm32f1xx_hal_dac.o
LOAD Drivers/STM32F1xx_HAL_Driver/Src/stm32f1xx_hal_dac_ex.o
LOAD Drivers/STM32F1xx_HAL_Driver/Src/stm32f1xx_hal_dma.o
LOAD Drivers/STM32F1xx_HAL_Driver/Src/stm32f1xx_hal_exti.o
LOAD Drivers/STM32F1xx_HAL_Driver/Src/stm32f1xx_hal_flash.o
LOAD Drivers/STM32F1xx_HAL_Driver/Src/stm32f1xx_hal_flash_ex.o
LOAD Drivers/STM32F1xx_HAL_Driver/Src/stm32f1xx_hal_gpio.o
LOAD Drivers/STM32F1xx_HAL_Driver/Src/stm32f1xx_hal_gpio_ex.o
LOAD Drivers/STM32F1xx_HAL_Driver/Src/stm32f1xx_hal_iwdg.o
LOAD Drivers/STM32F1xx_HAL_Driver/Src/stm32f1xx_hal_pwr.o
LOAD Drivers/STM32F1xx_HAL_Driver/Src/stm32f1xx_hal_rcc.o
LOAD Drivers/STM32F1xx_HAL_Driver/Src/stm32f1xx_hal_rcc_ex.o
LOAD Drivers/STM32F1xx_HAL_Driver/Src/stm32f1xx_hal_rtc.o
LOAD Drivers/STM32F1xx_HAL_Driver/Src/stm32f1xx_hal_rtc_ex.o
LOAD Drivers/STM32F1xx_HAL_Driver/Src/stm32f1xx_hal_tim.o
LOAD Drivers/STM32F1xx_HAL_Driver/Src/stm32f1xx_hal_tim_ex.o
LOAD Drivers/STM32F1xx_HAL_Driver/Src/stm32f1xx_hal_uart.o
START GROUP
LOAD g:/program files/stm32cubeide/plugins/com.st.stm32cube.ide.mcu.externaltools.gnu-tools-for-stm32.9-2020-q2-update.win32_1.5.0.202011040924/tools/bin/../lib/gcc/arm-none-eabi/9.3.1/../../../../arm-none-eabi/lib/thumb/v7-m/nofp\libc_nano.a
LOAD g:/program files/stm32cubeide/plugins/com.st.stm32cube.ide.mcu.externaltools.gnu-tools-for-stm32.9-2020-q2-update.win32_1.5.0.202011040924/tools/bin/../lib/gcc/arm-none-eabi/9.3.1/../../../../arm-none-eabi/lib/thumb/v7-m/nofp\libm.a
END GROUP
START GROUP
LOAD g:/program files/stm32cubeide/plugins/com.st.stm32cube.ide.mcu.externaltools.gnu-tools-for-stm32.9-2020-q2-update.win32_1.5.0.202011040924/tools/bin/../lib/gcc/arm-none-eabi/9.3.1/thumb/v7-m/nofp\libgcc.a
LOAD g:/program files/stm32cubeide/plugins/com.st.stm32cube.ide.mcu.externaltools.gnu-tools-for-stm32.9-2020-q2-update.win32_1.5.0.202011040924/tools/bin/../lib/gcc/arm-none-eabi/9.3.1/../../../../arm-none-eabi/lib/thumb/v7-m/nofp\libc_nano.a
END GROUP
START GROUP
LOAD g:/program files/stm32cubeide/plugins/com.st.stm32cube.ide.mcu.externaltools.gnu-tools-for-stm32.9-2020-q2-update.win32_1.5.0.202011040924/tools/bin/../lib/gcc/arm-none-eabi/9.3.1/thumb/v7-m/nofp\libgcc.a
LOAD g:/program files/stm32cubeide/plugins/com.st.stm32cube.ide.mcu.externaltools.gnu-tools-for-stm32.9-2020-q2-update.win32_1.5.0.202011040924/tools/bin/../lib/gcc/arm-none-eabi/9.3.1/../../../../arm-none-eabi/lib/thumb/v7-m/nofp\libc_nano.a
LOAD g:/program files/stm32cubeide/plugins/com.st.stm32cube.ide.mcu.externaltools.gnu-tools-for-stm32.9-2020-q2-update.win32_1.5.0.202011040924/tools/bin/../lib/gcc/arm-none-eabi/9.3.1/../../../../arm-none-eabi/lib/thumb/v7-m/nofp\libnosys.a
END GROUP
START GROUP
LOAD g:/program files/stm32cubeide/plugins/com.st.stm32cube.ide.mcu.externaltools.gnu-tools-for-stm32.9-2020-q2-update.win32_1.5.0.202011040924/tools/bin/../lib/gcc/arm-none-eabi/9.3.1/thumb/v7-m/nofp\libgcc.a
LOAD g:/program files/stm32cubeide/plugins/com.st.stm32cube.ide.mcu.externaltools.gnu-tools-for-stm32.9-2020-q2-update.win32_1.5.0.202011040924/tools/bin/../lib/gcc/arm-none-eabi/9.3.1/../../../../arm-none-eabi/lib/thumb/v7-m/nofp\libc_nano.a
LOAD g:/program files/stm32cubeide/plugins/com.st.stm32cube.ide.mcu.externaltools.gnu-tools-for-stm32.9-2020-q2-update.win32_1.5.0.202011040924/tools/bin/../lib/gcc/arm-none-eabi/9.3.1/../../../../arm-none-eabi/lib/thumb/v7-m/nofp\libnosys.a
END GROUP
LOAD g:/program files/stm32cubeide/plugins/com.st.stm32cube.ide.mcu.externaltools.gnu-tools-for-stm32.9-2020-q2-update.win32_1.5.0.202011040924/tools/bin/../lib/gcc/arm-none-eabi/9.3.1/thumb/v7-m/nofp/crtend.o
LOAD g:/program files/stm32cubeide/plugins/com.st.stm32cube.ide.mcu.externaltools.gnu-tools-for-stm32.9-2020-q2-update.win32_1.5.0.202011040924/tools/bin/../lib/gcc/arm-none-eabi/9.3.1/thumb/v7-m/nofp/crtn.o
                0x0000000020010000                _estack = (ORIGIN (RAM) + LENGTH (RAM))
                0x0000000000000200                _Min_Heap_Size = 0x200
                0x0000000000000400                _Min_Stack_Size = 0x400

.isr_vector     0x0000000008000000      0x1e4
                0x0000000008000000                . = ALIGN (0x4)
 *(.isr_vector)
 .isr_vector    0x0000000008000000      0x1e4 Core/Startup/startup_stm32f103vetx.o
                0x0000000008000000                g_pfnVectors
                0x00000000080001e4                . = ALIGN (0x4)

.text           0x00000000080001e8     0xd720
                0x00000000080001e8                . = ALIGN (0x4)
 *(.text)
 .text          0x00000000080001e8       0x40 g:/program files/stm32cubeide/plugins/com.st.stm32cube.ide.mcu.externaltools.gnu-tools-for-stm32.9-2020-q2-update.win32_1.5.0.202011040924/tools/bin/../lib/gcc/arm-none-eabi/9.3.1/thumb/v7-m/nofp/crtbegin.o
 .text          0x0000000008000228       0x10 g:/program files/stm32cubeide/plugins/com.st.stm32cube.ide.mcu.externaltools.gnu-tools-for-stm32.9-2020-q2-update.win32_1.5.0.202011040924/tools/bin/../lib/gcc/arm-none-eabi/9.3.1/../../../../arm-none-eabi/lib/thumb/v7-m/nofp\libc_nano.a(lib_a-strlen.o)
                0x0000000008000228                strlen
 .text          0x0000000008000238      0x378 g:/program files/stm32cubeide/plugins/com.st.stm32cube.ide.mcu.externaltools.gnu-tools-for-stm32.9-2020-q2-update.win32_1.5.0.202011040924/tools/bin/../lib/gcc/arm-none-eabi/9.3.1/thumb/v7-m/nofp\libgcc.a(_arm_addsubdf3.o)
                0x0000000008000238                __aeabi_drsub
                0x0000000008000240                __aeabi_dsub
                0x0000000008000240                __subdf3
                0x0000000008000244                __aeabi_dadd
                0x0000000008000244                __adddf3
                0x00000000080004bc                __floatunsidf
                0x00000000080004bc                __aeabi_ui2d
                0x00000000080004dc                __floatsidf
                0x00000000080004dc                __aeabi_i2d
                0x0000000008000500                __aeabi_f2d
                0x0000000008000500                __extendsfdf2
                0x0000000008000544                __floatundidf
                0x0000000008000544                __aeabi_ul2d
                0x0000000008000554                __floatdidf
                0x0000000008000554                __aeabi_l2d
 .text          0x00000000080005b0      0x424 g:/program files/stm32cubeide/plugins/com.st.stm32cube.ide.mcu.externaltools.gnu-tools-for-stm32.9-2020-q2-update.win32_1.5.0.202011040924/tools/bin/../lib/gcc/arm-none-eabi/9.3.1/thumb/v7-m/nofp\libgcc.a(_arm_muldivdf3.o)
                0x00000000080005b0                __aeabi_dmul
                0x00000000080005b0                __muldf3
                0x0000000008000804                __divdf3
                0x0000000008000804                __aeabi_ddiv
 .text          0x00000000080009d4      0x110 g:/program files/stm32cubeide/plugins/com.st.stm32cube.ide.mcu.externaltools.gnu-tools-for-stm32.9-2020-q2-update.win32_1.5.0.202011040924/tools/bin/../lib/gcc/arm-none-eabi/9.3.1/thumb/v7-m/nofp\libgcc.a(_arm_cmpdf2.o)
                0x00000000080009d4                __gtdf2
                0x00000000080009d4                __gedf2
                0x00000000080009dc                __ltdf2
                0x00000000080009dc                __ledf2
                0x00000000080009e4                __nedf2
                0x00000000080009e4                __eqdf2
                0x00000000080009e4                __cmpdf2
                0x0000000008000a60                __aeabi_cdrcmple
                0x0000000008000a70                __aeabi_cdcmpeq
                0x0000000008000a70                __aeabi_cdcmple
                0x0000000008000a80                __aeabi_dcmpeq
                0x0000000008000a94                __aeabi_dcmplt
                0x0000000008000aa8                __aeabi_dcmple
                0x0000000008000abc                __aeabi_dcmpge
                0x0000000008000ad0                __aeabi_dcmpgt
 .text          0x0000000008000ae4       0x2c g:/program files/stm32cubeide/plugins/com.st.stm32cube.ide.mcu.externaltools.gnu-tools-for-stm32.9-2020-q2-update.win32_1.5.0.202011040924/tools/bin/../lib/gcc/arm-none-eabi/9.3.1/thumb/v7-m/nofp\libgcc.a(_arm_unorddf2.o)
                0x0000000008000ae4                __unorddf2
                0x0000000008000ae4                __aeabi_dcmpun
 .text          0x0000000008000b10       0x50 g:/program files/stm32cubeide/plugins/com.st.stm32cube.ide.mcu.externaltools.gnu-tools-for-stm32.9-2020-q2-update.win32_1.5.0.202011040924/tools/bin/../lib/gcc/arm-none-eabi/9.3.1/thumb/v7-m/nofp\libgcc.a(_arm_fixdfsi.o)
                0x0000000008000b10                __aeabi_d2iz
                0x0000000008000b10                __fixdfsi
 .text          0x0000000008000b60       0x40 g:/program files/stm32cubeide/plugins/com.st.stm32cube.ide.mcu.externaltools.gnu-tools-for-stm32.9-2020-q2-update.win32_1.5.0.202011040924/tools/bin/../lib/gcc/arm-none-eabi/9.3.1/thumb/v7-m/nofp\libgcc.a(_arm_fixunsdfsi.o)
                0x0000000008000b60                __aeabi_d2uiz
                0x0000000008000b60                __fixunsdfsi
 .text          0x0000000008000ba0       0xa0 g:/program files/stm32cubeide/plugins/com.st.stm32cube.ide.mcu.externaltools.gnu-tools-for-stm32.9-2020-q2-update.win32_1.5.0.202011040924/tools/bin/../lib/gcc/arm-none-eabi/9.3.1/thumb/v7-m/nofp\libgcc.a(_arm_truncdfsf2.o)
                0x0000000008000ba0                __truncdfsf2
                0x0000000008000ba0                __aeabi_d2f
 .text          0x0000000008000c40      0x21c g:/program files/stm32cubeide/plugins/com.st.stm32cube.ide.mcu.externaltools.gnu-tools-for-stm32.9-2020-q2-update.win32_1.5.0.202011040924/tools/bin/../lib/gcc/arm-none-eabi/9.3.1/thumb/v7-m/nofp\libgcc.a(_arm_addsubsf3.o)
                0x0000000008000c40                __aeabi_frsub
                0x0000000008000c48                __subsf3
                0x0000000008000c48                __aeabi_fsub
                0x0000000008000c4c                __aeabi_fadd
                0x0000000008000c4c                __addsf3
                0x0000000008000dac                __aeabi_ui2f
                0x0000000008000dac                __floatunsisf
                0x0000000008000db4                __aeabi_i2f
                0x0000000008000db4                __floatsisf
                0x0000000008000dd0                __aeabi_ul2f
                0x0000000008000dd0                __floatundisf
                0x0000000008000de0                __aeabi_l2f
                0x0000000008000de0                __floatdisf
 .text          0x0000000008000e5c      0x2a0 g:/program files/stm32cubeide/plugins/com.st.stm32cube.ide.mcu.externaltools.gnu-tools-for-stm32.9-2020-q2-update.win32_1.5.0.202011040924/tools/bin/../lib/gcc/arm-none-eabi/9.3.1/thumb/v7-m/nofp\libgcc.a(_arm_muldivsf3.o)
                0x0000000008000e5c                __mulsf3
                0x0000000008000e5c                __aeabi_fmul
                0x0000000008000fc4                __aeabi_fdiv
                0x0000000008000fc4                __divsf3
 .text          0x00000000080010fc       0xec g:/program files/stm32cubeide/plugins/com.st.stm32cube.ide.mcu.externaltools.gnu-tools-for-stm32.9-2020-q2-update.win32_1.5.0.202011040924/tools/bin/../lib/gcc/arm-none-eabi/9.3.1/thumb/v7-m/nofp\libgcc.a(_arm_cmpsf2.o)
                0x00000000080010fc                __gesf2
                0x00000000080010fc                __gtsf2
                0x0000000008001104                __lesf2
                0x0000000008001104                __ltsf2
                0x000000000800110c                __nesf2
                0x000000000800110c                __eqsf2
                0x000000000800110c                __cmpsf2
                0x000000000800116c                __aeabi_cfrcmple
                0x0000000008001174                __aeabi_cfcmpeq
                0x0000000008001174                __aeabi_cfcmple
                0x0000000008001184                __aeabi_fcmpeq
                0x0000000008001198                __aeabi_fcmplt
                0x00000000080011ac                __aeabi_fcmple
                0x00000000080011c0                __aeabi_fcmpge
                0x00000000080011d4                __aeabi_fcmpgt
 .text          0x00000000080011e8       0x40 g:/program files/stm32cubeide/plugins/com.st.stm32cube.ide.mcu.externaltools.gnu-tools-for-stm32.9-2020-q2-update.win32_1.5.0.202011040924/tools/bin/../lib/gcc/arm-none-eabi/9.3.1/thumb/v7-m/nofp\libgcc.a(_arm_fixunssfsi.o)
                0x00000000080011e8                __fixunssfsi
                0x00000000080011e8                __aeabi_f2uiz
 .text          0x0000000008001228       0x34 g:/program files/stm32cubeide/plugins/com.st.stm32cube.ide.mcu.externaltools.gnu-tools-for-stm32.9-2020-q2-update.win32_1.5.0.202011040924/tools/bin/../lib/gcc/arm-none-eabi/9.3.1/thumb/v7-m/nofp\libgcc.a(_fixdfdi.o)
                0x0000000008001228                __fixdfdi
                0x0000000008001228                __aeabi_d2lz
 .text          0x000000000800125c       0x3c g:/program files/stm32cubeide/plugins/com.st.stm32cube.ide.mcu.externaltools.gnu-tools-for-stm32.9-2020-q2-update.win32_1.5.0.202011040924/tools/bin/../lib/gcc/arm-none-eabi/9.3.1/thumb/v7-m/nofp\libgcc.a(_fixunsdfdi.o)
                0x000000000800125c                __fixunsdfdi
                0x000000000800125c                __aeabi_d2ulz
 *(.text*)
 .text.getcurrent
                0x0000000008001298       0x50 Core/Src/Communication.o
                0x0000000008001298                getcurrent
 .text.getvoltage
                0x00000000080012e8       0x50 Core/Src/Communication.o
                0x00000000080012e8                getvoltage
 .text.setvoltage
                0x0000000008001338       0x5c Core/Src/Communication.o
                0x0000000008001338                setvoltage
 .text.Report_ChargeData
                0x0000000008001394      0x11c Core/Src/Communication.o
 .text.Idletask
                0x00000000080014b0       0x20 Core/Src/Communication.o
                0x00000000080014b0                Idletask
 .text.LTE_Report_ChargeData
                0x00000000080014d0      0x120 Core/Src/Communication.o
 .text.TimeStartEvent
                0x00000000080015f0       0x3c Core/Src/Communication.o
 .text.ChangeDutyCycle
                0x000000000800162c       0x64 Core/Src/Communication.o
                0x000000000800162c                ChangeDutyCycle
 .text.GetAdjustStep
                0x0000000008001690      0x138 Core/Src/Communication.o
 .text.getChargeState
                0x00000000080017c8       0x94 Core/Src/Communication.o
                0x00000000080017c8                getChargeState
 .text.getMachineState
                0x000000000800185c       0x50 Core/Src/Communication.o
 .text.getDisChargeState
                0x00000000080018ac       0x74 Core/Src/Communication.o
 .text.ChargerHandle
                0x0000000008001920       0x74 Core/Src/Communication.o
                0x0000000008001920                ChargerHandle
 .text.QuickChanging
                0x0000000008001994       0x8c Core/Src/Communication.o
                0x0000000008001994                QuickChanging
 .text.OrdinaryCharging
                0x0000000008001a20      0x160 Core/Src/Communication.o
                0x0000000008001a20                OrdinaryCharging
 .text.ChargerEvent
                0x0000000008001b80       0xec Core/Src/Communication.o
 .text.DisChargeEvent
                0x0000000008001c6c       0x24 Core/Src/Communication.o
 .text.StandbyEvent
                0x0000000008001c90       0x30 Core/Src/Communication.o
 .text.CommunicationInit
                0x0000000008001cc0      0x1d8 Core/Src/Communication.o
                0x0000000008001cc0                CommunicationInit
 .text.ChargeTimer
                0x0000000008001e98       0x6c Core/Src/Communication.o
 .text.FlashReadInit
                0x0000000008001f04       0xa8 Core/Src/Communication.o
 .text.Report_RealTime
                0x0000000008001fac      0x184 Core/Src/Communication.o
 .text.Setting_RealTime
                0x0000000008002130       0x54 Core/Src/Communication.o
 .text.Password1_Input
                0x0000000008002184       0x24 Core/Src/Communication.o
 .text.Password2_Input
                0x00000000080021a8       0x24 Core/Src/Communication.o
 .text.Password3_Input
                0x00000000080021cc       0x24 Core/Src/Communication.o
 .text.Password4_Input
                0x00000000080021f0       0x24 Core/Src/Communication.o
 .text.PasswordReturn
                0x0000000008002214       0x28 Core/Src/Communication.o
 .text.PasswordCheck
                0x000000000800223c       0x6c Core/Src/Communication.o
 .text.ChargeTargetTime
                0x00000000080022a8       0x48 Core/Src/Communication.o
 .text.DisChargeTargetTime
                0x00000000080022f0       0x34 Core/Src/Communication.o
 .text.DisCharge_C_UpperLimit
                0x0000000008002324       0x34 Core/Src/Communication.o
 .text.DisCharge_C_LowerLimit
                0x0000000008002358       0x34 Core/Src/Communication.o
 .text.TrickleChargeCurrent
                0x000000000800238c       0x48 Core/Src/Communication.o
 .text.TrickleChargeTargetVoltage
                0x00000000080023d4       0x48 Core/Src/Communication.o
 .text.ConstantCurrent_Current
                0x000000000800241c       0x48 Core/Src/Communication.o
 .text.ConstantCurrentTargetVoltage
                0x0000000008002464       0x48 Core/Src/Communication.o
 .text.ConstantVoltage_Voltage
                0x00000000080024ac       0x48 Core/Src/Communication.o
 .text.ConstantVoltageTargetCurrent
                0x00000000080024f4       0x48 Core/Src/Communication.o
 .text.ChargeDutyCycle
                0x000000000800253c       0x48 Core/Src/Communication.o
 .text.ChargeCompensation
                0x0000000008002584       0x48 Core/Src/Communication.o
 .text.DisChargeDutyCycle
                0x00000000080025cc       0x4c Core/Src/Communication.o
 .text.DisChargeTargetVoltage
                0x0000000008002618       0x34 Core/Src/Communication.o
 .text.DisChargeCurrent
                0x000000000800264c       0x34 Core/Src/Communication.o
 .text.Set_Year
                0x0000000008002680       0x24 Core/Src/Communication.o
 .text.Set_Month
                0x00000000080026a4       0x24 Core/Src/Communication.o
 .text.Set_Date
                0x00000000080026c8       0x24 Core/Src/Communication.o
 .text.Set_Hour
                0x00000000080026ec       0x24 Core/Src/Communication.o
 .text.Set_Min  0x0000000008002710       0x24 Core/Src/Communication.o
 .text.Set_Sec  0x0000000008002734       0x24 Core/Src/Communication.o
 .text.DWIN_Send
                0x0000000008002758       0x28 Core/Src/Dwin.o
                0x0000000008002758                DWIN_Send
 .text.DWIN_AnalyzeApp
                0x0000000008002780       0x28 Core/Src/Dwin.o
                0x0000000008002780                DWIN_AnalyzeApp
 .text.DWIN_ReciveNew
                0x00000000080027a8       0x44 Core/Src/Dwin.o
                0x00000000080027a8                DWIN_ReciveNew
 .text.DWIN_Poll
                0x00000000080027ec       0x30 Core/Src/Dwin.o
                0x00000000080027ec                DWIN_Poll
 .text.DWIN_WRITE
                0x000000000800281c      0x124 Core/Src/Dwin.o
                0x000000000800281c                DWIN_WRITE
 .text.DWIN_83H
                0x0000000008002940       0x98 Core/Src/Dwin.o
                0x0000000008002940                DWIN_83H
 .text.DWIN_PageChange
                0x00000000080029d8      0x154 Core/Src/Dwin.o
                0x00000000080029d8                DWIN_PageChange
 .text.DWIN_InportMap
                0x0000000008002b2c       0x44 Core/Src/Dwin.o
                0x0000000008002b2c                DWIN_InportMap
 .text.MOD_46H  0x0000000008002b70      0x150 Core/Src/ModbusMaster.o
                0x0000000008002b70                MOD_46H
 .text.GetCrc16
                0x0000000008002cc0       0x78 Core/Src/ModbusSlave.o
                0x0000000008002cc0                GetCrc16
 .text.checkCrc16
                0x0000000008002d38       0x6e Core/Src/ModbusSlave.o
                0x0000000008002d38                checkCrc16
 *fill*         0x0000000008002da6        0x2 
 .text.MODS_ReciveNew
                0x0000000008002da8       0x44 Core/Src/ModbusSlave.o
                0x0000000008002da8                MODS_ReciveNew
 .text.MODS_Poll
                0x0000000008002dec       0x50 Core/Src/ModbusSlave.o
                0x0000000008002dec                MODS_Poll
 .text.MODS_SendAckErr
                0x0000000008002e3c       0x8c Core/Src/ModbusSlave.o
                0x0000000008002e3c                MODS_SendAckErr
 .text.MODS_AnalyzeApp
                0x0000000008002ec8       0x94 Core/Src/ModbusSlave.o
                0x0000000008002ec8                MODS_AnalyzeApp
 .text.MODS_01H
                0x0000000008002f5c        0xc Core/Src/ModbusSlave.o
                0x0000000008002f5c                MODS_01H
 .text.MODS_02H
                0x0000000008002f68        0xc Core/Src/ModbusSlave.o
                0x0000000008002f68                MODS_02H
 .text.MODS_03H
                0x0000000008002f74      0x110 Core/Src/ModbusSlave.o
                0x0000000008002f74                MODS_03H
 .text.MODS_04H
                0x0000000008003084        0xc Core/Src/ModbusSlave.o
                0x0000000008003084                MODS_04H
 .text.MODS_05H
                0x0000000008003090       0x48 Core/Src/ModbusSlave.o
                0x0000000008003090                MODS_05H
 .text.MODS_06H
                0x00000000080030d8       0x74 Core/Src/ModbusSlave.o
                0x00000000080030d8                MODS_06H
 .text.MODS_0FH
                0x000000000800314c        0xc Core/Src/ModbusSlave.o
                0x000000000800314c                MODS_0FH
 .text.MODS_10H
                0x0000000008003158        0xc Core/Src/ModbusSlave.o
                0x0000000008003158                MODS_10H
 .text.MODS_SendWithCRC
                0x0000000008003164       0x90 Core/Src/ModbusSlave.o
                0x0000000008003164                MODS_SendWithCRC
 .text.MX_ADC1_Init
                0x00000000080031f4       0x9c Core/Src/adc.o
                0x00000000080031f4                MX_ADC1_Init
 .text.HAL_ADC_MspInit
                0x0000000008003290       0xd0 Core/Src/adc.o
                0x0000000008003290                HAL_ADC_MspInit
 .text.GetDmaAdcValue
                0x0000000008003360       0x70 Core/Src/adc.o
                0x0000000008003360                GetDmaAdcValue
 .text.MX_DAC_Init
                0x00000000080033d0       0x54 Core/Src/dac.o
                0x00000000080033d0                MX_DAC_Init
 .text.HAL_DAC_MspInit
                0x0000000008003424       0x78 Core/Src/dac.o
                0x0000000008003424                HAL_DAC_MspInit
 .text.MX_DMA_Init
                0x000000000800349c       0x3c Core/Src/dma.o
                0x000000000800349c                MX_DMA_Init
 .text.MX_GPIO_Init
                0x00000000080034d8       0xd4 Core/Src/gpio.o
                0x00000000080034d8                MX_GPIO_Init
 .text.main     0x00000000080035ac       0x88 Core/Src/main.o
                0x00000000080035ac                main
 .text.SystemClock_Config
                0x0000000008003634       0xc8 Core/Src/main.o
                0x0000000008003634                SystemClock_Config
 .text.Error_Handler
                0x00000000080036fc        0xc Core/Src/main.o
                0x00000000080036fc                Error_Handler
 .text.FLASH_Init
                0x0000000008003708       0x1c Core/Src/myflash.o
                0x0000000008003708                FLASH_Init
 .text.FLASH_Read
                0x0000000008003724       0x98 Core/Src/myflash.o
                0x0000000008003724                FLASH_Read
 .text.FLASH_Write
                0x00000000080037bc      0x1d4 Core/Src/myflash.o
                0x00000000080037bc                FLASH_Write
 .text.FLASH_WriteNotCheck
                0x0000000008003990       0x70 Core/Src/myflash.o
 .text.EndianSwap
                0x0000000008003a00       0x82 Core/Src/publicfunc.o
                0x0000000008003a00                EndianSwap
 .text.Midfliter
                0x0000000008003a82       0x4a Core/Src/publicfunc.o
                0x0000000008003a82                Midfliter
 .text.MX_RTC_Init
                0x0000000008003acc       0xa8 Core/Src/rtc.o
                0x0000000008003acc                MX_RTC_Init
 .text.HAL_RTC_MspInit
                0x0000000008003b74       0x48 Core/Src/rtc.o
                0x0000000008003b74                HAL_RTC_MspInit
 .text.time2Stamp
                0x0000000008003bbc      0x124 Core/Src/rtc.o
                0x0000000008003bbc                time2Stamp
 .text.Stamp2time
                0x0000000008003ce0      0x188 Core/Src/rtc.o
                0x0000000008003ce0                Stamp2time
 .text.IsLeapYear
                0x0000000008003e68       0x5c Core/Src/rtc.o
                0x0000000008003e68                IsLeapYear
 .text.getWEEK  0x0000000008003ec4       0xcc Core/Src/rtc.o
                0x0000000008003ec4                getWEEK
 .text.myRtc_Get_DateTime
                0x0000000008003f90       0x3c Core/Src/rtc.o
                0x0000000008003f90                myRtc_Get_DateTime
 .text.SetRtcCount
                0x0000000008003fcc       0x7c Core/Src/rtc.o
                0x0000000008003fcc                SetRtcCount
 .text.HAL_MspInit
                0x0000000008004048       0x64 Core/Src/stm32f1xx_hal_msp.o
                0x0000000008004048                HAL_MspInit
 .text.NMI_Handler
                0x00000000080040ac        0xc Core/Src/stm32f1xx_it.o
                0x00000000080040ac                NMI_Handler
 .text.HardFault_Handler
                0x00000000080040b8        0x6 Core/Src/stm32f1xx_it.o
                0x00000000080040b8                HardFault_Handler
 .text.MemManage_Handler
                0x00000000080040be        0x6 Core/Src/stm32f1xx_it.o
                0x00000000080040be                MemManage_Handler
 .text.BusFault_Handler
                0x00000000080040c4        0x6 Core/Src/stm32f1xx_it.o
                0x00000000080040c4                BusFault_Handler
 .text.UsageFault_Handler
                0x00000000080040ca        0x6 Core/Src/stm32f1xx_it.o
                0x00000000080040ca                UsageFault_Handler
 .text.SVC_Handler
                0x00000000080040d0        0xc Core/Src/stm32f1xx_it.o
                0x00000000080040d0                SVC_Handler
 .text.DebugMon_Handler
                0x00000000080040dc        0xc Core/Src/stm32f1xx_it.o
                0x00000000080040dc                DebugMon_Handler
 .text.PendSV_Handler
                0x00000000080040e8        0xc Core/Src/stm32f1xx_it.o
                0x00000000080040e8                PendSV_Handler
 .text.SysTick_Handler
                0x00000000080040f4        0xc Core/Src/stm32f1xx_it.o
                0x00000000080040f4                SysTick_Handler
 .text.DMA1_Channel1_IRQHandler
                0x0000000008004100       0x14 Core/Src/stm32f1xx_it.o
                0x0000000008004100                DMA1_Channel1_IRQHandler
 .text.TIM1_UP_IRQHandler
                0x0000000008004114       0x14 Core/Src/stm32f1xx_it.o
                0x0000000008004114                TIM1_UP_IRQHandler
 .text.TIM2_IRQHandler
                0x0000000008004128       0x14 Core/Src/stm32f1xx_it.o
                0x0000000008004128                TIM2_IRQHandler
 .text.TIM3_IRQHandler
                0x000000000800413c       0x14 Core/Src/stm32f1xx_it.o
                0x000000000800413c                TIM3_IRQHandler
 .text.USART1_IRQHandler
                0x0000000008004150       0xa0 Core/Src/stm32f1xx_it.o
                0x0000000008004150                USART1_IRQHandler
 .text.USART2_IRQHandler
                0x00000000080041f0       0xa4 Core/Src/stm32f1xx_it.o
                0x00000000080041f0                USART2_IRQHandler
 .text._getpid  0x0000000008004294        0xe Core/Src/syscalls.o
                0x0000000008004294                _getpid
 .text._kill    0x00000000080042a2       0x20 Core/Src/syscalls.o
                0x00000000080042a2                _kill
 .text._exit    0x00000000080042c2       0x14 Core/Src/syscalls.o
                0x00000000080042c2                _exit
 .text._read    0x00000000080042d6       0x3a Core/Src/syscalls.o
                0x00000000080042d6                _read
 .text._write   0x0000000008004310       0x38 Core/Src/syscalls.o
                0x0000000008004310                _write
 .text._close   0x0000000008004348       0x16 Core/Src/syscalls.o
                0x0000000008004348                _close
 .text._fstat   0x000000000800435e       0x1e Core/Src/syscalls.o
                0x000000000800435e                _fstat
 .text._isatty  0x000000000800437c       0x14 Core/Src/syscalls.o
                0x000000000800437c                _isatty
 .text._lseek   0x0000000008004390       0x18 Core/Src/syscalls.o
                0x0000000008004390                _lseek
 .text._sbrk    0x00000000080043a8       0x58 Core/Src/sysmem.o
                0x00000000080043a8                _sbrk
 .text.SystemInit
                0x0000000008004400        0xc Core/Src/system_stm32f1xx.o
                0x0000000008004400                SystemInit
 .text.MX_TIM1_Init
                0x000000000800440c       0xa0 Core/Src/tim.o
                0x000000000800440c                MX_TIM1_Init
 .text.MX_TIM2_Init
                0x00000000080044ac       0xb0 Core/Src/tim.o
                0x00000000080044ac                MX_TIM2_Init
 .text.MX_TIM3_Init
                0x000000000800455c       0xb4 Core/Src/tim.o
                0x000000000800455c                MX_TIM3_Init
 .text.HAL_TIM_Base_MspInit
                0x0000000008004610       0x4c Core/Src/tim.o
                0x0000000008004610                HAL_TIM_Base_MspInit
 .text.HAL_TIM_PWM_MspInit
                0x000000000800465c       0x80 Core/Src/tim.o
                0x000000000800465c                HAL_TIM_PWM_MspInit
 .text.HAL_TIM_MspPostInit
                0x00000000080046dc       0xcc Core/Src/tim.o
                0x00000000080046dc                HAL_TIM_MspPostInit
 .text.HAL_TIM_PeriodElapsedCallback
                0x00000000080047a8       0xb0 Core/Src/tim.o
                0x00000000080047a8                HAL_TIM_PeriodElapsedCallback
 .text.MX_USART1_UART_Init
                0x0000000008004858       0x54 Core/Src/usart.o
                0x0000000008004858                MX_USART1_UART_Init
 .text.MX_USART2_UART_Init
                0x00000000080048ac       0x54 Core/Src/usart.o
                0x00000000080048ac                MX_USART2_UART_Init
 .text.HAL_UART_MspInit
                0x0000000008004900      0x14c Core/Src/usart.o
                0x0000000008004900                HAL_UART_MspInit
 .text.USART1_IdleCallback
                0x0000000008004a4c       0x22 Core/Src/usart.o
                0x0000000008004a4c                USART1_IdleCallback
 .text.USART2_IdleCallback
                0x0000000008004a6e       0x22 Core/Src/usart.o
                0x0000000008004a6e                USART2_IdleCallback
 .text.Reset_Handler
                0x0000000008004a90       0x48 Core/Startup/startup_stm32f103vetx.o
                0x0000000008004a90                Reset_Handler
 .text.Default_Handler
                0x0000000008004ad8        0x2 Core/Startup/startup_stm32f103vetx.o
                0x0000000008004ad8                RTC_Alarm_IRQHandler
                0x0000000008004ad8                EXTI2_IRQHandler
                0x0000000008004ad8                TIM8_TRG_COM_IRQHandler
                0x0000000008004ad8                TIM8_CC_IRQHandler
                0x0000000008004ad8                TIM1_CC_IRQHandler
                0x0000000008004ad8                TIM6_IRQHandler
                0x0000000008004ad8                PVD_IRQHandler
                0x0000000008004ad8                SDIO_IRQHandler
                0x0000000008004ad8                EXTI3_IRQHandler
                0x0000000008004ad8                EXTI0_IRQHandler
                0x0000000008004ad8                I2C2_EV_IRQHandler
                0x0000000008004ad8                ADC1_2_IRQHandler
                0x0000000008004ad8                SPI1_IRQHandler
                0x0000000008004ad8                TAMPER_IRQHandler
                0x0000000008004ad8                TIM8_UP_IRQHandler
                0x0000000008004ad8                DMA2_Channel2_IRQHandler
                0x0000000008004ad8                DMA1_Channel4_IRQHandler
                0x0000000008004ad8                USART3_IRQHandler
                0x0000000008004ad8                RTC_IRQHandler
                0x0000000008004ad8                DMA1_Channel7_IRQHandler
                0x0000000008004ad8                CAN1_RX1_IRQHandler
                0x0000000008004ad8                UART5_IRQHandler
                0x0000000008004ad8                ADC3_IRQHandler
                0x0000000008004ad8                TIM4_IRQHandler
                0x0000000008004ad8                DMA2_Channel1_IRQHandler
                0x0000000008004ad8                I2C1_EV_IRQHandler
                0x0000000008004ad8                DMA1_Channel6_IRQHandler
                0x0000000008004ad8                UART4_IRQHandler
                0x0000000008004ad8                RCC_IRQHandler
                0x0000000008004ad8                TIM1_TRG_COM_IRQHandler
                0x0000000008004ad8                Default_Handler
                0x0000000008004ad8                EXTI15_10_IRQHandler
                0x0000000008004ad8                TIM7_IRQHandler
                0x0000000008004ad8                TIM5_IRQHandler
                0x0000000008004ad8                EXTI9_5_IRQHandler
                0x0000000008004ad8                SPI2_IRQHandler
                0x0000000008004ad8                DMA1_Channel5_IRQHandler
                0x0000000008004ad8                EXTI4_IRQHandler
                0x0000000008004ad8                USB_LP_CAN1_RX0_IRQHandler
                0x0000000008004ad8                USB_HP_CAN1_TX_IRQHandler
                0x0000000008004ad8                DMA1_Channel3_IRQHandler
                0x0000000008004ad8                FSMC_IRQHandler
                0x0000000008004ad8                WWDG_IRQHandler
                0x0000000008004ad8                TIM1_BRK_IRQHandler
                0x0000000008004ad8                EXTI1_IRQHandler
                0x0000000008004ad8                DMA2_Channel4_5_IRQHandler
                0x0000000008004ad8                I2C2_ER_IRQHandler
                0x0000000008004ad8                DMA1_Channel2_IRQHandler
                0x0000000008004ad8                TIM8_BRK_IRQHandler
                0x0000000008004ad8                CAN1_SCE_IRQHandler
                0x0000000008004ad8                FLASH_IRQHandler
                0x0000000008004ad8                SPI3_IRQHandler
                0x0000000008004ad8                I2C1_ER_IRQHandler
                0x0000000008004ad8                USBWakeUp_IRQHandler
                0x0000000008004ad8                DMA2_Channel3_IRQHandler
 *fill*         0x0000000008004ada        0x2 
 .text.HAL_Init
                0x0000000008004adc       0x2c Drivers/STM32F1xx_HAL_Driver/Src/stm32f1xx_hal.o
                0x0000000008004adc                HAL_Init
 .text.HAL_InitTick
                0x0000000008004b08       0x60 Drivers/STM32F1xx_HAL_Driver/Src/stm32f1xx_hal.o
                0x0000000008004b08                HAL_InitTick
 .text.HAL_IncTick
                0x0000000008004b68       0x24 Drivers/STM32F1xx_HAL_Driver/Src/stm32f1xx_hal.o
                0x0000000008004b68                HAL_IncTick
 .text.HAL_GetTick
                0x0000000008004b8c       0x14 Drivers/STM32F1xx_HAL_Driver/Src/stm32f1xx_hal.o
                0x0000000008004b8c                HAL_GetTick
 .text.HAL_Delay
                0x0000000008004ba0       0x48 Drivers/STM32F1xx_HAL_Driver/Src/stm32f1xx_hal.o
                0x0000000008004ba0                HAL_Delay
 .text.HAL_ADC_Init
                0x0000000008004be8      0x1d4 Drivers/STM32F1xx_HAL_Driver/Src/stm32f1xx_hal_adc.o
                0x0000000008004be8                HAL_ADC_Init
 .text.HAL_ADC_Start_DMA
                0x0000000008004dbc      0x1bc Drivers/STM32F1xx_HAL_Driver/Src/stm32f1xx_hal_adc.o
                0x0000000008004dbc                HAL_ADC_Start_DMA
 .text.HAL_ADC_ConvCpltCallback
                0x0000000008004f78       0x12 Drivers/STM32F1xx_HAL_Driver/Src/stm32f1xx_hal_adc.o
                0x0000000008004f78                HAL_ADC_ConvCpltCallback
 .text.HAL_ADC_ConvHalfCpltCallback
                0x0000000008004f8a       0x12 Drivers/STM32F1xx_HAL_Driver/Src/stm32f1xx_hal_adc.o
                0x0000000008004f8a                HAL_ADC_ConvHalfCpltCallback
 .text.HAL_ADC_ErrorCallback
                0x0000000008004f9c       0x12 Drivers/STM32F1xx_HAL_Driver/Src/stm32f1xx_hal_adc.o
                0x0000000008004f9c                HAL_ADC_ErrorCallback
 *fill*         0x0000000008004fae        0x2 
 .text.HAL_ADC_ConfigChannel
                0x0000000008004fb0      0x1f0 Drivers/STM32F1xx_HAL_Driver/Src/stm32f1xx_hal_adc.o
                0x0000000008004fb0                HAL_ADC_ConfigChannel
 .text.ADC_Enable
                0x00000000080051a0       0xb4 Drivers/STM32F1xx_HAL_Driver/Src/stm32f1xx_hal_adc.o
                0x00000000080051a0                ADC_Enable
 .text.ADC_ConversionStop_Disable
                0x0000000008005254       0x82 Drivers/STM32F1xx_HAL_Driver/Src/stm32f1xx_hal_adc.o
                0x0000000008005254                ADC_ConversionStop_Disable
 .text.ADC_DMAConvCplt
                0x00000000080052d6       0x7c Drivers/STM32F1xx_HAL_Driver/Src/stm32f1xx_hal_adc.o
                0x00000000080052d6                ADC_DMAConvCplt
 .text.ADC_DMAHalfConvCplt
                0x0000000008005352       0x1c Drivers/STM32F1xx_HAL_Driver/Src/stm32f1xx_hal_adc.o
                0x0000000008005352                ADC_DMAHalfConvCplt
 .text.ADC_DMAError
                0x000000000800536e       0x34 Drivers/STM32F1xx_HAL_Driver/Src/stm32f1xx_hal_adc.o
                0x000000000800536e                ADC_DMAError
 *fill*         0x00000000080053a2        0x2 
 .text.__NVIC_SetPriorityGrouping
                0x00000000080053a4       0x48 Drivers/STM32F1xx_HAL_Driver/Src/stm32f1xx_hal_cortex.o
 .text.__NVIC_GetPriorityGrouping
                0x00000000080053ec       0x1c Drivers/STM32F1xx_HAL_Driver/Src/stm32f1xx_hal_cortex.o
 .text.__NVIC_EnableIRQ
                0x0000000008005408       0x38 Drivers/STM32F1xx_HAL_Driver/Src/stm32f1xx_hal_cortex.o
 .text.__NVIC_SetPriority
                0x0000000008005440       0x54 Drivers/STM32F1xx_HAL_Driver/Src/stm32f1xx_hal_cortex.o
 .text.NVIC_EncodePriority
                0x0000000008005494       0x64 Drivers/STM32F1xx_HAL_Driver/Src/stm32f1xx_hal_cortex.o
 .text.SysTick_Config
                0x00000000080054f8       0x44 Drivers/STM32F1xx_HAL_Driver/Src/stm32f1xx_hal_cortex.o
 .text.HAL_NVIC_SetPriorityGrouping
                0x000000000800553c       0x16 Drivers/STM32F1xx_HAL_Driver/Src/stm32f1xx_hal_cortex.o
                0x000000000800553c                HAL_NVIC_SetPriorityGrouping
 .text.HAL_NVIC_SetPriority
                0x0000000008005552       0x38 Drivers/STM32F1xx_HAL_Driver/Src/stm32f1xx_hal_cortex.o
                0x0000000008005552                HAL_NVIC_SetPriority
 .text.HAL_NVIC_EnableIRQ
                0x000000000800558a       0x1c Drivers/STM32F1xx_HAL_Driver/Src/stm32f1xx_hal_cortex.o
                0x000000000800558a                HAL_NVIC_EnableIRQ
 .text.HAL_SYSTICK_Config
                0x00000000080055a6       0x18 Drivers/STM32F1xx_HAL_Driver/Src/stm32f1xx_hal_cortex.o
                0x00000000080055a6                HAL_SYSTICK_Config
 .text.HAL_DAC_Init
                0x00000000080055be       0x44 Drivers/STM32F1xx_HAL_Driver/Src/stm32f1xx_hal_dac.o
                0x00000000080055be                HAL_DAC_Init
 .text.HAL_DAC_Start
                0x0000000008005602       0xa2 Drivers/STM32F1xx_HAL_Driver/Src/stm32f1xx_hal_dac.o
                0x0000000008005602                HAL_DAC_Start
 .text.HAL_DAC_SetValue
                0x00000000080056a4       0x48 Drivers/STM32F1xx_HAL_Driver/Src/stm32f1xx_hal_dac.o
                0x00000000080056a4                HAL_DAC_SetValue
 .text.HAL_DAC_ConfigChannel
                0x00000000080056ec       0x9c Drivers/STM32F1xx_HAL_Driver/Src/stm32f1xx_hal_dac.o
                0x00000000080056ec                HAL_DAC_ConfigChannel
 .text.HAL_DMA_Init
                0x0000000008005788       0xec Drivers/STM32F1xx_HAL_Driver/Src/stm32f1xx_hal_dma.o
                0x0000000008005788                HAL_DMA_Init
 .text.HAL_DMA_Start_IT
                0x0000000008005874       0xbe Drivers/STM32F1xx_HAL_Driver/Src/stm32f1xx_hal_dma.o
                0x0000000008005874                HAL_DMA_Start_IT
 .text.HAL_DMA_Abort
                0x0000000008005932       0x74 Drivers/STM32F1xx_HAL_Driver/Src/stm32f1xx_hal_dma.o
                0x0000000008005932                HAL_DMA_Abort
 *fill*         0x00000000080059a6        0x2 
 .text.HAL_DMA_Abort_IT
                0x00000000080059a8      0x210 Drivers/STM32F1xx_HAL_Driver/Src/stm32f1xx_hal_dma.o
                0x00000000080059a8                HAL_DMA_Abort_IT
 .text.HAL_DMA_IRQHandler
                0x0000000008005bb8      0x478 Drivers/STM32F1xx_HAL_Driver/Src/stm32f1xx_hal_dma.o
                0x0000000008005bb8                HAL_DMA_IRQHandler
 .text.DMA_SetConfig
                0x0000000008006030       0x5a Drivers/STM32F1xx_HAL_Driver/Src/stm32f1xx_hal_dma.o
 *fill*         0x000000000800608a        0x2 
 .text.HAL_FLASH_Program
                0x000000000800608c       0xe0 Drivers/STM32F1xx_HAL_Driver/Src/stm32f1xx_hal_flash.o
                0x000000000800608c                HAL_FLASH_Program
 .text.HAL_FLASH_Unlock
                0x000000000800616c       0x4c Drivers/STM32F1xx_HAL_Driver/Src/stm32f1xx_hal_flash.o
                0x000000000800616c                HAL_FLASH_Unlock
 .text.HAL_FLASH_Lock
                0x00000000080061b8       0x20 Drivers/STM32F1xx_HAL_Driver/Src/stm32f1xx_hal_flash.o
                0x00000000080061b8                HAL_FLASH_Lock
 .text.FLASH_Program_HalfWord
                0x00000000080061d8       0x38 Drivers/STM32F1xx_HAL_Driver/Src/stm32f1xx_hal_flash.o
 .text.FLASH_WaitForLastOperation
                0x0000000008006210       0x8c Drivers/STM32F1xx_HAL_Driver/Src/stm32f1xx_hal_flash.o
                0x0000000008006210                FLASH_WaitForLastOperation
 .text.FLASH_SetErrorCode
                0x000000000800629c       0xa0 Drivers/STM32F1xx_HAL_Driver/Src/stm32f1xx_hal_flash.o
 .text.HAL_FLASHEx_Erase
                0x000000000800633c       0xd8 Drivers/STM32F1xx_HAL_Driver/Src/stm32f1xx_hal_flash_ex.o
                0x000000000800633c                HAL_FLASHEx_Erase
 .text.FLASH_MassErase
                0x0000000008006414       0x38 Drivers/STM32F1xx_HAL_Driver/Src/stm32f1xx_hal_flash_ex.o
 .text.FLASH_PageErase
                0x000000000800644c       0x40 Drivers/STM32F1xx_HAL_Driver/Src/stm32f1xx_hal_flash_ex.o
                0x000000000800644c                FLASH_PageErase
 .text.HAL_GPIO_Init
                0x000000000800648c      0x328 Drivers/STM32F1xx_HAL_Driver/Src/stm32f1xx_hal_gpio.o
                0x000000000800648c                HAL_GPIO_Init
 .text.HAL_GPIO_WritePin
                0x00000000080067b4       0x30 Drivers/STM32F1xx_HAL_Driver/Src/stm32f1xx_hal_gpio.o
                0x00000000080067b4                HAL_GPIO_WritePin
 .text.HAL_PWR_EnableBkUpAccess
                0x00000000080067e4       0x18 Drivers/STM32F1xx_HAL_Driver/Src/stm32f1xx_hal_pwr.o
                0x00000000080067e4                HAL_PWR_EnableBkUpAccess
 .text.HAL_RCC_OscConfig
                0x00000000080067fc      0x500 Drivers/STM32F1xx_HAL_Driver/Src/stm32f1xx_hal_rcc.o
                0x00000000080067fc                HAL_RCC_OscConfig
 .text.HAL_RCC_ClockConfig
                0x0000000008006cfc      0x1d4 Drivers/STM32F1xx_HAL_Driver/Src/stm32f1xx_hal_rcc.o
                0x0000000008006cfc                HAL_RCC_ClockConfig
 .text.HAL_RCC_GetSysClockFreq
                0x0000000008006ed0       0xc0 Drivers/STM32F1xx_HAL_Driver/Src/stm32f1xx_hal_rcc.o
                0x0000000008006ed0                HAL_RCC_GetSysClockFreq
 .text.HAL_RCC_GetHCLKFreq
                0x0000000008006f90       0x14 Drivers/STM32F1xx_HAL_Driver/Src/stm32f1xx_hal_rcc.o
                0x0000000008006f90                HAL_RCC_GetHCLKFreq
 .text.HAL_RCC_GetPCLK1Freq
                0x0000000008006fa4       0x28 Drivers/STM32F1xx_HAL_Driver/Src/stm32f1xx_hal_rcc.o
                0x0000000008006fa4                HAL_RCC_GetPCLK1Freq
 .text.HAL_RCC_GetPCLK2Freq
                0x0000000008006fcc       0x28 Drivers/STM32F1xx_HAL_Driver/Src/stm32f1xx_hal_rcc.o
                0x0000000008006fcc                HAL_RCC_GetPCLK2Freq
 .text.RCC_Delay
                0x0000000008006ff4       0x3c Drivers/STM32F1xx_HAL_Driver/Src/stm32f1xx_hal_rcc.o
 .text.HAL_RCCEx_PeriphCLKConfig
                0x0000000008007030      0x16c Drivers/STM32F1xx_HAL_Driver/Src/stm32f1xx_hal_rcc_ex.o
                0x0000000008007030                HAL_RCCEx_PeriphCLKConfig
 .text.HAL_RCCEx_GetPeriphCLKFreq
                0x000000000800719c      0x1cc Drivers/STM32F1xx_HAL_Driver/Src/stm32f1xx_hal_rcc_ex.o
                0x000000000800719c                HAL_RCCEx_GetPeriphCLKFreq
 .text.HAL_RTC_Init
                0x0000000008007368      0x12c Drivers/STM32F1xx_HAL_Driver/Src/stm32f1xx_hal_rtc.o
                0x0000000008007368                HAL_RTC_Init
 .text.HAL_RTC_WaitForSynchro
                0x0000000008007494       0x5a Drivers/STM32F1xx_HAL_Driver/Src/stm32f1xx_hal_rtc.o
                0x0000000008007494                HAL_RTC_WaitForSynchro
 .text.RTC_EnterInitMode
                0x00000000080074ee       0x50 Drivers/STM32F1xx_HAL_Driver/Src/stm32f1xx_hal_rtc.o
 .text.RTC_ExitInitMode
                0x000000000800753e       0x50 Drivers/STM32F1xx_HAL_Driver/Src/stm32f1xx_hal_rtc.o
 *fill*         0x000000000800758e        0x2 
 .text.HAL_RTCEx_BKUPWrite
                0x0000000008007590       0x34 Drivers/STM32F1xx_HAL_Driver/Src/stm32f1xx_hal_rtc_ex.o
                0x0000000008007590                HAL_RTCEx_BKUPWrite
 .text.HAL_RTCEx_BKUPRead
                0x00000000080075c4       0x38 Drivers/STM32F1xx_HAL_Driver/Src/stm32f1xx_hal_rtc_ex.o
                0x00000000080075c4                HAL_RTCEx_BKUPRead
 .text.HAL_TIM_Base_Init
                0x00000000080075fc       0x9e Drivers/STM32F1xx_HAL_Driver/Src/stm32f1xx_hal_tim.o
                0x00000000080075fc                HAL_TIM_Base_Init
 *fill*         0x000000000800769a        0x2 
 .text.HAL_TIM_Base_Start_IT
                0x000000000800769c       0xc0 Drivers/STM32F1xx_HAL_Driver/Src/stm32f1xx_hal_tim.o
                0x000000000800769c                HAL_TIM_Base_Start_IT
 .text.HAL_TIM_PWM_Init
                0x000000000800775c       0x9e Drivers/STM32F1xx_HAL_Driver/Src/stm32f1xx_hal_tim.o
                0x000000000800775c                HAL_TIM_PWM_Init
 *fill*         0x00000000080077fa        0x2 
 .text.HAL_TIM_PWM_Start
                0x00000000080077fc      0x174 Drivers/STM32F1xx_HAL_Driver/Src/stm32f1xx_hal_tim.o
                0x00000000080077fc                HAL_TIM_PWM_Start
 .text.HAL_TIM_IRQHandler
                0x0000000008007970      0x210 Drivers/STM32F1xx_HAL_Driver/Src/stm32f1xx_hal_tim.o
                0x0000000008007970                HAL_TIM_IRQHandler
 .text.HAL_TIM_PWM_ConfigChannel
                0x0000000008007b80      0x17c Drivers/STM32F1xx_HAL_Driver/Src/stm32f1xx_hal_tim.o
                0x0000000008007b80                HAL_TIM_PWM_ConfigChannel
 .text.HAL_TIM_ConfigClockSource
                0x0000000008007cfc      0x188 Drivers/STM32F1xx_HAL_Driver/Src/stm32f1xx_hal_tim.o
                0x0000000008007cfc                HAL_TIM_ConfigClockSource
 .text.HAL_TIM_OC_DelayElapsedCallback
                0x0000000008007e84       0x12 Drivers/STM32F1xx_HAL_Driver/Src/stm32f1xx_hal_tim.o
                0x0000000008007e84                HAL_TIM_OC_DelayElapsedCallback
 .text.HAL_TIM_IC_CaptureCallback
                0x0000000008007e96       0x12 Drivers/STM32F1xx_HAL_Driver/Src/stm32f1xx_hal_tim.o
                0x0000000008007e96                HAL_TIM_IC_CaptureCallback
 .text.HAL_TIM_PWM_PulseFinishedCallback
                0x0000000008007ea8       0x12 Drivers/STM32F1xx_HAL_Driver/Src/stm32f1xx_hal_tim.o
                0x0000000008007ea8                HAL_TIM_PWM_PulseFinishedCallback
 .text.HAL_TIM_TriggerCallback
                0x0000000008007eba       0x12 Drivers/STM32F1xx_HAL_Driver/Src/stm32f1xx_hal_tim.o
                0x0000000008007eba                HAL_TIM_TriggerCallback
 .text.TIM_Base_SetConfig
                0x0000000008007ecc       0xf4 Drivers/STM32F1xx_HAL_Driver/Src/stm32f1xx_hal_tim.o
                0x0000000008007ecc                TIM_Base_SetConfig
 .text.TIM_OC1_SetConfig
                0x0000000008007fc0       0xe0 Drivers/STM32F1xx_HAL_Driver/Src/stm32f1xx_hal_tim.o
 .text.TIM_OC2_SetConfig
                0x00000000080080a0       0xe8 Drivers/STM32F1xx_HAL_Driver/Src/stm32f1xx_hal_tim.o
                0x00000000080080a0                TIM_OC2_SetConfig
 .text.TIM_OC3_SetConfig
                0x0000000008008188       0xe8 Drivers/STM32F1xx_HAL_Driver/Src/stm32f1xx_hal_tim.o
 .text.TIM_OC4_SetConfig
                0x0000000008008270       0xa8 Drivers/STM32F1xx_HAL_Driver/Src/stm32f1xx_hal_tim.o
 .text.TIM_TI1_ConfigInputStage
                0x0000000008008318       0x5c Drivers/STM32F1xx_HAL_Driver/Src/stm32f1xx_hal_tim.o
 .text.TIM_TI2_ConfigInputStage
                0x0000000008008374       0x5e Drivers/STM32F1xx_HAL_Driver/Src/stm32f1xx_hal_tim.o
 .text.TIM_ITRx_SetConfig
                0x00000000080083d2       0x34 Drivers/STM32F1xx_HAL_Driver/Src/stm32f1xx_hal_tim.o
 .text.TIM_ETR_SetConfig
                0x0000000008008406       0x3e Drivers/STM32F1xx_HAL_Driver/Src/stm32f1xx_hal_tim.o
                0x0000000008008406                TIM_ETR_SetConfig
 .text.TIM_CCxChannelCmd
                0x0000000008008444       0x48 Drivers/STM32F1xx_HAL_Driver/Src/stm32f1xx_hal_tim.o
                0x0000000008008444                TIM_CCxChannelCmd
 .text.HAL_TIMEx_MasterConfigSynchronization
                0x000000000800848c       0xd8 Drivers/STM32F1xx_HAL_Driver/Src/stm32f1xx_hal_tim_ex.o
                0x000000000800848c                HAL_TIMEx_MasterConfigSynchronization
 .text.HAL_TIMEx_CommutCallback
                0x0000000008008564       0x12 Drivers/STM32F1xx_HAL_Driver/Src/stm32f1xx_hal_tim_ex.o
                0x0000000008008564                HAL_TIMEx_CommutCallback
 .text.HAL_TIMEx_BreakCallback
                0x0000000008008576       0x12 Drivers/STM32F1xx_HAL_Driver/Src/stm32f1xx_hal_tim_ex.o
                0x0000000008008576                HAL_TIMEx_BreakCallback
 .text.HAL_UART_Init
                0x0000000008008588       0x9a Drivers/STM32F1xx_HAL_Driver/Src/stm32f1xx_hal_uart.o
                0x0000000008008588                HAL_UART_Init
 .text.HAL_UART_Transmit
                0x0000000008008622      0x124 Drivers/STM32F1xx_HAL_Driver/Src/stm32f1xx_hal_uart.o
                0x0000000008008622                HAL_UART_Transmit
 .text.HAL_UART_Receive
                0x0000000008008746      0x144 Drivers/STM32F1xx_HAL_Driver/Src/stm32f1xx_hal_uart.o
                0x0000000008008746                HAL_UART_Receive
 *fill*         0x000000000800888a        0x2 
 .text.HAL_UART_IRQHandler
                0x000000000800888c      0x354 Drivers/STM32F1xx_HAL_Driver/Src/stm32f1xx_hal_uart.o
                0x000000000800888c                HAL_UART_IRQHandler
 .text.HAL_UART_TxCpltCallback
                0x0000000008008be0       0x12 Drivers/STM32F1xx_HAL_Driver/Src/stm32f1xx_hal_uart.o
                0x0000000008008be0                HAL_UART_TxCpltCallback
 .text.HAL_UART_RxCpltCallback
                0x0000000008008bf2       0x12 Drivers/STM32F1xx_HAL_Driver/Src/stm32f1xx_hal_uart.o
                0x0000000008008bf2                HAL_UART_RxCpltCallback
 .text.HAL_UART_ErrorCallback
                0x0000000008008c04       0x12 Drivers/STM32F1xx_HAL_Driver/Src/stm32f1xx_hal_uart.o
                0x0000000008008c04                HAL_UART_ErrorCallback
 .text.HAL_UARTEx_RxEventCallback
                0x0000000008008c16       0x16 Drivers/STM32F1xx_HAL_Driver/Src/stm32f1xx_hal_uart.o
                0x0000000008008c16                HAL_UARTEx_RxEventCallback
 .text.UART_WaitOnFlagUntilTimeout
                0x0000000008008c2c       0x94 Drivers/STM32F1xx_HAL_Driver/Src/stm32f1xx_hal_uart.o
 .text.UART_EndRxTransfer
                0x0000000008008cc0       0x58 Drivers/STM32F1xx_HAL_Driver/Src/stm32f1xx_hal_uart.o
 .text.UART_DMAAbortOnError
                0x0000000008008d18       0x28 Drivers/STM32F1xx_HAL_Driver/Src/stm32f1xx_hal_uart.o
 .text.UART_Transmit_IT
                0x0000000008008d40       0x9e Drivers/STM32F1xx_HAL_Driver/Src/stm32f1xx_hal_uart.o
 .text.UART_EndTransmit_IT
                0x0000000008008dde       0x30 Drivers/STM32F1xx_HAL_Driver/Src/stm32f1xx_hal_uart.o
 .text.UART_Receive_IT
                0x0000000008008e0e      0x152 Drivers/STM32F1xx_HAL_Driver/Src/stm32f1xx_hal_uart.o
 .text.UART_SetConfig
                0x0000000008008f60      0x11c Drivers/STM32F1xx_HAL_Driver/Src/stm32f1xx_hal_uart.o
 .text.__errno  0x000000000800907c        0xc g:/program files/stm32cubeide/plugins/com.st.stm32cube.ide.mcu.externaltools.gnu-tools-for-stm32.9-2020-q2-update.win32_1.5.0.202011040924/tools/bin/../lib/gcc/arm-none-eabi/9.3.1/../../../../arm-none-eabi/lib/thumb/v7-m/nofp\libc_nano.a(lib_a-errno.o)
                0x000000000800907c                __errno
 .text.__libc_init_array
                0x0000000008009088       0x48 g:/program files/stm32cubeide/plugins/com.st.stm32cube.ide.mcu.externaltools.gnu-tools-for-stm32.9-2020-q2-update.win32_1.5.0.202011040924/tools/bin/../lib/gcc/arm-none-eabi/9.3.1/../../../../arm-none-eabi/lib/thumb/v7-m/nofp\libc_nano.a(lib_a-init.o)
                0x0000000008009088                __libc_init_array
 .text.memcpy   0x00000000080090d0       0x1c g:/program files/stm32cubeide/plugins/com.st.stm32cube.ide.mcu.externaltools.gnu-tools-for-stm32.9-2020-q2-update.win32_1.5.0.202011040924/tools/bin/../lib/gcc/arm-none-eabi/9.3.1/../../../../arm-none-eabi/lib/thumb/v7-m/nofp\libc_nano.a(lib_a-memcpy-stub.o)
                0x00000000080090d0                memcpy
 .text.memset   0x00000000080090ec       0x10 g:/program files/stm32cubeide/plugins/com.st.stm32cube.ide.mcu.externaltools.gnu-tools-for-stm32.9-2020-q2-update.win32_1.5.0.202011040924/tools/bin/../lib/gcc/arm-none-eabi/9.3.1/../../../../arm-none-eabi/lib/thumb/v7-m/nofp\libc_nano.a(lib_a-memset.o)
                0x00000000080090ec                memset
 .text.__cvt    0x00000000080090fc       0xbe g:/program files/stm32cubeide/plugins/com.st.stm32cube.ide.mcu.externaltools.gnu-tools-for-stm32.9-2020-q2-update.win32_1.5.0.202011040924/tools/bin/../lib/gcc/arm-none-eabi/9.3.1/../../../../arm-none-eabi/lib/thumb/v7-m/nofp\libc_nano.a(lib_a-nano-vfprintf_float.o)
                0x00000000080090fc                __cvt
 .text.__exponent
                0x00000000080091ba       0x7c g:/program files/stm32cubeide/plugins/com.st.stm32cube.ide.mcu.externaltools.gnu-tools-for-stm32.9-2020-q2-update.win32_1.5.0.202011040924/tools/bin/../lib/gcc/arm-none-eabi/9.3.1/../../../../arm-none-eabi/lib/thumb/v7-m/nofp\libc_nano.a(lib_a-nano-vfprintf_float.o)
                0x00000000080091ba                __exponent
 *fill*         0x0000000008009236        0x2 
 .text._printf_float
                0x0000000008009238      0x458 g:/program files/stm32cubeide/plugins/com.st.stm32cube.ide.mcu.externaltools.gnu-tools-for-stm32.9-2020-q2-update.win32_1.5.0.202011040924/tools/bin/../lib/gcc/arm-none-eabi/9.3.1/../../../../arm-none-eabi/lib/thumb/v7-m/nofp\libc_nano.a(lib_a-nano-vfprintf_float.o)
                0x0000000008009238                _printf_float
 .text._printf_common
                0x0000000008009690       0xde g:/program files/stm32cubeide/plugins/com.st.stm32cube.ide.mcu.externaltools.gnu-tools-for-stm32.9-2020-q2-update.win32_1.5.0.202011040924/tools/bin/../lib/gcc/arm-none-eabi/9.3.1/../../../../arm-none-eabi/lib/thumb/v7-m/nofp\libc_nano.a(lib_a-nano-vfprintf_i.o)
                0x0000000008009690                _printf_common
 *fill*         0x000000000800976e        0x2 
 .text._printf_i
                0x0000000008009770      0x24c g:/program files/stm32cubeide/plugins/com.st.stm32cube.ide.mcu.externaltools.gnu-tools-for-stm32.9-2020-q2-update.win32_1.5.0.202011040924/tools/bin/../lib/gcc/arm-none-eabi/9.3.1/../../../../arm-none-eabi/lib/thumb/v7-m/nofp\libc_nano.a(lib_a-nano-vfprintf_i.o)
                0x0000000008009770                _printf_i
 .text._scanf_float
                0x00000000080099bc      0x424 g:/program files/stm32cubeide/plugins/com.st.stm32cube.ide.mcu.externaltools.gnu-tools-for-stm32.9-2020-q2-update.win32_1.5.0.202011040924/tools/bin/../lib/gcc/arm-none-eabi/9.3.1/../../../../arm-none-eabi/lib/thumb/v7-m/nofp\libc_nano.a(lib_a-nano-vfscanf_float.o)
                0x00000000080099bc                _scanf_float
 .text.nanf     0x0000000008009de0        0x8 g:/program files/stm32cubeide/plugins/com.st.stm32cube.ide.mcu.externaltools.gnu-tools-for-stm32.9-2020-q2-update.win32_1.5.0.202011040924/tools/bin/../lib/gcc/arm-none-eabi/9.3.1/../../../../arm-none-eabi/lib/thumb/v7-m/nofp\libc_nano.a(lib_a-sf_nan.o)
                0x0000000008009de0                nanf
 .text.sprintf  0x0000000008009de8       0x40 g:/program files/stm32cubeide/plugins/com.st.stm32cube.ide.mcu.externaltools.gnu-tools-for-stm32.9-2020-q2-update.win32_1.5.0.202011040924/tools/bin/../lib/gcc/arm-none-eabi/9.3.1/../../../../arm-none-eabi/lib/thumb/v7-m/nofp\libc_nano.a(lib_a-sprintf.o)
                0x0000000008009de8                siprintf
                0x0000000008009de8                sprintf
 .text.sulp     0x0000000008009e28       0x42 g:/program files/stm32cubeide/plugins/com.st.stm32cube.ide.mcu.externaltools.gnu-tools-for-stm32.9-2020-q2-update.win32_1.5.0.202011040924/tools/bin/../lib/gcc/arm-none-eabi/9.3.1/../../../../arm-none-eabi/lib/thumb/v7-m/nofp\libc_nano.a(lib_a-strtod.o)
 *fill*         0x0000000008009e6a        0x6 
 .text._strtod_l
                0x0000000008009e70      0xbe8 g:/program files/stm32cubeide/plugins/com.st.stm32cube.ide.mcu.externaltools.gnu-tools-for-stm32.9-2020-q2-update.win32_1.5.0.202011040924/tools/bin/../lib/gcc/arm-none-eabi/9.3.1/../../../../arm-none-eabi/lib/thumb/v7-m/nofp\libc_nano.a(lib_a-strtod.o)
                0x0000000008009e70                _strtod_l
 .text._strtod_r
                0x000000000800aa58        0xc g:/program files/stm32cubeide/plugins/com.st.stm32cube.ide.mcu.externaltools.gnu-tools-for-stm32.9-2020-q2-update.win32_1.5.0.202011040924/tools/bin/../lib/gcc/arm-none-eabi/9.3.1/../../../../arm-none-eabi/lib/thumb/v7-m/nofp\libc_nano.a(lib_a-strtod.o)
                0x000000000800aa58                _strtod_r
 .text._strtol_l.isra.0
                0x000000000800aa64      0x10c g:/program files/stm32cubeide/plugins/com.st.stm32cube.ide.mcu.externaltools.gnu-tools-for-stm32.9-2020-q2-update.win32_1.5.0.202011040924/tools/bin/../lib/gcc/arm-none-eabi/9.3.1/../../../../arm-none-eabi/lib/thumb/v7-m/nofp\libc_nano.a(lib_a-strtol.o)
 .text._strtol_r
                0x000000000800ab70        0x4 g:/program files/stm32cubeide/plugins/com.st.stm32cube.ide.mcu.externaltools.gnu-tools-for-stm32.9-2020-q2-update.win32_1.5.0.202011040924/tools/bin/../lib/gcc/arm-none-eabi/9.3.1/../../../../arm-none-eabi/lib/thumb/v7-m/nofp\libc_nano.a(lib_a-strtol.o)
                0x000000000800ab70                _strtol_r
 .text.quorem   0x000000000800ab74      0x11a g:/program files/stm32cubeide/plugins/com.st.stm32cube.ide.mcu.externaltools.gnu-tools-for-stm32.9-2020-q2-update.win32_1.5.0.202011040924/tools/bin/../lib/gcc/arm-none-eabi/9.3.1/../../../../arm-none-eabi/lib/thumb/v7-m/nofp\libc_nano.a(lib_a-dtoa.o)
 *fill*         0x000000000800ac8e        0x2 
 .text._dtoa_r  0x000000000800ac90      0xbdc g:/program files/stm32cubeide/plugins/com.st.stm32cube.ide.mcu.externaltools.gnu-tools-for-stm32.9-2020-q2-update.win32_1.5.0.202011040924/tools/bin/../lib/gcc/arm-none-eabi/9.3.1/../../../../arm-none-eabi/lib/thumb/v7-m/nofp\libc_nano.a(lib_a-dtoa.o)
                0x000000000800ac90                _dtoa_r
 .text.rshift   0x000000000800b86c       0xa6 g:/program files/stm32cubeide/plugins/com.st.stm32cube.ide.mcu.externaltools.gnu-tools-for-stm32.9-2020-q2-update.win32_1.5.0.202011040924/tools/bin/../lib/gcc/arm-none-eabi/9.3.1/../../../../arm-none-eabi/lib/thumb/v7-m/nofp\libc_nano.a(lib_a-gdtoa-gethex.o)
 .text.__hexdig_fun
                0x000000000800b912       0x2a g:/program files/stm32cubeide/plugins/com.st.stm32cube.ide.mcu.externaltools.gnu-tools-for-stm32.9-2020-q2-update.win32_1.5.0.202011040924/tools/bin/../lib/gcc/arm-none-eabi/9.3.1/../../../../arm-none-eabi/lib/thumb/v7-m/nofp\libc_nano.a(lib_a-gdtoa-gethex.o)
                0x000000000800b912                __hexdig_fun
 .text.__gethex
                0x000000000800b93c      0x478 g:/program files/stm32cubeide/plugins/com.st.stm32cube.ide.mcu.externaltools.gnu-tools-for-stm32.9-2020-q2-update.win32_1.5.0.202011040924/tools/bin/../lib/gcc/arm-none-eabi/9.3.1/../../../../arm-none-eabi/lib/thumb/v7-m/nofp\libc_nano.a(lib_a-gdtoa-gethex.o)
                0x000000000800b93c                __gethex
 .text.L_shift  0x000000000800bdb4       0x24 g:/program files/stm32cubeide/plugins/com.st.stm32cube.ide.mcu.externaltools.gnu-tools-for-stm32.9-2020-q2-update.win32_1.5.0.202011040924/tools/bin/../lib/gcc/arm-none-eabi/9.3.1/../../../../arm-none-eabi/lib/thumb/v7-m/nofp\libc_nano.a(lib_a-gdtoa-hexnan.o)
 .text.__match  0x000000000800bdd8       0x28 g:/program files/stm32cubeide/plugins/com.st.stm32cube.ide.mcu.externaltools.gnu-tools-for-stm32.9-2020-q2-update.win32_1.5.0.202011040924/tools/bin/../lib/gcc/arm-none-eabi/9.3.1/../../../../arm-none-eabi/lib/thumb/v7-m/nofp\libc_nano.a(lib_a-gdtoa-hexnan.o)
                0x000000000800bdd8                __match
 .text.__hexnan
                0x000000000800be00      0x138 g:/program files/stm32cubeide/plugins/com.st.stm32cube.ide.mcu.externaltools.gnu-tools-for-stm32.9-2020-q2-update.win32_1.5.0.202011040924/tools/bin/../lib/gcc/arm-none-eabi/9.3.1/../../../../arm-none-eabi/lib/thumb/v7-m/nofp\libc_nano.a(lib_a-gdtoa-hexnan.o)
                0x000000000800be00                __hexnan
 .text._localeconv_r
                0x000000000800bf38        0x8 g:/program files/stm32cubeide/plugins/com.st.stm32cube.ide.mcu.externaltools.gnu-tools-for-stm32.9-2020-q2-update.win32_1.5.0.202011040924/tools/bin/../lib/gcc/arm-none-eabi/9.3.1/../../../../arm-none-eabi/lib/thumb/v7-m/nofp\libc_nano.a(lib_a-localeconv.o)
                0x000000000800bf38                _localeconv_r
 .text.malloc   0x000000000800bf40       0x10 g:/program files/stm32cubeide/plugins/com.st.stm32cube.ide.mcu.externaltools.gnu-tools-for-stm32.9-2020-q2-update.win32_1.5.0.202011040924/tools/bin/../lib/gcc/arm-none-eabi/9.3.1/../../../../arm-none-eabi/lib/thumb/v7-m/nofp\libc_nano.a(lib_a-malloc.o)
                0x000000000800bf40                malloc
 .text.__ascii_mbtowc
                0x000000000800bf50       0x24 g:/program files/stm32cubeide/plugins/com.st.stm32cube.ide.mcu.externaltools.gnu-tools-for-stm32.9-2020-q2-update.win32_1.5.0.202011040924/tools/bin/../lib/gcc/arm-none-eabi/9.3.1/../../../../arm-none-eabi/lib/thumb/v7-m/nofp\libc_nano.a(lib_a-mbtowc_r.o)
                0x000000000800bf50                __ascii_mbtowc
 .text.memchr   0x000000000800bf74       0x1c g:/program files/stm32cubeide/plugins/com.st.stm32cube.ide.mcu.externaltools.gnu-tools-for-stm32.9-2020-q2-update.win32_1.5.0.202011040924/tools/bin/../lib/gcc/arm-none-eabi/9.3.1/../../../../arm-none-eabi/lib/thumb/v7-m/nofp\libc_nano.a(lib_a-memchr-stub.o)
                0x000000000800bf74                memchr
 .text._Balloc  0x000000000800bf90       0x80 g:/program files/stm32cubeide/plugins/com.st.stm32cube.ide.mcu.externaltools.gnu-tools-for-stm32.9-2020-q2-update.win32_1.5.0.202011040924/tools/bin/../lib/gcc/arm-none-eabi/9.3.1/../../../../arm-none-eabi/lib/thumb/v7-m/nofp\libc_nano.a(lib_a-mprec.o)
                0x000000000800bf90                _Balloc
 .text._Bfree   0x000000000800c010       0x44 g:/program files/stm32cubeide/plugins/com.st.stm32cube.ide.mcu.externaltools.gnu-tools-for-stm32.9-2020-q2-update.win32_1.5.0.202011040924/tools/bin/../lib/gcc/arm-none-eabi/9.3.1/../../../../arm-none-eabi/lib/thumb/v7-m/nofp\libc_nano.a(lib_a-mprec.o)
                0x000000000800c010                _Bfree
 .text.__multadd
                0x000000000800c054       0x94 g:/program files/stm32cubeide/plugins/com.st.stm32cube.ide.mcu.externaltools.gnu-tools-for-stm32.9-2020-q2-update.win32_1.5.0.202011040924/tools/bin/../lib/gcc/arm-none-eabi/9.3.1/../../../../arm-none-eabi/lib/thumb/v7-m/nofp\libc_nano.a(lib_a-mprec.o)
                0x000000000800c054                __multadd
 .text.__s2b    0x000000000800c0e8       0x94 g:/program files/stm32cubeide/plugins/com.st.stm32cube.ide.mcu.externaltools.gnu-tools-for-stm32.9-2020-q2-update.win32_1.5.0.202011040924/tools/bin/../lib/gcc/arm-none-eabi/9.3.1/../../../../arm-none-eabi/lib/thumb/v7-m/nofp\libc_nano.a(lib_a-mprec.o)
                0x000000000800c0e8                __s2b
 .text.__hi0bits
                0x000000000800c17c       0x40 g:/program files/stm32cubeide/plugins/com.st.stm32cube.ide.mcu.externaltools.gnu-tools-for-stm32.9-2020-q2-update.win32_1.5.0.202011040924/tools/bin/../lib/gcc/arm-none-eabi/9.3.1/../../../../arm-none-eabi/lib/thumb/v7-m/nofp\libc_nano.a(lib_a-mprec.o)
                0x000000000800c17c                __hi0bits
 .text.__lo0bits
                0x000000000800c1bc       0x5c g:/program files/stm32cubeide/plugins/com.st.stm32cube.ide.mcu.externaltools.gnu-tools-for-stm32.9-2020-q2-update.win32_1.5.0.202011040924/tools/bin/../lib/gcc/arm-none-eabi/9.3.1/../../../../arm-none-eabi/lib/thumb/v7-m/nofp\libc_nano.a(lib_a-mprec.o)
                0x000000000800c1bc                __lo0bits
 .text.__i2b    0x000000000800c218       0x2c g:/program files/stm32cubeide/plugins/com.st.stm32cube.ide.mcu.externaltools.gnu-tools-for-stm32.9-2020-q2-update.win32_1.5.0.202011040924/tools/bin/../lib/gcc/arm-none-eabi/9.3.1/../../../../arm-none-eabi/lib/thumb/v7-m/nofp\libc_nano.a(lib_a-mprec.o)
                0x000000000800c218                __i2b
 .text.__multiply
                0x000000000800c244      0x148 g:/program files/stm32cubeide/plugins/com.st.stm32cube.ide.mcu.externaltools.gnu-tools-for-stm32.9-2020-q2-update.win32_1.5.0.202011040924/tools/bin/../lib/gcc/arm-none-eabi/9.3.1/../../../../arm-none-eabi/lib/thumb/v7-m/nofp\libc_nano.a(lib_a-mprec.o)
                0x000000000800c244                __multiply
 .text.__pow5mult
                0x000000000800c38c       0xb4 g:/program files/stm32cubeide/plugins/com.st.stm32cube.ide.mcu.externaltools.gnu-tools-for-stm32.9-2020-q2-update.win32_1.5.0.202011040924/tools/bin/../lib/gcc/arm-none-eabi/9.3.1/../../../../arm-none-eabi/lib/thumb/v7-m/nofp\libc_nano.a(lib_a-mprec.o)
                0x000000000800c38c                __pow5mult
 .text.__lshift
                0x000000000800c440       0xd8 g:/program files/stm32cubeide/plugins/com.st.stm32cube.ide.mcu.externaltools.gnu-tools-for-stm32.9-2020-q2-update.win32_1.5.0.202011040924/tools/bin/../lib/gcc/arm-none-eabi/9.3.1/../../../../arm-none-eabi/lib/thumb/v7-m/nofp\libc_nano.a(lib_a-mprec.o)
                0x000000000800c440                __lshift
 .text.__mcmp   0x000000000800c518       0x36 g:/program files/stm32cubeide/plugins/com.st.stm32cube.ide.mcu.externaltools.gnu-tools-for-stm32.9-2020-q2-update.win32_1.5.0.202011040924/tools/bin/../lib/gcc/arm-none-eabi/9.3.1/../../../../arm-none-eabi/lib/thumb/v7-m/nofp\libc_nano.a(lib_a-mprec.o)
                0x000000000800c518                __mcmp
 *fill*         0x000000000800c54e        0x2 
 .text.__mdiff  0x000000000800c550      0x120 g:/program files/stm32cubeide/plugins/com.st.stm32cube.ide.mcu.externaltools.gnu-tools-for-stm32.9-2020-q2-update.win32_1.5.0.202011040924/tools/bin/../lib/gcc/arm-none-eabi/9.3.1/../../../../arm-none-eabi/lib/thumb/v7-m/nofp\libc_nano.a(lib_a-mprec.o)
                0x000000000800c550                __mdiff
 .text.__ulp    0x000000000800c670       0x4c g:/program files/stm32cubeide/plugins/com.st.stm32cube.ide.mcu.externaltools.gnu-tools-for-stm32.9-2020-q2-update.win32_1.5.0.202011040924/tools/bin/../lib/gcc/arm-none-eabi/9.3.1/../../../../arm-none-eabi/lib/thumb/v7-m/nofp\libc_nano.a(lib_a-mprec.o)
                0x000000000800c670                __ulp
 .text.__b2d    0x000000000800c6bc       0xa8 g:/program files/stm32cubeide/plugins/com.st.stm32cube.ide.mcu.externaltools.gnu-tools-for-stm32.9-2020-q2-update.win32_1.5.0.202011040924/tools/bin/../lib/gcc/arm-none-eabi/9.3.1/../../../../arm-none-eabi/lib/thumb/v7-m/nofp\libc_nano.a(lib_a-mprec.o)
                0x000000000800c6bc                __b2d
 .text.__d2b    0x000000000800c764       0xb8 g:/program files/stm32cubeide/plugins/com.st.stm32cube.ide.mcu.externaltools.gnu-tools-for-stm32.9-2020-q2-update.win32_1.5.0.202011040924/tools/bin/../lib/gcc/arm-none-eabi/9.3.1/../../../../arm-none-eabi/lib/thumb/v7-m/nofp\libc_nano.a(lib_a-mprec.o)
                0x000000000800c764                __d2b
 .text.__ratio  0x000000000800c81c       0x5c g:/program files/stm32cubeide/plugins/com.st.stm32cube.ide.mcu.externaltools.gnu-tools-for-stm32.9-2020-q2-update.win32_1.5.0.202011040924/tools/bin/../lib/gcc/arm-none-eabi/9.3.1/../../../../arm-none-eabi/lib/thumb/v7-m/nofp\libc_nano.a(lib_a-mprec.o)
                0x000000000800c81c                __ratio
 .text.__copybits
                0x000000000800c878       0x46 g:/program files/stm32cubeide/plugins/com.st.stm32cube.ide.mcu.externaltools.gnu-tools-for-stm32.9-2020-q2-update.win32_1.5.0.202011040924/tools/bin/../lib/gcc/arm-none-eabi/9.3.1/../../../../arm-none-eabi/lib/thumb/v7-m/nofp\libc_nano.a(lib_a-mprec.o)
                0x000000000800c878                __copybits
 .text.__any_on
                0x000000000800c8be       0x42 g:/program files/stm32cubeide/plugins/com.st.stm32cube.ide.mcu.externaltools.gnu-tools-for-stm32.9-2020-q2-update.win32_1.5.0.202011040924/tools/bin/../lib/gcc/arm-none-eabi/9.3.1/../../../../arm-none-eabi/lib/thumb/v7-m/nofp\libc_nano.a(lib_a-mprec.o)
                0x000000000800c8be                __any_on
 .text._calloc_r
                0x000000000800c900       0x1c g:/program files/stm32cubeide/plugins/com.st.stm32cube.ide.mcu.externaltools.gnu-tools-for-stm32.9-2020-q2-update.win32_1.5.0.202011040924/tools/bin/../lib/gcc/arm-none-eabi/9.3.1/../../../../arm-none-eabi/lib/thumb/v7-m/nofp\libc_nano.a(lib_a-nano-callocr.o)
                0x000000000800c900                _calloc_r
 .text._free_r  0x000000000800c91c       0x98 g:/program files/stm32cubeide/plugins/com.st.stm32cube.ide.mcu.externaltools.gnu-tools-for-stm32.9-2020-q2-update.win32_1.5.0.202011040924/tools/bin/../lib/gcc/arm-none-eabi/9.3.1/../../../../arm-none-eabi/lib/thumb/v7-m/nofp\libc_nano.a(lib_a-nano-freer.o)
                0x000000000800c91c                _free_r
 .text._malloc_r
                0x000000000800c9b4       0xb4 g:/program files/stm32cubeide/plugins/com.st.stm32cube.ide.mcu.externaltools.gnu-tools-for-stm32.9-2020-q2-update.win32_1.5.0.202011040924/tools/bin/../lib/gcc/arm-none-eabi/9.3.1/../../../../arm-none-eabi/lib/thumb/v7-m/nofp\libc_nano.a(lib_a-nano-mallocr.o)
                0x000000000800c9b4                _malloc_r
 .text.__ssputs_r
                0x000000000800ca68       0xb6 g:/program files/stm32cubeide/plugins/com.st.stm32cube.ide.mcu.externaltools.gnu-tools-for-stm32.9-2020-q2-update.win32_1.5.0.202011040924/tools/bin/../lib/gcc/arm-none-eabi/9.3.1/../../../../arm-none-eabi/lib/thumb/v7-m/nofp\libc_nano.a(lib_a-nano-svfprintf.o)
                0x000000000800ca68                __ssputs_r
 *fill*         0x000000000800cb1e        0x2 
 .text._svfprintf_r
                0x000000000800cb20      0x200 g:/program files/stm32cubeide/plugins/com.st.stm32cube.ide.mcu.externaltools.gnu-tools-for-stm32.9-2020-q2-update.win32_1.5.0.202011040924/tools/bin/../lib/gcc/arm-none-eabi/9.3.1/../../../../arm-none-eabi/lib/thumb/v7-m/nofp\libc_nano.a(lib_a-nano-svfprintf.o)
                0x000000000800cb20                _svfiprintf_r
                0x000000000800cb20                _svfprintf_r
 .text.nan      0x000000000800cd20        0xc g:/program files/stm32cubeide/plugins/com.st.stm32cube.ide.mcu.externaltools.gnu-tools-for-stm32.9-2020-q2-update.win32_1.5.0.202011040924/tools/bin/../lib/gcc/arm-none-eabi/9.3.1/../../../../arm-none-eabi/lib/thumb/v7-m/nofp\libc_nano.a(lib_a-s_nan.o)
                0x000000000800cd20                nan
 .text._sbrk_r  0x000000000800cd2c       0x20 g:/program files/stm32cubeide/plugins/com.st.stm32cube.ide.mcu.externaltools.gnu-tools-for-stm32.9-2020-q2-update.win32_1.5.0.202011040924/tools/bin/../lib/gcc/arm-none-eabi/9.3.1/../../../../arm-none-eabi/lib/thumb/v7-m/nofp\libc_nano.a(lib_a-sbrkr.o)
                0x000000000800cd2c                _sbrk_r
 .text.strncmp  0x000000000800cd4c       0x24 g:/program files/stm32cubeide/plugins/com.st.stm32cube.ide.mcu.externaltools.gnu-tools-for-stm32.9-2020-q2-update.win32_1.5.0.202011040924/tools/bin/../lib/gcc/arm-none-eabi/9.3.1/../../../../arm-none-eabi/lib/thumb/v7-m/nofp\libc_nano.a(lib_a-strncmp.o)
                0x000000000800cd4c                strncmp
 .text.__ascii_wctomb
                0x000000000800cd70       0x1a g:/program files/stm32cubeide/plugins/com.st.stm32cube.ide.mcu.externaltools.gnu-tools-for-stm32.9-2020-q2-update.win32_1.5.0.202011040924/tools/bin/../lib/gcc/arm-none-eabi/9.3.1/../../../../arm-none-eabi/lib/thumb/v7-m/nofp\libc_nano.a(lib_a-wctomb_r.o)
                0x000000000800cd70                __ascii_wctomb
 *fill*         0x000000000800cd8a        0x2 
 .text.__assert_func
                0x000000000800cd8c       0x3c g:/program files/stm32cubeide/plugins/com.st.stm32cube.ide.mcu.externaltools.gnu-tools-for-stm32.9-2020-q2-update.win32_1.5.0.202011040924/tools/bin/../lib/gcc/arm-none-eabi/9.3.1/../../../../arm-none-eabi/lib/thumb/v7-m/nofp\libc_nano.a(lib_a-assert.o)
                0x000000000800cd8c                __assert_func
 .text.fprintf  0x000000000800cdc8       0x24 g:/program files/stm32cubeide/plugins/com.st.stm32cube.ide.mcu.externaltools.gnu-tools-for-stm32.9-2020-q2-update.win32_1.5.0.202011040924/tools/bin/../lib/gcc/arm-none-eabi/9.3.1/../../../../arm-none-eabi/lib/thumb/v7-m/nofp\libc_nano.a(lib_a-fprintf.o)
                0x000000000800cdc8                fiprintf
                0x000000000800cdc8                fprintf
 .text.memmove  0x000000000800cdec       0x34 g:/program files/stm32cubeide/plugins/com.st.stm32cube.ide.mcu.externaltools.gnu-tools-for-stm32.9-2020-q2-update.win32_1.5.0.202011040924/tools/bin/../lib/gcc/arm-none-eabi/9.3.1/../../../../arm-none-eabi/lib/thumb/v7-m/nofp\libc_nano.a(lib_a-memmove.o)
                0x000000000800cdec                memmove
 .text.__malloc_lock
                0x000000000800ce20        0xc g:/program files/stm32cubeide/plugins/com.st.stm32cube.ide.mcu.externaltools.gnu-tools-for-stm32.9-2020-q2-update.win32_1.5.0.202011040924/tools/bin/../lib/gcc/arm-none-eabi/9.3.1/../../../../arm-none-eabi/lib/thumb/v7-m/nofp\libc_nano.a(lib_a-mlock.o)
                0x000000000800ce20                __malloc_lock
 .text.__malloc_unlock
                0x000000000800ce2c        0xc g:/program files/stm32cubeide/plugins/com.st.stm32cube.ide.mcu.externaltools.gnu-tools-for-stm32.9-2020-q2-update.win32_1.5.0.202011040924/tools/bin/../lib/gcc/arm-none-eabi/9.3.1/../../../../arm-none-eabi/lib/thumb/v7-m/nofp\libc_nano.a(lib_a-mlock.o)
                0x000000000800ce2c                __malloc_unlock
 .text._realloc_r
                0x000000000800ce38       0x4c g:/program files/stm32cubeide/plugins/com.st.stm32cube.ide.mcu.externaltools.gnu-tools-for-stm32.9-2020-q2-update.win32_1.5.0.202011040924/tools/bin/../lib/gcc/arm-none-eabi/9.3.1/../../../../arm-none-eabi/lib/thumb/v7-m/nofp\libc_nano.a(lib_a-nano-reallocr.o)
                0x000000000800ce38                _realloc_r
 .text.__sfputc_r
                0x000000000800ce84       0x2a g:/program files/stm32cubeide/plugins/com.st.stm32cube.ide.mcu.externaltools.gnu-tools-for-stm32.9-2020-q2-update.win32_1.5.0.202011040924/tools/bin/../lib/gcc/arm-none-eabi/9.3.1/../../../../arm-none-eabi/lib/thumb/v7-m/nofp\libc_nano.a(lib_a-nano-vfprintf.o)
 .text.__sfputs_r
                0x000000000800ceae       0x24 g:/program files/stm32cubeide/plugins/com.st.stm32cube.ide.mcu.externaltools.gnu-tools-for-stm32.9-2020-q2-update.win32_1.5.0.202011040924/tools/bin/../lib/gcc/arm-none-eabi/9.3.1/../../../../arm-none-eabi/lib/thumb/v7-m/nofp\libc_nano.a(lib_a-nano-vfprintf.o)
                0x000000000800ceae                __sfputs_r
 *fill*         0x000000000800ced2        0x2 
 .text._vfprintf_r
                0x000000000800ced4      0x260 g:/program files/stm32cubeide/plugins/com.st.stm32cube.ide.mcu.externaltools.gnu-tools-for-stm32.9-2020-q2-update.win32_1.5.0.202011040924/tools/bin/../lib/gcc/arm-none-eabi/9.3.1/../../../../arm-none-eabi/lib/thumb/v7-m/nofp\libc_nano.a(lib_a-nano-vfprintf.o)
                0x000000000800ced4                _vfprintf_r
                0x000000000800ced4                _vfiprintf_r
 .text.__swbuf_r
                0x000000000800d134       0xa4 g:/program files/stm32cubeide/plugins/com.st.stm32cube.ide.mcu.externaltools.gnu-tools-for-stm32.9-2020-q2-update.win32_1.5.0.202011040924/tools/bin/../lib/gcc/arm-none-eabi/9.3.1/../../../../arm-none-eabi/lib/thumb/v7-m/nofp\libc_nano.a(lib_a-wbuf.o)
                0x000000000800d134                __swbuf_r
 .text.__swsetup_r
                0x000000000800d1d8       0xdc g:/program files/stm32cubeide/plugins/com.st.stm32cube.ide.mcu.externaltools.gnu-tools-for-stm32.9-2020-q2-update.win32_1.5.0.202011040924/tools/bin/../lib/gcc/arm-none-eabi/9.3.1/../../../../arm-none-eabi/lib/thumb/v7-m/nofp\libc_nano.a(lib_a-wsetup.o)
                0x000000000800d1d8                __swsetup_r
 .text.abort    0x000000000800d2b4        0xe g:/program files/stm32cubeide/plugins/com.st.stm32cube.ide.mcu.externaltools.gnu-tools-for-stm32.9-2020-q2-update.win32_1.5.0.202011040924/tools/bin/../lib/gcc/arm-none-eabi/9.3.1/../../../../arm-none-eabi/lib/thumb/v7-m/nofp\libc_nano.a(lib_a-abort.o)
                0x000000000800d2b4                abort
 *fill*         0x000000000800d2c2        0x2 
 .text.__sflush_r
                0x000000000800d2c4      0x10c g:/program files/stm32cubeide/plugins/com.st.stm32cube.ide.mcu.externaltools.gnu-tools-for-stm32.9-2020-q2-update.win32_1.5.0.202011040924/tools/bin/../lib/gcc/arm-none-eabi/9.3.1/../../../../arm-none-eabi/lib/thumb/v7-m/nofp\libc_nano.a(lib_a-fflush.o)
                0x000000000800d2c4                __sflush_r
 .text._fflush_r
                0x000000000800d3d0       0x78 g:/program files/stm32cubeide/plugins/com.st.stm32cube.ide.mcu.externaltools.gnu-tools-for-stm32.9-2020-q2-update.win32_1.5.0.202011040924/tools/bin/../lib/gcc/arm-none-eabi/9.3.1/../../../../arm-none-eabi/lib/thumb/v7-m/nofp\libc_nano.a(lib_a-fflush.o)
                0x000000000800d3d0                _fflush_r
 .text.std      0x000000000800d448       0x48 g:/program files/stm32cubeide/plugins/com.st.stm32cube.ide.mcu.externaltools.gnu-tools-for-stm32.9-2020-q2-update.win32_1.5.0.202011040924/tools/bin/../lib/gcc/arm-none-eabi/9.3.1/../../../../arm-none-eabi/lib/thumb/v7-m/nofp\libc_nano.a(lib_a-findfp.o)
 .text._cleanup_r
                0x000000000800d490        0xc g:/program files/stm32cubeide/plugins/com.st.stm32cube.ide.mcu.externaltools.gnu-tools-for-stm32.9-2020-q2-update.win32_1.5.0.202011040924/tools/bin/../lib/gcc/arm-none-eabi/9.3.1/../../../../arm-none-eabi/lib/thumb/v7-m/nofp\libc_nano.a(lib_a-findfp.o)
                0x000000000800d490                _cleanup_r
 .text.__sfmoreglue
                0x000000000800d49c       0x2c g:/program files/stm32cubeide/plugins/com.st.stm32cube.ide.mcu.externaltools.gnu-tools-for-stm32.9-2020-q2-update.win32_1.5.0.202011040924/tools/bin/../lib/gcc/arm-none-eabi/9.3.1/../../../../arm-none-eabi/lib/thumb/v7-m/nofp\libc_nano.a(lib_a-findfp.o)
                0x000000000800d49c                __sfmoreglue
 .text.__sfp_lock_acquire
                0x000000000800d4c8        0xc g:/program files/stm32cubeide/plugins/com.st.stm32cube.ide.mcu.externaltools.gnu-tools-for-stm32.9-2020-q2-update.win32_1.5.0.202011040924/tools/bin/../lib/gcc/arm-none-eabi/9.3.1/../../../../arm-none-eabi/lib/thumb/v7-m/nofp\libc_nano.a(lib_a-findfp.o)
                0x000000000800d4c8                __sfp_lock_acquire
 .text.__sfp_lock_release
                0x000000000800d4d4        0xc g:/program files/stm32cubeide/plugins/com.st.stm32cube.ide.mcu.externaltools.gnu-tools-for-stm32.9-2020-q2-update.win32_1.5.0.202011040924/tools/bin/../lib/gcc/arm-none-eabi/9.3.1/../../../../arm-none-eabi/lib/thumb/v7-m/nofp\libc_nano.a(lib_a-findfp.o)
                0x000000000800d4d4                __sfp_lock_release
 .text.__sinit_lock_acquire
                0x000000000800d4e0        0xc g:/program files/stm32cubeide/plugins/com.st.stm32cube.ide.mcu.externaltools.gnu-tools-for-stm32.9-2020-q2-update.win32_1.5.0.202011040924/tools/bin/../lib/gcc/arm-none-eabi/9.3.1/../../../../arm-none-eabi/lib/thumb/v7-m/nofp\libc_nano.a(lib_a-findfp.o)
                0x000000000800d4e0                __sinit_lock_acquire
 .text.__sinit_lock_release
                0x000000000800d4ec        0xc g:/program files/stm32cubeide/plugins/com.st.stm32cube.ide.mcu.externaltools.gnu-tools-for-stm32.9-2020-q2-update.win32_1.5.0.202011040924/tools/bin/../lib/gcc/arm-none-eabi/9.3.1/../../../../arm-none-eabi/lib/thumb/v7-m/nofp\libc_nano.a(lib_a-findfp.o)
                0x000000000800d4ec                __sinit_lock_release
 .text.__sinit  0x000000000800d4f8       0x70 g:/program files/stm32cubeide/plugins/com.st.stm32cube.ide.mcu.externaltools.gnu-tools-for-stm32.9-2020-q2-update.win32_1.5.0.202011040924/tools/bin/../lib/gcc/arm-none-eabi/9.3.1/../../../../arm-none-eabi/lib/thumb/v7-m/nofp\libc_nano.a(lib_a-findfp.o)
                0x000000000800d4f8                __sinit
 .text.__sfp    0x000000000800d568       0x8c g:/program files/stm32cubeide/plugins/com.st.stm32cube.ide.mcu.externaltools.gnu-tools-for-stm32.9-2020-q2-update.win32_1.5.0.202011040924/tools/bin/../lib/gcc/arm-none-eabi/9.3.1/../../../../arm-none-eabi/lib/thumb/v7-m/nofp\libc_nano.a(lib_a-findfp.o)
                0x000000000800d568                __sfp
 .text._fwalk_reent
                0x000000000800d5f4       0x3e g:/program files/stm32cubeide/plugins/com.st.stm32cube.ide.mcu.externaltools.gnu-tools-for-stm32.9-2020-q2-update.win32_1.5.0.202011040924/tools/bin/../lib/gcc/arm-none-eabi/9.3.1/../../../../arm-none-eabi/lib/thumb/v7-m/nofp\libc_nano.a(lib_a-fwalk.o)
                0x000000000800d5f4                _fwalk_reent
 .text.__retarget_lock_init_recursive
                0x000000000800d632        0x2 g:/program files/stm32cubeide/plugins/com.st.stm32cube.ide.mcu.externaltools.gnu-tools-for-stm32.9-2020-q2-update.win32_1.5.0.202011040924/tools/bin/../lib/gcc/arm-none-eabi/9.3.1/../../../../arm-none-eabi/lib/thumb/v7-m/nofp\libc_nano.a(lib_a-lock.o)
                0x000000000800d632                __retarget_lock_init_recursive
 .text.__retarget_lock_acquire_recursive
                0x000000000800d634        0x2 g:/program files/stm32cubeide/plugins/com.st.stm32cube.ide.mcu.externaltools.gnu-tools-for-stm32.9-2020-q2-update.win32_1.5.0.202011040924/tools/bin/../lib/gcc/arm-none-eabi/9.3.1/../../../../arm-none-eabi/lib/thumb/v7-m/nofp\libc_nano.a(lib_a-lock.o)
                0x000000000800d634                __retarget_lock_acquire_recursive
 .text.__retarget_lock_release_recursive
                0x000000000800d636        0x2 g:/program files/stm32cubeide/plugins/com.st.stm32cube.ide.mcu.externaltools.gnu-tools-for-stm32.9-2020-q2-update.win32_1.5.0.202011040924/tools/bin/../lib/gcc/arm-none-eabi/9.3.1/../../../../arm-none-eabi/lib/thumb/v7-m/nofp\libc_nano.a(lib_a-lock.o)
                0x000000000800d636                __retarget_lock_release_recursive
 .text.__swhatbuf_r
                0x000000000800d638       0x48 g:/program files/stm32cubeide/plugins/com.st.stm32cube.ide.mcu.externaltools.gnu-tools-for-stm32.9-2020-q2-update.win32_1.5.0.202011040924/tools/bin/../lib/gcc/arm-none-eabi/9.3.1/../../../../arm-none-eabi/lib/thumb/v7-m/nofp\libc_nano.a(lib_a-makebuf.o)
                0x000000000800d638                __swhatbuf_r
 .text.__smakebuf_r
                0x000000000800d680       0x80 g:/program files/stm32cubeide/plugins/com.st.stm32cube.ide.mcu.externaltools.gnu-tools-for-stm32.9-2020-q2-update.win32_1.5.0.202011040924/tools/bin/../lib/gcc/arm-none-eabi/9.3.1/../../../../arm-none-eabi/lib/thumb/v7-m/nofp\libc_nano.a(lib_a-makebuf.o)
                0x000000000800d680                __smakebuf_r
 .text._malloc_usable_size_r
                0x000000000800d700       0x10 g:/program files/stm32cubeide/plugins/com.st.stm32cube.ide.mcu.externaltools.gnu-tools-for-stm32.9-2020-q2-update.win32_1.5.0.202011040924/tools/bin/../lib/gcc/arm-none-eabi/9.3.1/../../../../arm-none-eabi/lib/thumb/v7-m/nofp\libc_nano.a(lib_a-nano-msizer.o)
                0x000000000800d700                _malloc_usable_size_r
 .text._raise_r
                0x000000000800d710       0x50 g:/program files/stm32cubeide/plugins/com.st.stm32cube.ide.mcu.externaltools.gnu-tools-for-stm32.9-2020-q2-update.win32_1.5.0.202011040924/tools/bin/../lib/gcc/arm-none-eabi/9.3.1/../../../../arm-none-eabi/lib/thumb/v7-m/nofp\libc_nano.a(lib_a-signal.o)
                0x000000000800d710                _raise_r
 .text.raise    0x000000000800d760       0x10 g:/program files/stm32cubeide/plugins/com.st.stm32cube.ide.mcu.externaltools.gnu-tools-for-stm32.9-2020-q2-update.win32_1.5.0.202011040924/tools/bin/../lib/gcc/arm-none-eabi/9.3.1/../../../../arm-none-eabi/lib/thumb/v7-m/nofp\libc_nano.a(lib_a-signal.o)
                0x000000000800d760                raise
 .text._kill_r  0x000000000800d770       0x24 g:/program files/stm32cubeide/plugins/com.st.stm32cube.ide.mcu.externaltools.gnu-tools-for-stm32.9-2020-q2-update.win32_1.5.0.202011040924/tools/bin/../lib/gcc/arm-none-eabi/9.3.1/../../../../arm-none-eabi/lib/thumb/v7-m/nofp\libc_nano.a(lib_a-signalr.o)
                0x000000000800d770                _kill_r
 .text._getpid_r
                0x000000000800d794        0x4 g:/program files/stm32cubeide/plugins/com.st.stm32cube.ide.mcu.externaltools.gnu-tools-for-stm32.9-2020-q2-update.win32_1.5.0.202011040924/tools/bin/../lib/gcc/arm-none-eabi/9.3.1/../../../../arm-none-eabi/lib/thumb/v7-m/nofp\libc_nano.a(lib_a-signalr.o)
                0x000000000800d794                _getpid_r
 .text.__sread  0x000000000800d798       0x22 g:/program files/stm32cubeide/plugins/com.st.stm32cube.ide.mcu.externaltools.gnu-tools-for-stm32.9-2020-q2-update.win32_1.5.0.202011040924/tools/bin/../lib/gcc/arm-none-eabi/9.3.1/../../../../arm-none-eabi/lib/thumb/v7-m/nofp\libc_nano.a(lib_a-stdio.o)
                0x000000000800d798                __sread
 .text.__swrite
                0x000000000800d7ba       0x38 g:/program files/stm32cubeide/plugins/com.st.stm32cube.ide.mcu.externaltools.gnu-tools-for-stm32.9-2020-q2-update.win32_1.5.0.202011040924/tools/bin/../lib/gcc/arm-none-eabi/9.3.1/../../../../arm-none-eabi/lib/thumb/v7-m/nofp\libc_nano.a(lib_a-stdio.o)
                0x000000000800d7ba                __swrite
 .text.__sseek  0x000000000800d7f2       0x24 g:/program files/stm32cubeide/plugins/com.st.stm32cube.ide.mcu.externaltools.gnu-tools-for-stm32.9-2020-q2-update.win32_1.5.0.202011040924/tools/bin/../lib/gcc/arm-none-eabi/9.3.1/../../../../arm-none-eabi/lib/thumb/v7-m/nofp\libc_nano.a(lib_a-stdio.o)
                0x000000000800d7f2                __sseek
 .text.__sclose
                0x000000000800d816        0x8 g:/program files/stm32cubeide/plugins/com.st.stm32cube.ide.mcu.externaltools.gnu-tools-for-stm32.9-2020-q2-update.win32_1.5.0.202011040924/tools/bin/../lib/gcc/arm-none-eabi/9.3.1/../../../../arm-none-eabi/lib/thumb/v7-m/nofp\libc_nano.a(lib_a-stdio.o)
                0x000000000800d816                __sclose
 *fill*         0x000000000800d81e        0x2 
 .text._write_r
                0x000000000800d820       0x24 g:/program files/stm32cubeide/plugins/com.st.stm32cube.ide.mcu.externaltools.gnu-tools-for-stm32.9-2020-q2-update.win32_1.5.0.202011040924/tools/bin/../lib/gcc/arm-none-eabi/9.3.1/../../../../arm-none-eabi/lib/thumb/v7-m/nofp\libc_nano.a(lib_a-writer.o)
                0x000000000800d820                _write_r
 .text._close_r
                0x000000000800d844       0x20 g:/program files/stm32cubeide/plugins/com.st.stm32cube.ide.mcu.externaltools.gnu-tools-for-stm32.9-2020-q2-update.win32_1.5.0.202011040924/tools/bin/../lib/gcc/arm-none-eabi/9.3.1/../../../../arm-none-eabi/lib/thumb/v7-m/nofp\libc_nano.a(lib_a-closer.o)
                0x000000000800d844                _close_r
 .text._fstat_r
                0x000000000800d864       0x24 g:/program files/stm32cubeide/plugins/com.st.stm32cube.ide.mcu.externaltools.gnu-tools-for-stm32.9-2020-q2-update.win32_1.5.0.202011040924/tools/bin/../lib/gcc/arm-none-eabi/9.3.1/../../../../arm-none-eabi/lib/thumb/v7-m/nofp\libc_nano.a(lib_a-fstatr.o)
                0x000000000800d864                _fstat_r
 .text._isatty_r
                0x000000000800d888       0x20 g:/program files/stm32cubeide/plugins/com.st.stm32cube.ide.mcu.externaltools.gnu-tools-for-stm32.9-2020-q2-update.win32_1.5.0.202011040924/tools/bin/../lib/gcc/arm-none-eabi/9.3.1/../../../../arm-none-eabi/lib/thumb/v7-m/nofp\libc_nano.a(lib_a-isattyr.o)
                0x000000000800d888                _isatty_r
 .text._lseek_r
                0x000000000800d8a8       0x24 g:/program files/stm32cubeide/plugins/com.st.stm32cube.ide.mcu.externaltools.gnu-tools-for-stm32.9-2020-q2-update.win32_1.5.0.202011040924/tools/bin/../lib/gcc/arm-none-eabi/9.3.1/../../../../arm-none-eabi/lib/thumb/v7-m/nofp\libc_nano.a(lib_a-lseekr.o)
                0x000000000800d8a8                _lseek_r
 .text._read_r  0x000000000800d8cc       0x24 g:/program files/stm32cubeide/plugins/com.st.stm32cube.ide.mcu.externaltools.gnu-tools-for-stm32.9-2020-q2-update.win32_1.5.0.202011040924/tools/bin/../lib/gcc/arm-none-eabi/9.3.1/../../../../arm-none-eabi/lib/thumb/v7-m/nofp\libc_nano.a(lib_a-readr.o)
                0x000000000800d8cc                _read_r
 *(.glue_7)
 .glue_7        0x000000000800d8f0        0x0 linker stubs
 *(.glue_7t)
 .glue_7t       0x000000000800d8f0        0x0 linker stubs
 *(.eh_frame)
 .eh_frame      0x000000000800d8f0        0x0 g:/program files/stm32cubeide/plugins/com.st.stm32cube.ide.mcu.externaltools.gnu-tools-for-stm32.9-2020-q2-update.win32_1.5.0.202011040924/tools/bin/../lib/gcc/arm-none-eabi/9.3.1/thumb/v7-m/nofp/crtbegin.o
 *(.init)
 .init          0x000000000800d8f0        0x4 g:/program files/stm32cubeide/plugins/com.st.stm32cube.ide.mcu.externaltools.gnu-tools-for-stm32.9-2020-q2-update.win32_1.5.0.202011040924/tools/bin/../lib/gcc/arm-none-eabi/9.3.1/thumb/v7-m/nofp/crti.o
                0x000000000800d8f0                _init
 .init          0x000000000800d8f4        0x8 g:/program files/stm32cubeide/plugins/com.st.stm32cube.ide.mcu.externaltools.gnu-tools-for-stm32.9-2020-q2-update.win32_1.5.0.202011040924/tools/bin/../lib/gcc/arm-none-eabi/9.3.1/thumb/v7-m/nofp/crtn.o
 *(.fini)