Component: ARM Compiler 5.06 update 6 (build 750) Tool: armlink [4d35ed]

==============================================================================

Section Cross References

    dwin.o(i.DWIN_83H) refers to rt_memcpy_v6.o(.text) for __aeabi_memcpy
    dwin.o(i.DWIN_83H) refers to dwin.o(.bss) for .bss
    dwin.o(i.DWIN_83H) refers to dwin.o(.data) for .data
    dwin.o(i.DWIN_AnalyzeApp) refers to rt_memcpy_v6.o(.text) for __aeabi_memcpy
    dwin.o(i.DWIN_AnalyzeApp) refers to dwin.o(.bss) for .bss
    dwin.o(i.DWIN_AnalyzeApp) refers to dwin.o(.data) for .data
    dwin.o(i.DWIN_CURVE) refers to stm32f1xx_hal_uart.o(i.HAL_UART_Transmit) for HAL_UART_Transmit
    dwin.o(i.DWIN_CURVE) refers to dwin.o(.bss) for .bss
    dwin.o(i.DWIN_CURVE) refers to usart.o(.bss) for huart2
    dwin.o(i.DWIN_CURVE_CLEAR) refers to stm32f1xx_hal_uart.o(i.HAL_UART_Transmit) for HAL_UART_Transmit
    dwin.o(i.DWIN_CURVE_CLEAR) refers to dwin.o(.bss) for .bss
    dwin.o(i.DWIN_CURVE_CLEAR) refers to usart.o(.bss) for huart2
    dwin.o(i.DWIN_CURVE_MULTICHANNEL) refers to stm32f1xx_hal_uart.o(i.HAL_UART_Transmit) for HAL_UART_Transmit
    dwin.o(i.DWIN_CURVE_MULTICHANNEL) refers to dwin.o(.bss) for .bss
    dwin.o(i.DWIN_CURVE_MULTICHANNEL) refers to usart.o(.bss) for huart2
    dwin.o(i.DWIN_InportMap) refers to dwin.o(.bss) for .bss
    dwin.o(i.DWIN_InportMap) refers to dwin.o(.data) for .data
    dwin.o(i.DWIN_PageChange) refers to stm32f1xx_hal_uart.o(i.HAL_UART_Transmit) for HAL_UART_Transmit
    dwin.o(i.DWIN_PageChange) refers to dwin.o(.bss) for .bss
    dwin.o(i.DWIN_PageChange) refers to usart.o(.bss) for huart2
    dwin.o(i.DWIN_Poll) refers to rt_memcpy_v6.o(.text) for __aeabi_memcpy
    dwin.o(i.DWIN_Poll) refers to dwin.o(.bss) for .bss
    dwin.o(i.DWIN_Poll) refers to dwin.o(.data) for .data
    dwin.o(i.DWIN_READ) refers to stm32f1xx_hal_uart.o(i.HAL_UART_Transmit) for HAL_UART_Transmit
    dwin.o(i.DWIN_READ) refers to dwin.o(.bss) for .bss
    dwin.o(i.DWIN_READ) refers to usart.o(.bss) for huart2
    dwin.o(i.DWIN_ReciveNew) refers to dwin.o(.bss) for .bss
    dwin.o(i.DWIN_Send) refers to stm32f1xx_hal_uart.o(i.HAL_UART_Transmit) for HAL_UART_Transmit
    dwin.o(i.DWIN_Send) refers to usart.o(.bss) for huart2
    dwin.o(i.DWIN_SendWithCRC) refers to rt_memcpy_v6.o(.text) for __aeabi_memcpy
    dwin.o(i.DWIN_SendWithCRC) refers to stm32f1xx_hal_uart.o(i.HAL_UART_Transmit_DMA) for HAL_UART_Transmit_DMA
    dwin.o(i.DWIN_SendWithCRC) refers to usart.o(.bss) for huart2
    dwin.o(i.DWIN_TouchAction) refers to stm32f1xx_hal_uart.o(i.HAL_UART_Transmit) for HAL_UART_Transmit
    dwin.o(i.DWIN_TouchAction) refers to dwin.o(.bss) for .bss
    dwin.o(i.DWIN_TouchAction) refers to usart.o(.bss) for huart2
    dwin.o(i.DWIN_WRITE) refers to stm32f1xx_hal_uart.o(i.HAL_UART_Transmit) for HAL_UART_Transmit
    dwin.o(i.DWIN_WRITE) refers to dwin.o(.bss) for .bss
    dwin.o(i.DWIN_WRITE) refers to usart.o(.bss) for huart2
    modbusmaster.o(i.MOD_46H) refers to rt_memcpy_v6.o(.text) for __aeabi_memcpy
    modbusmaster.o(i.MOD_46H) refers to stm32f1xx_hal_uart.o(i.HAL_UART_Transmit_DMA) for HAL_UART_Transmit_DMA
    modbusmaster.o(i.MOD_46H) refers to modbusmaster.o(.bss) for .bss
    modbusmaster.o(i.MOD_46H) refers to usart.o(.bss) for huart1
    publicfunc.o(i.kalmanFilter) refers to faddsub_clz.o(x$fpl$fadd) for __aeabi_fadd
    publicfunc.o(i.kalmanFilter) refers to fdiv.o(x$fpl$fdiv) for __aeabi_fdiv
    publicfunc.o(i.kalmanFilter) refers to faddsub_clz.o(x$fpl$fsub) for __aeabi_fsub
    publicfunc.o(i.kalmanFilter) refers to fmul.o(x$fpl$fmul) for __aeabi_fmul
    charginghandle.o(i.ChargeCompensation) refers to charginghandle.o(.bss) for .bss
    charginghandle.o(i.ChargeTargetTime) refers to charginghandle.o(.bss) for .bss
    charginghandle.o(i.ChargeTargetTime) refers to mdrtuslave.o(.data) for mdhandler
    charginghandle.o(i.ChargeTimer) refers to faddsub_clz.o(x$fpl$fadd) for __aeabi_fadd
    charginghandle.o(i.ChargeTimer) refers to charginghandle.o(.bss) for .bss
    charginghandle.o(i.ChargeTimer) refers to charginghandle.o(.data) for .data
    charginghandle.o(i.ChargerHandle) refers to stm32f1xx_hal_gpio.o(i.HAL_GPIO_WritePin) for HAL_GPIO_WritePin
    charginghandle.o(i.ChargerHandle) refers to charginghandle.o(i.Get_Voltage) for Get_Voltage
    charginghandle.o(i.ChargerHandle) refers to fflt_clz.o(x$fpl$ffltu) for __aeabi_ui2f
    charginghandle.o(i.ChargerHandle) refers to fdiv.o(x$fpl$fdiv) for __aeabi_fdiv
    charginghandle.o(i.ChargerHandle) refers to faddsub_clz.o(x$fpl$fadd) for __aeabi_fadd
    charginghandle.o(i.ChargerHandle) refers to fmul.o(x$fpl$fmul) for __aeabi_fmul
    charginghandle.o(i.ChargerHandle) refers to ffixu.o(x$fpl$ffixu) for __aeabi_f2uiz
    charginghandle.o(i.ChargerHandle) refers to charginghandle.o(i.Set_BaterrryVoltageInfo) for Set_BaterrryVoltageInfo
[...]
    __aeabi_memclr4                          0x080004d9   Thumb Code     0  rt_memclr_w.o(.text)
    __aeabi_memclr8                          0x080004d9   Thumb Code     0  rt_memclr_w.o(.text)
    __rt_memclr_w                            0x080004d9   Thumb Code    78  rt_memclr_w.o(.text)
    _memset_w                                0x080004dd   Thumb Code     0  rt_memclr_w.o(.text)
    strcmp                                   0x08000529   Thumb Code   128  strcmpv7m.o(.text)
    __use_two_region_memory                  0x080005a9   Thumb Code     2  heapauxi.o(.text)
    __rt_heap_escrow                         0x080005ab   Thumb Code     2  heapauxi.o(.text)
    __rt_heap_expand                         0x080005ad   Thumb Code     2  heapauxi.o(.text)
    __rt_heap_descriptor                     0x080005b1   Thumb Code     8  rt_heap_descriptor_intlibspace.o(.text)
    __use_no_heap                            0x080005b9   Thumb Code     2  hguard.o(.text)
    __heap$guard                             0x080005bb   Thumb Code     2  hguard.o(.text)
    _terminate_user_alloc                    0x080005bd   Thumb Code     2  init_alloc.o(.text)
    _init_user_alloc                         0x080005bf   Thumb Code     2  init_alloc.o(.text)
    __Heap_Full                              0x080005c1   Thumb Code    34  init_alloc.o(.text)
    __Heap_Broken                            0x080005e3   Thumb Code     6  init_alloc.o(.text)
    _init_alloc                              0x080005e9   Thumb Code    94  init_alloc.o(.text)
    __Heap_Initialize                        0x08000647   Thumb Code    10  h1_init.o(.text)
    __Heap_DescSize                          0x08000651   Thumb Code     4  h1_init.o(.text)
    __aeabi_memcpy4                          0x08000655   Thumb Code     0  rt_memcpy_w.o(.text)
    __aeabi_memcpy8                          0x08000655   Thumb Code     0  rt_memcpy_w.o(.text)
    __rt_memcpy_w                            0x08000655   Thumb Code   100  rt_memcpy_w.o(.text)
    _memcpy_lastbytes_aligned                0x0800069d   Thumb Code     0  rt_memcpy_w.o(.text)
    __user_libspace                          0x080006b9   Thumb Code     8  libspace.o(.text)
    __user_perproc_libspace                  0x080006b9   Thumb Code     0  libspace.o(.text)
    __user_perthread_libspace                0x080006b9   Thumb Code     0  libspace.o(.text)
    __Heap_ProvideMemory                     0x080006c1   Thumb Code    52  h1_extend.o(.text)
    __rt_SIGRTMEM                            0x080006f5   Thumb Code    14  defsig_rtmem_outer.o(.text)
    __I$use$semihosting                      0x08000703   Thumb Code     0  use_no_semi.o(.text)
    __use_no_semihosting_swi                 0x08000703   Thumb Code     2  use_no_semi.o(.text)
    __semihosting_library_function           0x08000705   Thumb Code     0  indicate_semi.o(.text)
    __user_setup_stackheap                   0x08000705   Thumb Code    74  sys_stackheap_outer.o(.text)
    exit                                     0x0800074f   Thumb Code    18  exit.o(.text)
    __sig_exit                               0x08000761   Thumb Code    10  defsig_exit.o(.text)
    __rt_SIGRTMEM_inner                      0x0800076d   Thumb Code    22  defsig_rtmem_inner.o(.text)
    _sys_exit                                0x080007bd   Thumb Code     8  sys_exit.o(.text)
    __default_signal_display                 0x080007c9   Thumb Code    50  defsig_general.o(.text)
    _ttywrch                                 0x080007fb   Thumb Code    14  sys_wrch.o(.text)
    ADC_ConversionStop_Disable               0x08000809   Thumb Code    84  stm32f1xx_hal_adc.o(i.ADC_ConversionStop_Disable)
    ADC_DMAConvCplt                          0x0800085d   Thumb Code    84  stm32f1xx_hal_adc.o(i.ADC_DMAConvCplt)
    ADC_DMAError                             0x080008b1   Thumb Code    26  stm32f1xx_hal_adc.o(i.ADC_DMAError)
    ADC_DMAHalfConvCplt                      0x080008cb   Thumb Code    10  stm32f1xx_hal_adc.o(i.ADC_DMAHalfConvCplt)
    ADC_Enable                               0x080008d5   Thumb Code   174  stm32f1xx_hal_adc.o(i.ADC_Enable)
    BusFault_Handler                         0x0800098d   Thumb Code     2  stm32f1xx_it.o(i.BusFault_Handler)
    ChargingProcess                          0x08000c7d   Thumb Code   118  charginghandle.o(i.ChargingProcess)
    Check_ChargingDisconnection              0x08000d7d   Thumb Code   156  charginghandle.o(i.Check_ChargingDisconnection)
    CommunicationInit                        0x08000e29   Thumb Code   216  charginghandle.o(i.CommunicationInit)
    DMA1_Channel1_IRQHandler                 0x08000fc9   Thumb Code     6  stm32f1xx_it.o(i.DMA1_Channel1_IRQHandler)
    DMA1_Channel4_IRQHandler                 0x08000fd5   Thumb Code     6  stm32f1xx_it.o(i.DMA1_Channel4_IRQHandler)
    DMA1_Channel5_IRQHandler                 0x08000fe1   Thumb Code     6  stm32f1xx_it.o(i.DMA1_Channel5_IRQHandler)
    DMA1_Channel6_IRQHandler                 0x08000fed   Thumb Code     6  stm32f1xx_it.o(i.DMA1_Channel6_IRQHandler)
    DMA1_Channel7_IRQHandler                 0x08000ff9   Thumb Code     6  stm32f1xx_it.o(i.DMA1_Channel7_IRQHandler)
    DWIN_InportMap                           0x08001005   Thumb Code    24  dwin.o(i.DWIN_InportMap)
    DWIN_PageChange                          0x08001025   Thumb Code    88  dwin.o(i.DWIN_PageChange)
    DWIN_Poll                                0x08001085   Thumb Code   108  dwin.o(i.DWIN_Poll)
    DWIN_ReciveNew                           0x080010fd   Thumb Code    56  dwin.o(i.DWIN_ReciveNew)
    DWIN_WRITE                               0x08001139   Thumb Code   120  dwin.o(i.DWIN_WRITE)
    DebugMon_Handler                         0x080011b9   Thumb Code     2  stm32f1xx_it.o(i.DebugMon_Handler)
    EndianSwap                               0x080011bb   Thumb Code    48  publicfunc.o(i.EndianSwap)
    Error_Handler                            0x080011eb   Thumb Code     2  main.o(i.Error_Handler)
    FLASH_Init                               0x080011ed   Thumb Code    20  flash.o(i.FLASH_Init)
    FLASH_Read                               0x08001205   Thumb Code    80  flash.o(i.FLASH_Read)
    FLASH_WaitForLastOperation               0x08001255   Thumb Code   176  stm32f1xx_hal_flash.o(i.FLASH_WaitForLastOperation)
    FLASH_Write                              0x0800130d   Thumb Code   122  flash.o(i.FLASH_Write)
    GetAdcToDmaValue                         0x080013ad   Thumb Code    62  adc.o(i.GetAdcToDmaValue)
    Get_Voltage                              0x080013f1   Thumb Code   186  charginghandle.o(i.Get_Voltage)
    Get_VoltageMicroCompensate               0x080014b1   Thumb Code   102  charginghandle.o(i.Get_VoltageMicroCompensate)
    HAL_ADC_ConfigChannel                    0x08001525   Thumb Code   338  stm32f1xx_hal_adc.o(i.HAL_ADC_ConfigChannel)
    HAL_ADC_ConvCpltCallback                 0x08001681   Thumb Code     2  stm32f1xx_hal_adc.o(i.HAL_ADC_ConvCpltCallback)
    HAL_ADC_ConvHalfCpltCallback             0x08001683   Thumb Code     2  stm32f1xx_hal_adc.o(i.HAL_ADC_ConvHalfCpltCallback)
    HAL_ADC_ErrorCallback                    0x08001685   Thumb Code     2  stm32f1xx_hal_adc.o(i.HAL_ADC_ErrorCallback)
    HAL_ADC_Init                             0x08001689   Thumb Code   312  stm32f1xx_hal_adc.o(i.HAL_ADC_Init)
    HAL_ADC_MspInit                          0x080017cd   Thumb Code   136  adc.o(i.HAL_ADC_MspInit)
    HAL_ADC_Start_DMA                        0x08001865   Thumb Code   268  stm32f1xx_hal_adc.o(i.HAL_ADC_Start_DMA)
    HAL_DAC_ConfigChannel                    0x08001985   Thumb Code    92  stm32f1xx_hal_dac.o(i.HAL_DAC_ConfigChannel)
    HAL_DAC_Init                             0x080019e1   Thumb Code    40  stm32f1xx_hal_dac.o(i.HAL_DAC_Init)
    HAL_DAC_MspInit                          0x08001a09   Thumb Code    84  dac.o(i.HAL_DAC_MspInit)
    HAL_DAC_SetValue                         0x08001a65   Thumb Code    32  stm32f1xx_hal_dac.o(i.HAL_DAC_SetValue)
    HAL_DAC_Start                            0x08001a85   Thumb Code   106  stm32f1xx_hal_dac.o(i.HAL_DAC_Start)
    HAL_DMA_Abort                            0x08001aef   Thumb Code    72  stm32f1xx_hal_dma.o(i.HAL_DMA_Abort)
    HAL_DMA_Abort_IT                         0x08001b39   Thumb Code   268  stm32f1xx_hal_dma.o(i.HAL_DMA_Abort_IT)
    HAL_DMA_IRQHandler                       0x08001c79   Thumb Code   562  stm32f1xx_hal_dma.o(i.HAL_DMA_IRQHandler)
    HAL_DMA_Init                             0x08001ee1   Thumb Code   136  stm32f1xx_hal_dma.o(i.HAL_DMA_Init)
    HAL_DMA_Start_IT                         0x08001f81   Thumb Code   150  stm32f1xx_hal_dma.o(i.HAL_DMA_Start_IT)
    HAL_Delay                                0x08002019   Thumb Code    34  stm32f1xx_hal.o(i.HAL_Delay)
    HAL_FLASHEx_Erase                        0x08002041   Thumb Code   200  stm32f1xx_hal_flash_ex.o(i.HAL_FLASHEx_Erase)
    HAL_FLASH_Lock                           0x08002111   Thumb Code    14  stm32f1xx_hal_flash.o(i.HAL_FLASH_Lock)
    HAL_FLASH_Program                        0x08002125   Thumb Code   326  stm32f1xx_hal_flash.o(i.HAL_FLASH_Program)
    HAL_FLASH_Unlock                         0x08002275   Thumb Code    34  stm32f1xx_hal_flash.o(i.HAL_FLASH_Unlock)
    HAL_GPIO_Init                            0x080022a5   Thumb Code   496  stm32f1xx_hal_gpio.o(i.HAL_GPIO_Init)
    HAL_GPIO_WritePin                        0x080024a9   Thumb Code    10  stm32f1xx_hal_gpio.o(i.HAL_GPIO_WritePin)
    HAL_GetTick                              0x080024b5   Thumb Code     6  stm32f1xx_hal.o(i.HAL_GetTick)
    HAL_IWDG_Init                            0x080024c1   Thumb Code    86  stm32f1xx_hal_iwdg.o(i.HAL_IWDG_Init)
    HAL_IWDG_Refresh                         0x08002517   Thumb Code    12  stm32f1xx_hal_iwdg.o(i.HAL_IWDG_Refresh)
    HAL_IncTick                              0x08002525   Thumb Code    12  stm32f1xx_hal.o(i.HAL_IncTick)
    HAL_Init                                 0x08002535   Thumb Code    32  stm32f1xx_hal.o(i.HAL_Init)
    HAL_InitTick                             0x08002559   Thumb Code    54  stm32f1xx_hal.o(i.HAL_InitTick)
    HAL_MspInit                              0x08002599   Thumb Code    58  stm32f1xx_hal_msp.o(i.HAL_MspInit)
    HAL_NVIC_EnableIRQ                       0x080025dd   Thumb Code    30  stm32f1xx_hal_cortex.o(i.HAL_NVIC_EnableIRQ)
    HAL_NVIC_SetPriority                     0x080025fd   Thumb Code    96  stm32f1xx_hal_cortex.o(i.HAL_NVIC_SetPriority)
    HAL_NVIC_SetPriorityGrouping             0x08002661   Thumb Code    30  stm32f1xx_hal_cortex.o(i.HAL_NVIC_SetPriorityGrouping)
    HAL_PWR_EnableBkUpAccess                 0x08002685   Thumb Code     8  stm32f1xx_hal_pwr.o(i.HAL_PWR_EnableBkUpAccess)
    HAL_RCCEx_GetPeriphCLKFreq               0x08002691   Thumb Code   244  stm32f1xx_hal_rcc_ex.o(i.HAL_RCCEx_GetPeriphCLKFreq)
    HAL_RCCEx_PeriphCLKConfig                0x080027a9   Thumb Code   286  stm32f1xx_hal_rcc_ex.o(i.HAL_RCCEx_PeriphCLKConfig)
    HAL_RCC_ClockConfig                      0x080028d5   Thumb Code   414  stm32f1xx_hal_rcc.o(i.HAL_RCC_ClockConfig)
    HAL_RCC_GetPCLK1Freq                     0x08002a99   Thumb Code    20  stm32f1xx_hal_rcc.o(i.HAL_RCC_GetPCLK1Freq)
    HAL_RCC_GetPCLK2Freq                     0x08002ab9   Thumb Code    20  stm32f1xx_hal_rcc.o(i.HAL_RCC_GetPCLK2Freq)
    HAL_RCC_GetSysClockFreq                  0x08002ad9   Thumb Code    86  stm32f1xx_hal_rcc.o(i.HAL_RCC_GetSysClockFreq)
    HAL_RCC_OscConfig                        0x08002b51   Thumb Code   948  stm32f1xx_hal_rcc.o(i.HAL_RCC_OscConfig)
    HAL_RTCEx_BKUPRead                       0x08002f19   Thumb Code    10  stm32f1xx_hal_rtc_ex.o(i.HAL_RTCEx_BKUPRead)
    HAL_RTCEx_BKUPWrite                      0x08002f29   Thumb Code    12  stm32f1xx_hal_rtc_ex.o(i.HAL_RTCEx_BKUPWrite)
    HAL_RTC_Init                             0x08002f39   Thumb Code   296  stm32f1xx_hal_rtc.o(i.HAL_RTC_Init)
    HAL_RTC_MspInit                          0x08003069   Thumb Code    46  rtc.o(i.HAL_RTC_MspInit)
    HAL_SYSTICK_Config                       0x080030a1   Thumb Code    38  stm32f1xx_hal_cortex.o(i.HAL_SYSTICK_Config)
    HAL_TIMEx_BreakCallback                  0x080030cd   Thumb Code     2  stm32f1xx_hal_tim_ex.o(i.HAL_TIMEx_BreakCallback)
    HAL_TIMEx_CommutCallback                 0x080030cf   Thumb Code     2  stm32f1xx_hal_tim_ex.o(i.HAL_TIMEx_CommutCallback)
    HAL_TIMEx_MasterConfigSynchronization    0x080030d1   Thumb Code   130  stm32f1xx_hal_tim_ex.o(i.HAL_TIMEx_MasterConfigSynchronization)
    HAL_TIM_Base_Init                        0x08003153   Thumb Code    90  stm32f1xx_hal_tim.o(i.HAL_TIM_Base_Init)
    HAL_TIM_Base_MspInit                     0x080031ad   Thumb Code    54  tim.o(i.HAL_TIM_Base_MspInit)
    HAL_TIM_Base_Start_IT                    0x080031e9   Thumb Code   108  stm32f1xx_hal_tim.o(i.HAL_TIM_Base_Start_IT)
    HAL_TIM_ConfigClockSource                0x08003255   Thumb Code   388  stm32f1xx_hal_tim.o(i.HAL_TIM_ConfigClockSource)
    HAL_TIM_IC_CaptureCallback               0x080033d9   Thumb Code     2  stm32f1xx_hal_tim.o(i.HAL_TIM_IC_CaptureCallback)
    HAL_TIM_IRQHandler                       0x080033db   Thumb Code   364  stm32f1xx_hal_tim.o(i.HAL_TIM_IRQHandler)
    HAL_TIM_OC_DelayElapsedCallback          0x08003547   Thumb Code     2  stm32f1xx_hal_tim.o(i.HAL_TIM_OC_DelayElapsedCallback)
    HAL_TIM_PWM_PulseFinishedCallback        0x08003549   Thumb Code     2  stm32f1xx_hal_tim.o(i.HAL_TIM_PWM_PulseFinishedCallback)
    HAL_TIM_PeriodElapsedCallback            0x0800354d   Thumb Code   104  tim.o(i.HAL_TIM_PeriodElapsedCallback)
    HAL_TIM_TriggerCallback                  0x080035c1   Thumb Code     2  stm32f1xx_hal_tim.o(i.HAL_TIM_TriggerCallback)
    HAL_UART_DMAStop                         0x080035c3   Thumb Code   120  stm32f1xx_hal_uart.o(i.HAL_UART_DMAStop)
    HAL_UART_ErrorCallback                   0x0800363b   Thumb Code     2  stm32f1xx_hal_uart.o(i.HAL_UART_ErrorCallback)
    HAL_UART_IRQHandler                      0x0800363d   Thumb Code   678  stm32f1xx_hal_uart.o(i.HAL_UART_IRQHandler)
    HAL_UART_Init                            0x080038e9   Thumb Code    98  stm32f1xx_hal_uart.o(i.HAL_UART_Init)
    HAL_UART_MspInit                         0x0800394d   Thumb Code   404  usart.o(i.HAL_UART_MspInit)
    HAL_UART_Receive_DMA                     0x08003b11   Thumb Code   140  stm32f1xx_hal_uart.o(i.HAL_UART_Receive_DMA)
    HAL_UART_RxCpltCallback                  0x08003ba9   Thumb Code     2  stm32f1xx_hal_uart.o(i.HAL_UART_RxCpltCallback)
    HAL_UART_RxHalfCpltCallback              0x08003bab   Thumb Code     2  stm32f1xx_hal_uart.o(i.HAL_UART_RxHalfCpltCallback)
    HAL_UART_Transmit                        0x08003bad   Thumb Code   290  stm32f1xx_hal_uart.o(i.HAL_UART_Transmit)
    HAL_UART_Transmit_DMA                    0x08003cd1   Thumb Code   120  stm32f1xx_hal_uart.o(i.HAL_UART_Transmit_DMA)
    HAL_UART_TxCpltCallback                  0x08003d55   Thumb Code     2  stm32f1xx_hal_uart.o(i.HAL_UART_TxCpltCallback)
    HAL_UART_TxHalfCpltCallback              0x08003d57   Thumb Code     2  stm32f1xx_hal_uart.o(i.HAL_UART_TxHalfCpltCallback)
    HardFault_Handler                        0x08003d59   Thumb Code     2  stm32f1xx_it.o(i.HardFault_Handler)
    MOD_46H                                  0x08003e51   Thumb Code   248  modbusmaster.o(i.MOD_46H)
    MX_ADC1_Init                             0x08003f51   Thumb Code   108  adc.o(i.MX_ADC1_Init)
    MX_DAC_Init                              0x08003fc5   Thumb Code    56  dac.o(i.MX_DAC_Init)
    MX_DMA_Init                              0x08004005   Thumb Code   104  dma.o(i.MX_DMA_Init)
    MX_GPIO_Init                             0x08004071   Thumb Code   202  gpio.o(i.MX_GPIO_Init)
    MX_IWDG_Init                             0x0800414d   Thumb Code    36  iwdg.o(i.MX_IWDG_Init)
    MX_RTC_Init                              0x08004179   Thumb Code   400  rtc.o(i.MX_RTC_Init)
    MX_TIM1_Init                             0x0800432d   Thumb Code   100  tim.o(i.MX_TIM1_Init)
    MX_USART1_UART_Init                      0x08004399   Thumb Code    72  usart.o(i.MX_USART1_UART_Init)
    MX_USART2_UART_Init                      0x080043ed   Thumb Code    72  usart.o(i.MX_USART2_UART_Init)
    MemManage_Handler                        0x08004441   Thumb Code     2  stm32f1xx_it.o(i.MemManage_Handler)
    ModbusInit                               0x08004445   Thumb Code    18  mdrtuslave.o(i.ModbusInit)
    NMI_Handler                              0x08004461   Thumb Code     2  stm32f1xx_it.o(i.NMI_Handler)
    OtherEvent                               0x08004465   Thumb Code   120  charginghandle.o(i.OtherEvent)
    PendSV_Handler                           0x080044ed   Thumb Code     2  stm32f1xx_it.o(i.PendSV_Handler)
    Report_BackChargingData                  0x080044f1   Thumb Code    64  charginghandle.o(i.Report_BackChargingData)
    Report_DataHandle                        0x08004585   Thumb Code   238  charginghandle.o(i.Report_DataHandle)
    SVC_Handler                              0x08004707   Thumb Code     2  stm32f1xx_it.o(i.SVC_Handler)
    SetRtcCount                              0x080047fd   Thumb Code    68  rtc.o(i.SetRtcCount)
    Stamp2time                               0x08004ad5   Thumb Code   402  rtc.o(i.Stamp2time)
    SysTick_Handler                          0x08004c8d   Thumb Code     4  stm32f1xx_it.o(i.SysTick_Handler)
    SystemInit                               0x08004c91   Thumb Code     2  system_stm32f1xx.o(i.SystemInit)
    TIM1_UP_IRQHandler                       0x08004c95   Thumb Code     6  stm32f1xx_it.o(i.TIM1_UP_IRQHandler)
    TIM_Base_SetConfig                       0x08004ca1   Thumb Code   128  stm32f1xx_hal_tim.o(i.TIM_Base_SetConfig)
    USART1_IRQHandler                        0x08004f59   Thumb Code    56  stm32f1xx_it.o(i.USART1_IRQHandler)
    USART2_IRQHandler                        0x08004fa1   Thumb Code    56  stm32f1xx_it.o(i.USART2_IRQHandler)
    UsageFault_Handler                       0x08004fe9   Thumb Code     2  stm32f1xx_it.o(i.UsageFault_Handler)
    __ARM_common_memclr4_8                   0x08004feb   Thumb Code     8  mdrtuslave.o(i.__ARM_common_memclr4_8)
    __ARM_common_memset4_9                   0x08004ff3   Thumb Code    18  shell.o(i.__ARM_common_memset4_9)
    getChargingState                         0x08005005   Thumb Code   130  charginghandle.o(i.getChargingState)
    kalmanFilter                             0x08005099   Thumb Code   104  publicfunc.o(i.kalmanFilter)
    main                                     0x08005105   Thumb Code   380  main.o(i.main)
    mdClearReceiveBuffer                     0x080052c1   Thumb Code    12  mdrecbuffer.o(i.mdClearReceiveBuffer)
    mdCrc16                                  0x080052cd   Thumb Code    52  mdcrc16.o(i.mdCrc16)
    mdCreateModbusRTUSlave                   0x08005305   Thumb Code   210  mdrtuslave.o(i.mdCreateModbusRTUSlave)
    mdCreateReceiveBuffer                    0x08005419   Thumb Code    42  mdrecbuffer.o(i.mdCreateReceiveBuffer)
    mdCreateRegisterPool                     0x08005445   Thumb Code   308  mdregpool.o(i.mdCreateRegisterPool)
    mdRTU_Handler                            0x08005c11   Thumb Code    10  mdrtuslave.o(i.mdRTU_Handler)
    myRtc_Get_DateTime                       0x08006039   Thumb Code    18  rtc.o(i.myRtc_Get_DateTime)
    shellBackspace                           0x08006121   Thumb Code     6  shell.o(i.shellBackspace)
    shellClear                               0x08006129   Thumb Code    54  shell.o(i.shellClear)
    shellCmds                                0x08006165   Thumb Code    20  shell.o(i.shellCmds)
    shellDelete                              0x08006179   Thumb Code     8  shell.o(i.shellDelete)
    shellDeleteByte                          0x08006181   Thumb Code   350  shell.o(i.shellDeleteByte)
    shellDeleteCommandLine                   0x080062e5   Thumb Code    54  shell.o(i.shellDeleteCommandLine)
    shellDown                                0x08006321   Thumb Code     8  shell.o(i.shellDown)
    shellEnter                               0x08006329   Thumb Code    20  shell.o(i.shellEnter)
    shellExec                                0x0800633d   Thumb Code   522  shell.o(i.shellExec)
    shellExecute                             0x08006551   Thumb Code   102  shell.o(i.shellExecute)
    shellExtParsePara                        0x080065c1   Thumb Code   532  shell_ext.o(i.shellExtParsePara)
    shellExtRun                              0x080067d5   Thumb Code   254  shell_ext.o(i.shellExtRun)
    shellGetCurrent                          0x08006921   Thumb Code    84  shell.o(i.shellGetCurrent)
    shellGetVarValue                         0x08006979   Thumb Code    66  shell.o(i.shellGetVarValue)
    shellHelp                                0x080069bd   Thumb Code   286  shell.o(i.shellHelp)
    shellKeys                                0x08006c19   Thumb Code   134  shell.o(i.shellKeys)
    shellLeft                                0x08006ca5   Thumb Code    34  shell.o(i.shellLeft)
    shellListCommand                         0x08006cc9   Thumb Code   118  shell.o(i.shellListCommand)
    shellListItem                            0x08006d45   Thumb Code   478  shell.o(i.shellListItem)
    shellListUser                            0x08006f35   Thumb Code   128  shell.o(i.shellListUser)
    shellRight                               0x08006fb9   Thumb Code    34  shell.o(i.shellRight)
    shellRunCommand                          0x08006fdd   Thumb Code   344  shell.o(i.shellRunCommand)
    shellSeekCommand                         0x08007139   Thumb Code   140  shell.o(i.shellSeekCommand)
    shellSetVar                              0x080071c5   Thumb Code   162  shell.o(i.shellSetVar)
    shellSetVarValue                         0x0800726d   Thumb Code   186  shell.o(i.shellSetVarValue)
    shellTab                                 0x08007581   Thumb Code   526  shell.o(i.shellTab)
    shellUp                                  0x08007799   Thumb Code     6  shell.o(i.shellUp)
    shellUsers                               0x0800779f   Thumb Code    20  shell.o(i.shellUsers)
    shellVars                                0x080077b5   Thumb Code   134  shell.o(i.shellVars)
    time2Stamp                               0x08007ad1   Thumb Code   216  rtc.o(i.time2Stamp)
    __fpl_dcheck_NaN1                        0x08007bb1   Thumb Code    10  dcheck1.o(x$fpl$dcheck1)
    __aeabi_ddiv                             0x08007bc1   Thumb Code     0  ddiv.o(x$fpl$ddiv)
    _ddiv                                    0x08007bc1   Thumb Code   552  ddiv.o(x$fpl$ddiv)
    __aeabi_d2iz                             0x08007e71   Thumb Code     0  dfix.o(x$fpl$dfix)
    _dfix                                    0x08007e71   Thumb Code    94  dfix.o(x$fpl$dfix)
    __aeabi_d2uiz                            0x08007ed1   Thumb Code     0  dfixu.o(x$fpl$dfixu)
    _dfixu                                   0x08007ed1   Thumb Code    90  dfixu.o(x$fpl$dfixu)
    __aeabi_ui2d                             0x08007f2b   Thumb Code     0  dflt_clz.o(x$fpl$dfltu)
    _dfltu                                   0x08007f2b   Thumb Code    38  dflt_clz.o(x$fpl$dfltu)
    __fpl_dnaninf                            0x08007f51   Thumb Code   156  dnaninf.o(x$fpl$dnaninf)
    __fpl_dretinf                            0x08007fed   Thumb Code    12  dretinf.o(x$fpl$dretinf)
    __aeabi_fadd                             0x08007ff9   Thumb Code     0  faddsub_clz.o(x$fpl$fadd)
    _fadd                                    0x08007ff9   Thumb Code   196  faddsub_clz.o(x$fpl$fadd)
    __fpl_fcmp_Inf                           0x080080bd   Thumb Code    24  fcmpi.o(x$fpl$fcmpinf)
    __aeabi_fdiv                             0x080080d5   Thumb Code     0  fdiv.o(x$fpl$fdiv)
    _fdiv                                    0x080080d5   Thumb Code   384  fdiv.o(x$fpl$fdiv)
    __aeabi_cfcmpeq                          0x08008259   Thumb Code     0  feqf.o(x$fpl$feqf)
    _fcmpeq                                  0x08008259   Thumb Code   104  feqf.o(x$fpl$feqf)
    __aeabi_f2uiz                            0x080082c1   Thumb Code     0  ffixu.o(x$fpl$ffixu)
    _ffixu                                   0x080082c1   Thumb Code    62  ffixu.o(x$fpl$ffixu)
    __aeabi_i2f                              0x08008301   Thumb Code     0  fflt_clz.o(x$fpl$fflt)
    _fflt                                    0x08008301   Thumb Code    48  fflt_clz.o(x$fpl$fflt)
    __aeabi_ui2f                             0x08008331   Thumb Code     0  fflt_clz.o(x$fpl$ffltu)
    _ffltu                                   0x08008331   Thumb Code    38  fflt_clz.o(x$fpl$ffltu)
    __aeabi_cfcmple                          0x08008359   Thumb Code     0  fleqf.o(x$fpl$fleqf)
    _fcmple                                  0x08008359   Thumb Code   104  fleqf.o(x$fpl$fleqf)
    __fpl_fcmple_InfNaN                      0x080083ab   Thumb Code     0  fleqf.o(x$fpl$fleqf)
    __aeabi_fmul                             0x080083c1   Thumb Code     0  fmul.o(x$fpl$fmul)
    _fmul                                    0x080083c1   Thumb Code   258  fmul.o(x$fpl$fmul)
    __fpl_fnaninf                            0x080084c3   Thumb Code   140  fnaninf.o(x$fpl$fnaninf)
    __fpl_fretinf                            0x0800854f   Thumb Code    10  fretinf.o(x$fpl$fretinf)
    __aeabi_cfrcmple                         0x08008559   Thumb Code     0  frleqf.o(x$fpl$frleqf)
    _frcmple                                 0x08008559   Thumb Code    98  frleqf.o(x$fpl$frleqf)
    __aeabi_fsub                             0x080085bd   Thumb Code     0  faddsub_clz.o(x$fpl$fsub)
    _fsub                                    0x080085bd   Thumb Code   234  faddsub_clz.o(x$fpl$fsub)
    __fpl_return_NaN                         0x080086a7   Thumb Code   100  retnan.o(x$fpl$retnan)
    __ARM_scalbn                             0x0800870b   Thumb Code    92  scalbn.o(x$fpl$scalbn)
    __fpl_cmpreturn                          0x08008767   Thumb Code    48  trapv.o(x$fpl$trapveneer)
    __I$use$fp                               0x08008796   Number         0  usenofp.o(x$fpl$usenofp)
    DAC_Voltage_Interval                     0x080087c8   Data          96  charginghandle.o(.constdata)
    AHBPrescTable                            0x08008870   Data          16  system_stm32f1xx.o(.constdata)
    APBPrescTable                            0x08008880   Data           8  system_stm32f1xx.o(.constdata)
    shellCmdDefaultUser                      0x08008a88   Data           4  shell.o(.constdata)
    shellPasswordDefaultUser                 0x08008a8c   Data           1  shell.o(.constdata)
    shellDesDefaultUser                      0x08008a8d   Data          13  shell.o(.constdata)
    shellCmdsetVar                           0x08008a9a   Data           7  shell.o(.constdata)
    shellDescsetVar                          0x08008aa1   Data           8  shell.o(.constdata)
    shellDesc0x1B5B4100                      0x08008aa9   Data           3  shell.o(.constdata)
    shellDesc0x1B5B4200                      0x08008aac   Data           5  shell.o(.constdata)
    shellDesc0x1B5B4300                      0x08008ab1   Data           6  shell.o(.constdata)
    shellDesc0x1B5B4400                      0x08008ab7   Data           5  shell.o(.constdata)
    shellDesc0x09000000                      0x08008abc   Data           4  shell.o(.constdata)
    shellDesc0x08000000                      0x08008ac0   Data          10  shell.o(.constdata)
    shellDesc0x7F000000                      0x08008aca   Data          10  shell.o(.constdata)
    shellDesc0x1B5B337E                      0x08008ad4   Data           7  shell.o(.constdata)
    shellDesc0x0A000000                      0x08008adb   Data           6  shell.o(.constdata)
    shellDesc0x0D000000                      0x08008ae1   Data           6  shell.o(.constdata)
    shellCmdhelp                             0x08008ae7   Data           5  shell.o(.constdata)
    shellDeschelp                            0x08008aec   Data          30  shell.o(.constdata)
    shellCmdusers                            0x08008b0a   Data           6  shell.o(.constdata)
    shellDescusers                           0x08008b10   Data          14  shell.o(.constdata)
    shellCmdcmds                             0x08008b1e   Data           5  shell.o(.constdata)
    shellDesccmds                            0x08008b23   Data          13  shell.o(.constdata)
    shellCmdvars                             0x08008b30   Data           5  shell.o(.constdata)
    shellDescvars                            0x08008b35   Data          13  shell.o(.constdata)
    shellCmdkeys                             0x08008b42   Data           5  shell.o(.constdata)
    shellDesckeys                            0x08008b47   Data          13  shell.o(.constdata)
    shellCmdclear                            0x08008b54   Data           6  shell.o(.constdata)
    shellDescclear                           0x08008b5a   Data          14  shell.o(.constdata)
    shellCmdexec                             0x08008b68   Data           5  shell.o(.constdata)
    shellDescexec                            0x08008b6d   Data          27  shell.o(.constdata)
    Region$$Table$$Base                      0x08008e54   Number         0  anon$$obj.o(Region$$Table)
    Region$$Table$$Limit                     0x08008e74   Number         0  anon$$obj.o(Region$$Table)
    shellCommand$$Base                       0x08008e74   Number         0  shell.o(shellCommand)
    shellUserDefault                         0x08008e74   Data          16  shell.o(shellCommand)
    shellCommandsetVar                       0x08008e84   Data          16  shell.o(shellCommand)
    shellKey0x1B5B4100                       0x08008e94   Data          16  shell.o(shellCommand)
    shellKey0x1B5B4200                       0x08008ea4   Data          16  shell.o(shellCommand)
    shellKey0x1B5B4300                       0x08008eb4   Data          16  shell.o(shellCommand)
    shellKey0x1B5B4400                       0x08008ec4   Data          16  shell.o(shellCommand)
    shellKey0x09000000                       0x08008ed4   Data          16  shell.o(shellCommand)
    shellKey0x08000000                       0x08008ee4   Data          16  shell.o(shellCommand)
    shellKey0x7F000000                       0x08008ef4   Data          16  shell.o(shellCommand)
    shellKey0x1B5B337E                       0x08008f04   Data          16  shell.o(shellCommand)
    shellKey0x0A000000                       0x08008f14   Data          16  shell.o(shellCommand)
    shellKey0x0D000000                       0x08008f24   Data          16  shell.o(shellCommand)
    shellCommandhelp                         0x08008f34   Data          16  shell.o(shellCommand)
    shellCommandusers                        0x08008f44   Data          16  shell.o(shellCommand)
    shellCommandcmds                         0x08008f54   Data          16  shell.o(shellCommand)
    shellCommandvars                         0x08008f64   Data          16  shell.o(shellCommand)
    shellCommandkeys                         0x08008f74   Data          16  shell.o(shellCommand)
    shellCommandclear                        0x08008f84   Data          16  shell.o(shellCommand)
    shellCommandexec                         0x08008f94   Data          16  shell.o(shellCommand)
    shellCommand$$Limit                      0x08008fa4   Number         0  shell.o(shellCommand)
    mapindex                                 0x20000000   Data           1  dwin.o(.data)
    g_FirstFlag                              0x20000004   Data           1  charginghandle.o(.data)
    g_TimerNumbers                           0x20000005   Data           1  charginghandle.o(.data)
    SetTime                                  0x2000000e   Data           3  charginghandle.o(.data)
    t_ChargingTimes                          0x20000014   Data           4  charginghandle.o(.data)
    g_ChargingQuantity                       0x20000018   Data           4  charginghandle.o(.data)
    SetDate                                  0x20000028   Data           4  charginghandle.o(.data)
    voltage_KfpFilter                        0x2000002c   Data          24  charginghandle.o(.data)
    current_KfpFilter                        0x20000044   Data          24  charginghandle.o(.data)
    timhandle                                0x2000005c   Data         128  charginghandle.o(.data)
    RecvHandle                               0x200000dc   Data         184  charginghandle.o(.data)
    DAC_Param_Interval                       0x20000194   Data          96  charginghandle.o(.data)
    stimestructure                           0x200001f4   Data           3  rtc.o(.data)
    sdatestructure                           0x200001f7   Data           4  rtc.o(.data)
    g_Timer                                  0x200001fb   Data           2  tim.o(.data)
    rx1Conut                                 0x200001fe   Data           2  usart.o(.data)
    rx1ReciveOver_Flag                       0x20000200   Data           1  usart.o(.data)
    rx2ReciveOver_Flag                       0x20000201   Data           1  usart.o(.data)
    rx2Conut                                 0x20000202   Data           2  usart.o(.data)
    uwTickFreq                               0x20000204   Data           1  stm32f1xx_hal.o(.data)
    uwTickPrio                               0x20000208   Data           4  stm32f1xx_hal.o(.data)
    uwTick                                   0x2000020c   Data           4  stm32f1xx_hal.o(.data)
    SystemCoreClock                          0x20000210   Data           4  system_stm32f1xx.o(.data)
    mdhandler                                0x20000230   Data           4  mdrtuslave.o(.data)
    g_Dwin                                   0x20000298   Data         604  dwin.o(.bss)
    g_map                                    0x200004f4   Data         800  dwin.o(.bss)
    g_tModS                                  0x20000814   Data        1030  modbusmaster.o(.bss)
    g_Charge                                 0x20000c1c   Data          24  charginghandle.o(.bss)
    g_PresentBatteryInfo                     0x20000c34   Data          64  charginghandle.o(.bss)
    gTim                                     0x20000c74   Data         800  main.o(.bss)
    AdcDMA_buffer                            0x20000f94   Data         128  adc.o(.bss)
    hadc1                                    0x20001014   Data          48  adc.o(.bss)
    hdma_adc1                                0x20001044   Data          68  adc.o(.bss)
    hdac                                     0x20001088   Data          20  dac.o(.bss)
    hiwdg                                    0x2000109c   Data          12  iwdg.o(.bss)
    hrtc                                     0x200010a8   Data          20  rtc.o(.bss)
    htim1                                    0x200010bc   Data          72  tim.o(.bss)
    receive1_buff                            0x20001104   Data         256  usart.o(.bss)
    receive2_buff                            0x20001204   Data         256  usart.o(.bss)
    huart1                                   0x20001304   Data          64  usart.o(.bss)
    huart2                                   0x20001344   Data          64  usart.o(.bss)
    hdma_usart1_rx                           0x20001384   Data          68  usart.o(.bss)
    hdma_usart1_tx                           0x200013c8   Data          68  usart.o(.bss)
    hdma_usart2_tx                           0x2000140c   Data          68  usart.o(.bss)
    hdma_usart2_rx                           0x20001450   Data          68  usart.o(.bss)
    pFlash                                   0x20001498   Data          32  stm32f1xx_hal_flash.o(.bss)
    __libspace_start                         0x200014d8   Data          96  libspace.o(.bss)
    __temporary_stack_top$libspace           0x20001538   Data           0  libspace.o(.bss)



==============================================================================

Memory Map of the image

  Image Entry point : 0x08000131

  Load Region LR_IROM1 (Base: 0x08000000, Size: 0x0000923c, Max: 0x00080000, ABSOLUTE, COMPRESSED[0x0000911c])

    Execution Region ER_IROM1 (Exec base: 0x08000000, Load base: 0x08000000, Size: 0x00008fa4, Max: 0x00080000, ABSOLUTE)

    Exec Addr    Load Addr    Size         Type   Attr      Idx    E Section Name        Object

    0x08000000   0x08000000   0x00000130   Data   RO         4228    RESET               startup_stm32f103xe.o
    0x08000130   0x08000130   0x00000008   Code   RO         5101  * !!!main             c_w.l(__main.o)
    0x08000138   0x08000138   0x00000034   Code   RO         5534    !!!scatter          c_w.l(__scatter.o)
    0x0800016c   0x0800016c   0x0000005a   Code   RO         5532    !!dczerorl2         c_w.l(__dczerorl2.o)
    0x080001c6   0x080001c6   0x00000002   PAD
    0x080001c8   0x080001c8   0x0000001c   Code   RO         5536    !!handler_zi        c_w.l(__scatter_zi.o)
    0x080001e4   0x080001e4   0x00000002   Code   RO         5462    .ARM.Collect$$libinit$$00000000  c_w.l(libinit.o)
    0x080001e6   0x080001e6   0x00000000   Code   RO         5277    .ARM.Collect$$libinit$$00000002  c_w.l(libinit2.o)
    0x080001e6   0x080001e6   0x00000000   Code   RO         5279    .ARM.Collect$$libinit$$00000004  c_w.l(libinit2.o)
    0x080001e6   0x080001e6   0x00000008   Code   RO         5280    .ARM.Collect$$libinit$$00000005  c_w.l(libinit2.o)
    0x080001ee   0x080001ee   0x00000000   Code   RO         5282    .ARM.Collect$$libinit$$0000000A  c_w.l(libinit2.o)
    0x080001ee   0x080001ee   0x00000000   Code   RO         5284    .ARM.Collect$$libinit$$0000000C  c_w.l(libinit2.o)
    0x080001ee   0x080001ee   0x00000000   Code   RO         5286    .ARM.Collect$$libinit$$0000000E  c_w.l(libinit2.o)
    0x080001ee   0x080001ee   0x00000000   Code   RO         5289    .ARM.Collect$$libinit$$00000011  c_w.l(libinit2.o)
    0x080001ee   0x080001ee   0x00000000   Code   RO         5291    .ARM.Collect$$libinit$$00000013  c_w.l(libinit2.o)
    0x080001ee   0x080001ee   0x00000000   Code   RO         5293    .ARM.Collect$$libinit$$00000015  c_w.l(libinit2.o)
    0x080001ee   0x080001ee   0x00000000   Code   RO         5295    .ARM.Collect$$libinit$$00000017  c_w.l(libinit2.o)
    0x080001ee   0x080001ee   0x00000000   Code   RO         5297    .ARM.Collect$$libinit$$00000019  c_w.l(libinit2.o)
    0x080001ee   0x080001ee   0x00000000   Code   RO         5299    .ARM.Collect$$libinit$$0000001B  c_w.l(libinit2.o)
    0x080001ee   0x080001ee   0x00000000   Code   RO         5301    .ARM.Collect$$libinit$$0000001D  c_w.l(libinit2.o)
    0x080001ee   0x080001ee   0x00000000   Code   RO         5303    .ARM.Collect$$libinit$$0000001F  c_w.l(libinit2.o)
    0x080001ee   0x080001ee   0x00000000   Code   RO         5305    .ARM.Collect$$libinit$$00000021  c_w.l(libinit2.o)
    0x080001ee   0x080001ee   0x00000000   Code   RO         5307    .ARM.Collect$$libinit$$00000023  c_w.l(libinit2.o)
    0x080001ee   0x080001ee   0x00000000   Code   RO         5309    .ARM.Collect$$libinit$$00000025  c_w.l(libinit2.o)
    0x080001ee   0x080001ee   0x00000000   Code   RO         5313    .ARM.Collect$$libinit$$0000002C  c_w.l(libinit2.o)
    0x080001ee   0x080001ee   0x00000000   Code   RO         5315    .ARM.Collect$$libinit$$0000002E  c_w.l(libinit2.o)
    0x080001ee   0x080001ee   0x00000000   Code   RO         5317    .ARM.Collect$$libinit$$00000030  c_w.l(libinit2.o)
    0x080001ee   0x080001ee   0x00000000   Code   RO         5319    .ARM.Collect$$libinit$$00000032  c_w.l(libinit2.o)
    0x080001ee   0x080001ee   0x00000002   Code   RO         5320    .ARM.Collect$$libinit$$00000033  c_w.l(libinit2.o)
    0x080001f0   0x080001f0   0x00000002   Code   RO         5529    .ARM.Collect$$libshutdown$$00000000  c_w.l(libshutdown.o)
    0x080001f2   0x080001f2   0x00000000   Code   RO         5485    .ARM.Collect$$libshutdown$$00000002  c_w.l(libshutdown2.o)
    0x080001f2   0x080001f2   0x00000000   Code   RO         5487    .ARM.Collect$$libshutdown$$00000004  c_w.l(libshutdown2.o)
    0x080001f2   0x080001f2   0x00000000   Code   RO         5490    .ARM.Collect$$libshutdown$$00000007  c_w.l(libshutdown2.o)
    0x080001f2   0x080001f2   0x00000000   Code   RO         5493    .ARM.Collect$$libshutdown$$0000000A  c_w.l(libshutdown2.o)
    0x080001f2   0x080001f2   0x00000000   Code   RO         5495    .ARM.Collect$$libshutdown$$0000000C  c_w.l(libshutdown2.o)
    0x080001f2   0x080001f2   0x00000000   Code   RO         5498    .ARM.Collect$$libshutdown$$0000000F  c_w.l(libshutdown2.o)
    0x080001f2   0x080001f2   0x00000002   Code   RO         5499    .ARM.Collect$$libshutdown$$00000010  c_w.l(libshutdown2.o)
    0x080001f4   0x080001f4   0x00000000   Code   RO         5153    .ARM.Collect$$rtentry$$00000000  c_w.l(__rtentry.o)
    0x080001f4   0x080001f4   0x00000000   Code   RO         5348    .ARM.Collect$$rtentry$$00000002  c_w.l(__rtentry2.o)
    0x080001f4   0x080001f4   0x00000006   Code   RO         5360    .ARM.Collect$$rtentry$$00000004  c_w.l(__rtentry4.o)
    0x080001fa   0x080001fa   0x00000000   Code   RO         5350    .ARM.Collect$$rtentry$$00000009  c_w.l(__rtentry2.o)
    0x080001fa   0x080001fa   0x00000004   Code   RO         5351    .ARM.Collect$$rtentry$$0000000A  c_w.l(__rtentry2.o)
    0x080001fe   0x080001fe   0x00000000   Code   RO         5353    .ARM.Collect$$rtentry$$0000000C  c_w.l(__rtentry2.o)
    0x080001fe   0x080001fe   0x00000008   Code   RO         5354    .ARM.Collect$$rtentry$$0000000D  c_w.l(__rtentry2.o)
    0x08000206   0x08000206   0x00000002   Code   RO         5471    .ARM.Collect$$rtexit$$00000000  c_w.l(rtexit.o)
    0x08000208   0x08000208   0x00000000   Code   RO         5503    .ARM.Collect$$rtexit$$00000002  c_w.l(rtexit2.o)
    0x08000208   0x08000208   0x00000004   Code   RO         5504    .ARM.Collect$$rtexit$$00000003  c_w.l(rtexit2.o)
    0x0800020c   0x0800020c   0x00000006   Code   RO         5505    .ARM.Collect$$rtexit$$00000004  c_w.l(rtexit2.o)
    0x08000212   0x08000212   0x00000002   PAD
    0x08000214   0x08000214   0x00000000   Code   RO         5364    .emb_text           c_w.l(maybetermalloc1.o)
    0x08000214   0x08000214   0x00000040   Code   RO         4229    .text               startup_stm32f103xe.o
    0x08000254   0x08000254   0x0000005e   Code   RO         5023    .text               c_w.l(h1_alloc.o)
    0x080002b2   0x080002b2   0x0000004e   Code   RO         5025    .text               c_w.l(h1_free.o)
    0x08000300   0x08000300   0x00000026   Code   RO         5081    .text               c_w.l(llushr.o)
    0x08000326   0x08000326   0x0000003e   Code   RO         5085    .text               c_w.l(strlen.o)
    0x08000364   0x08000364   0x00000096   Code   RO         5087    .text               c_w.l(strncmp.o)
    0x080003fa   0x080003fa   0x0000008a   Code   RO         5089    .text               c_w.l(rt_memcpy_v6.o)
    0x08000484   0x08000484   0x00000010   Code   RO         5091    .text               c_w.l(aeabi_memset.o)
    0x08000494   0x08000494   0x00000044   Code   RO         5093    .text               c_w.l(rt_memclr.o)
    0x080004d8   0x080004d8   0x0000004e   Code   RO         5095    .text               c_w.l(rt_memclr_w.o)
    0x08000526   0x08000526   0x00000002   PAD
    0x08000528   0x08000528   0x00000080   Code   RO         5097    .text               c_w.l(strcmpv7m.o)
    0x080005a8   0x080005a8   0x00000006   Code   RO         5099    .text               c_w.l(heapauxi.o)
    0x080005ae   0x080005ae   0x00000002   PAD
    0x080005b0   0x080005b0   0x00000008   Code   RO         5157    .text               c_w.l(rt_heap_descriptor_intlibspace.o)
    0x080005b8   0x080005b8   0x00000004   Code   RO         5159    .text               c_w.l(hguard.o)
    0x080005bc   0x080005bc   0x0000008a   Code   RO         5161    .text               c_w.l(init_alloc.o)
    0x08000646   0x08000646   0x0000000e   Code   RO         5165    .text               c_w.l(h1_init.o)
    0x08000654   0x08000654   0x00000064   Code   RO         5272    .text               c_w.l(rt_memcpy_w.o)
    0x080006b8   0x080006b8   0x00000008   Code   RO         5344    .text               c_w.l(libspace.o)
    0x080006c0   0x080006c0   0x00000034   Code   RO         5366    .text               c_w.l(h1_extend.o)
    0x080006f4   0x080006f4   0x0000000e   Code   RO         5388    .text               c_w.l(defsig_rtmem_outer.o)
    0x08000702   0x08000702   0x00000002   Code   RO         5401    .text               c_w.l(use_no_semi.o)
    0x08000704   0x08000704   0x00000000   Code   RO         5403    .text               c_w.l(indicate_semi.o)
    0x08000704   0x08000704   0x0000004a   Code   RO         5404    .text               c_w.l(sys_stackheap_outer.o)
    0x0800074e   0x0800074e   0x00000012   Code   RO         5447    .text               c_w.l(exit.o)
    0x08000760   0x08000760   0x0000000a   Code   RO         5449    .text               c_w.l(defsig_exit.o)
    0x0800076a   0x0800076a   0x00000002   PAD
    0x0800076c   0x0800076c   0x00000050   Code   RO         5451    .text               c_w.l(defsig_rtmem_inner.o)
    0x080007bc   0x080007bc   0x0000000c   Code   RO         5469    .text               c_w.l(sys_exit.o)
    0x080007c8   0x080007c8   0x00000032   Code   RO         5482    .text               c_w.l(defsig_general.o)
    0x080007fa   0x080007fa   0x0000000e   Code   RO         5500    .text               c_w.l(sys_wrch.o)
    0x08000808   0x08000808   0x00000054   Code   RO         1298    i.ADC_ConversionStop_Disable  stm32f1xx_hal_adc.o
    0x0800085c   0x0800085c   0x00000054   Code   RO         1299    i.ADC_DMAConvCplt   stm32f1xx_hal_adc.o
    0x080008b0   0x080008b0   0x0000001a   Code   RO         1300    i.ADC_DMAError      stm32f1xx_hal_adc.o
    0x080008ca   0x080008ca   0x0000000a   Code   RO         1301    i.ADC_DMAHalfConvCplt  stm32f1xx_hal_adc.o
    0x080008d4   0x080008d4   0x000000b8   Code   RO         1302    i.ADC_Enable        stm32f1xx_hal_adc.o
    0x0800098c   0x0800098c   0x00000002   Code   RO         1092    i.BusFault_Handler  stm32f1xx_it.o
    0x0800098e   0x0800098e   0x00000002   PAD
    0x08000990   0x08000990   0x00000014   Code   RO          331    i.ChargeCompensation  charginghandle.o
    0x080009a4   0x080009a4   0x00000024   Code   RO          332    i.ChargeTargetTime  charginghandle.o
    0x080009c8   0x080009c8   0x00000030   Code   RO          333    i.ChargeTimer       charginghandle.o
    0x080009f8   0x080009f8   0x00000284   Code   RO          334    i.ChargerHandle     charginghandle.o
    0x08000c7c   0x08000c7c   0x00000084   Code   RO          335    i.ChargingProcess   charginghandle.o
    0x08000d00   0x08000d00   0x0000005c   Code   RO          336    i.Charging_Animation  charginghandle.o
    0x08000d5c   0x08000d5c   0x00000010   Code   RO          337    i.CheckPassword     charginghandle.o
    0x08000d6c   0x08000d6c   0x00000010   Code   RO          338    i.CheckUserName     charginghandle.o
    0x08000d7c   0x08000d7c   0x000000ac   Code   RO          339    i.Check_ChargingDisconnection  charginghandle.o
    0x08000e28   0x08000e28   0x000000f0   Code   RO          340    i.CommunicationInit  charginghandle.o
    0x08000f18   0x08000f18   0x0000002c   Code   RO          341    i.ConstantCurrentTargetVoltage  charginghandle.o
    0x08000f44   0x08000f44   0x0000002c   Code   RO          342    i.ConstantCurrent_Current  charginghandle.o
    0x08000f70   0x08000f70   0x0000002c   Code   RO          343    i.ConstantVoltageTargetCurrent  charginghandle.o
    0x08000f9c   0x08000f9c   0x0000002c   Code   RO          344    i.ConstantVoltage_Voltage  charginghandle.o
    0x08000fc8   0x08000fc8   0x0000000c   Code   RO         1093    i.DMA1_Channel1_IRQHandler  stm32f1xx_it.o
    0x08000fd4   0x08000fd4   0x0000000c   Code   RO         1094    i.DMA1_Channel4_IRQHandler  stm32f1xx_it.o
    0x08000fe0   0x08000fe0   0x0000000c   Code   RO         1095    i.DMA1_Channel5_IRQHandler  stm32f1xx_it.o
    0x08000fec   0x08000fec   0x0000000c   Code   RO         1096    i.DMA1_Channel6_IRQHandler  stm32f1xx_it.o
    0x08000ff8   0x08000ff8   0x0000000c   Code   RO         1097    i.DMA1_Channel7_IRQHandler  stm32f1xx_it.o
    0x08001004   0x08001004   0x00000020   Code   RO           10    i.DWIN_InportMap    dwin.o
    0x08001024   0x08001024   0x00000060   Code   RO           11    i.DWIN_PageChange   dwin.o
    0x08001084   0x08001084   0x00000078   Code   RO           12    i.DWIN_Poll         dwin.o
    0x080010fc   0x080010fc   0x0000003c   Code   RO           14    i.DWIN_ReciveNew    dwin.o
    0x08001138   0x08001138   0x00000080   Code   RO           18    i.DWIN_WRITE        dwin.o
    0x080011b8   0x080011b8   0x00000002   Code   RO         1098    i.DebugMon_Handler  stm32f1xx_it.o
    0x080011ba   0x080011ba   0x00000030   Code   RO          295    i.EndianSwap        publicfunc.o
    0x080011ea   0x080011ea   0x00000002   Code   RO          671    i.Error_Handler     main.o
    0x080011ec   0x080011ec   0x00000018   Code   RO          635    i.FLASH_Init        flash.o
    0x08001204   0x08001204   0x00000050   Code   RO          636    i.FLASH_Read        flash.o
    0x08001254   0x08001254   0x000000b8   Code   RO         2278    i.FLASH_WaitForLastOperation  stm32f1xx_hal_flash.o
    0x0800130c   0x0800130c   0x0000007a   Code   RO          637    i.FLASH_Write       flash.o
    0x08001386   0x08001386   0x00000002   PAD
    0x08001388   0x08001388   0x00000024   Code   RO          345    i.Flash_Operation   charginghandle.o
    0x080013ac   0x080013ac   0x00000044   Code   RO          761    i.GetAdcToDmaValue  adc.o
    0x080013f0   0x080013f0   0x000000c0   Code   RO          348    i.Get_Voltage       charginghandle.o
    0x080014b0   0x080014b0   0x00000074   Code   RO          349    i.Get_VoltageMicroCompensate  charginghandle.o
    0x08001524   0x08001524   0x0000015c   Code   RO         1304    i.HAL_ADC_ConfigChannel  stm32f1xx_hal_adc.o
    0x08001680   0x08001680   0x00000002   Code   RO         1305    i.HAL_ADC_ConvCpltCallback  stm32f1xx_hal_adc.o
    0x08001682   0x08001682   0x00000002   Code   RO         1306    i.HAL_ADC_ConvHalfCpltCallback  stm32f1xx_hal_adc.o
    0x08001684   0x08001684   0x00000002   Code   RO         1308    i.HAL_ADC_ErrorCallback  stm32f1xx_hal_adc.o
    0x08001686   0x08001686   0x00000002   PAD
    0x08001688   0x08001688   0x00000144   Code   RO         1313    i.HAL_ADC_Init      stm32f1xx_hal_adc.o
    0x080017cc   0x080017cc   0x00000098   Code   RO          763    i.HAL_ADC_MspInit   adc.o
    0x08001864   0x08001864   0x00000120   Code   RO         1320    i.HAL_ADC_Start_DMA  stm32f1xx_hal_adc.o
    0x08001984   0x08001984   0x0000005c   Code   RO         2505    i.HAL_DAC_ConfigChannel  stm32f1xx_hal_dac.o
    0x080019e0   0x080019e0   0x00000028   Code   RO         2515    i.HAL_DAC_Init      stm32f1xx_hal_dac.o
    0x08001a08   0x08001a08   0x0000005c   Code   RO          810    i.HAL_DAC_MspInit   dac.o
    0x08001a64   0x08001a64   0x00000020   Code   RO         2518    i.HAL_DAC_SetValue  stm32f1xx_hal_dac.o
    0x08001a84   0x08001a84   0x0000006a   Code   RO         2519    i.HAL_DAC_Start     stm32f1xx_hal_dac.o
    0x08001aee   0x08001aee   0x00000048   Code   RO         1951    i.HAL_DMA_Abort     stm32f1xx_hal_dma.o
    0x08001b36   0x08001b36   0x00000002   PAD
    0x08001b38   0x08001b38   0x00000140   Code   RO         1952    i.HAL_DMA_Abort_IT  stm32f1xx_hal_dma.o
    0x08001c78   0x08001c78   0x00000268   Code   RO         1956    i.HAL_DMA_IRQHandler  stm32f1xx_hal_dma.o
    0x08001ee0   0x08001ee0   0x000000a0   Code   RO         1957    i.HAL_DMA_Init      stm32f1xx_hal_dma.o
    0x08001f80   0x08001f80   0x00000096   Code   RO         1961    i.HAL_DMA_Start_IT  stm32f1xx_hal_dma.o
    0x08002016   0x08002016   0x00000002   PAD
    0x08002018   0x08002018   0x00000028   Code   RO         1581    i.HAL_Delay         stm32f1xx_hal.o
    0x08002040   0x08002040   0x000000d0   Code   RO         2372    i.HAL_FLASHEx_Erase  stm32f1xx_hal_flash_ex.o
    0x08002110   0x08002110   0x00000014   Code   RO         2282    i.HAL_FLASH_Lock    stm32f1xx_hal_flash.o
    0x08002124   0x08002124   0x00000150   Code   RO         2287    i.HAL_FLASH_Program  stm32f1xx_hal_flash.o
    0x08002274   0x08002274   0x00000030   Code   RO         2289    i.HAL_FLASH_Unlock  stm32f1xx_hal_flash.o
    0x080022a4   0x080022a4   0x00000204   Code   RO         1888    i.HAL_GPIO_Init     stm32f1xx_hal_gpio.o
    0x080024a8   0x080024a8   0x0000000a   Code   RO         1892    i.HAL_GPIO_WritePin  stm32f1xx_hal_gpio.o
    0x080024b2   0x080024b2   0x00000002   PAD
    0x080024b4   0x080024b4   0x0000000c   Code   RO         1585    i.HAL_GetTick       stm32f1xx_hal.o
    0x080024c0   0x080024c0   0x00000056   Code   RO         2730    i.HAL_IWDG_Init     stm32f1xx_hal_iwdg.o
    0x08002516   0x08002516   0x0000000c   Code   RO         2731    i.HAL_IWDG_Refresh  stm32f1xx_hal_iwdg.o
    0x08002522   0x08002522   0x00000002   PAD
    0x08002524   0x08002524   0x00000010   Code   RO         1591    i.HAL_IncTick       stm32f1xx_hal.o
    0x08002534   0x08002534   0x00000024   Code   RO         1592    i.HAL_Init          stm32f1xx_hal.o
    0x08002558   0x08002558   0x00000040   Code   RO         1593    i.HAL_InitTick      stm32f1xx_hal.o
    0x08002598   0x08002598   0x00000044   Code   RO         1216    i.HAL_MspInit       stm32f1xx_hal_msp.o
    0x080025dc   0x080025dc   0x0000001e   Code   RO         2043    i.HAL_NVIC_EnableIRQ  stm32f1xx_hal_cortex.o
    0x080025fa   0x080025fa   0x00000002   PAD
    0x080025fc   0x080025fc   0x00000064   Code   RO         2049    i.HAL_NVIC_SetPriority  stm32f1xx_hal_cortex.o
    0x08002660   0x08002660   0x00000024   Code   RO         2050    i.HAL_NVIC_SetPriorityGrouping  stm32f1xx_hal_cortex.o
    0x08002684   0x08002684   0x0000000c   Code   RO         2160    i.HAL_PWR_EnableBkUpAccess  stm32f1xx_hal_pwr.o
    0x08002690   0x08002690   0x00000118   Code   RO         1850    i.HAL_RCCEx_GetPeriphCLKFreq  stm32f1xx_hal_rcc_ex.o
    0x080027a8   0x080027a8   0x0000012c   Code   RO         1851    i.HAL_RCCEx_PeriphCLKConfig  stm32f1xx_hal_rcc_ex.o
    0x080028d4   0x080028d4   0x000001c4   Code   RO         1749    i.HAL_RCC_ClockConfig  stm32f1xx_hal_rcc.o
    0x08002a98   0x08002a98   0x00000020   Code   RO         1756    i.HAL_RCC_GetPCLK1Freq  stm32f1xx_hal_rcc.o
    0x08002ab8   0x08002ab8   0x00000020   Code   RO         1757    i.HAL_RCC_GetPCLK2Freq  stm32f1xx_hal_rcc.o
    0x08002ad8   0x08002ad8   0x00000078   Code   RO         1758    i.HAL_RCC_GetSysClockFreq  stm32f1xx_hal_rcc.o
    0x08002b50   0x08002b50   0x000003c8   Code   RO         1761    i.HAL_RCC_OscConfig  stm32f1xx_hal_rcc.o
    0x08002f18   0x08002f18   0x00000010   Code   RO         2895    i.HAL_RTCEx_BKUPRead  stm32f1xx_hal_rtc_ex.o
    0x08002f28   0x08002f28   0x00000010   Code   RO         2896    i.HAL_RTCEx_BKUPWrite  stm32f1xx_hal_rtc_ex.o
    0x08002f38   0x08002f38   0x00000130   Code   RO         2768    i.HAL_RTC_Init      stm32f1xx_hal_rtc.o
    0x08003068   0x08003068   0x00000038   Code   RO          906    i.HAL_RTC_MspInit   rtc.o
    0x080030a0   0x080030a0   0x0000002c   Code   RO         2054    i.HAL_SYSTICK_Config  stm32f1xx_hal_cortex.o
    0x080030cc   0x080030cc   0x00000002   Code   RO         3666    i.HAL_TIMEx_BreakCallback  stm32f1xx_hal_tim_ex.o
    0x080030ce   0x080030ce   0x00000002   Code   RO         3667    i.HAL_TIMEx_CommutCallback  stm32f1xx_hal_tim_ex.o
    0x080030d0   0x080030d0   0x00000082   Code   RO         3685    i.HAL_TIMEx_MasterConfigSynchronization  stm32f1xx_hal_tim_ex.o
    0x08003152   0x08003152   0x0000005a   Code   RO         2999    i.HAL_TIM_Base_Init  stm32f1xx_hal_tim.o
    0x080031ac   0x080031ac   0x0000003c   Code   RO          982    i.HAL_TIM_Base_MspInit  tim.o
    0x080031e8   0x080031e8   0x0000006c   Code   RO         3004    i.HAL_TIM_Base_Start_IT  stm32f1xx_hal_tim.o
    0x08003254   0x08003254   0x00000184   Code   RO         3008    i.HAL_TIM_ConfigClockSource  stm32f1xx_hal_tim.o
    0x080033d8   0x080033d8   0x00000002   Code   RO         3033    i.HAL_TIM_IC_CaptureCallback  stm32f1xx_hal_tim.o
    0x080033da   0x080033da   0x0000016c   Code   RO         3047    i.HAL_TIM_IRQHandler  stm32f1xx_hal_tim.o
    0x08003546   0x08003546   0x00000002   Code   RO         3050    i.HAL_TIM_OC_DelayElapsedCallback  stm32f1xx_hal_tim.o
    0x08003548   0x08003548   0x00000002   Code   RO         3077    i.HAL_TIM_PWM_PulseFinishedCallback  stm32f1xx_hal_tim.o
    0x0800354a   0x0800354a   0x00000002   PAD
    0x0800354c   0x0800354c   0x00000074   Code   RO          983    i.HAL_TIM_PeriodElapsedCallback  tim.o
    0x080035c0   0x080035c0   0x00000002   Code   RO         3090    i.HAL_TIM_TriggerCallback  stm32f1xx_hal_tim.o
    0x080035c2   0x080035c2   0x00000078   Code   RO         3947    i.HAL_UART_DMAStop  stm32f1xx_hal_uart.o
    0x0800363a   0x0800363a   0x00000002   Code   RO         3949    i.HAL_UART_ErrorCallback  stm32f1xx_hal_uart.o
    0x0800363c   0x0800363c   0x000002ac   Code   RO         3952    i.HAL_UART_IRQHandler  stm32f1xx_hal_uart.o
    0x080038e8   0x080038e8   0x00000062   Code   RO         3953    i.HAL_UART_Init     stm32f1xx_hal_uart.o
    0x0800394a   0x0800394a   0x00000002   PAD
    0x0800394c   0x0800394c   0x000001c4   Code   RO         1031    i.HAL_UART_MspInit  usart.o
    0x08003b10   0x08003b10   0x00000098   Code   RO         3957    i.HAL_UART_Receive_DMA  stm32f1xx_hal_uart.o
    0x08003ba8   0x08003ba8   0x00000002   Code   RO         3959    i.HAL_UART_RxCpltCallback  stm32f1xx_hal_uart.o
    0x08003baa   0x08003baa   0x00000002   Code   RO         3960    i.HAL_UART_RxHalfCpltCallback  stm32f1xx_hal_uart.o
    0x08003bac   0x08003bac   0x00000122   Code   RO         3961    i.HAL_UART_Transmit  stm32f1xx_hal_uart.o
    0x08003cce   0x08003cce   0x00000002   PAD
    0x08003cd0   0x08003cd0   0x00000084   Code   RO         3962    i.HAL_UART_Transmit_DMA  stm32f1xx_hal_uart.o
    0x08003d54   0x08003d54   0x00000002   Code   RO         3964    i.HAL_UART_TxCpltCallback  stm32f1xx_hal_uart.o
    0x08003d56   0x08003d56   0x00000002   Code   RO         3965    i.HAL_UART_TxHalfCpltCallback  stm32f1xx_hal_uart.o
    0x08003d58   0x08003d58   0x00000002   Code   RO         1099    i.HardFault_Handler  stm32f1xx_it.o
    0x08003d5a   0x08003d5a   0x00000020   Code   RO          350    i.InputCancel       charginghandle.o
    0x08003d7a   0x08003d7a   0x00000002   PAD
    0x08003d7c   0x08003d7c   0x000000a4   Code   RO          351    i.InputConfirm      charginghandle.o
    0x08003e20   0x08003e20   0x00000030   Code   RO          352    i.LTE_Report_ChargeData  charginghandle.o
    0x08003e50   0x08003e50   0x00000100   Code   RO          261    i.MOD_46H           modbusmaster.o
    0x08003f50   0x08003f50   0x00000074   Code   RO          764    i.MX_ADC1_Init      adc.o
    0x08003fc4   0x08003fc4   0x00000040   Code   RO          811    i.MX_DAC_Init       dac.o
    0x08004004   0x08004004   0x0000006c   Code   RO          851    i.MX_DMA_Init       dma.o
    0x08004070   0x08004070   0x000000dc   Code   RO          737    i.MX_GPIO_Init      gpio.o
    0x0800414c   0x0800414c   0x0000002c   Code   RO          875    i.MX_IWDG_Init      iwdg.o
    0x08004178   0x08004178   0x000001b4   Code   RO          908    i.MX_RTC_Init       rtc.o
    0x0800432c   0x0800432c   0x0000006c   Code   RO          984    i.MX_TIM1_Init      tim.o
    0x08004398   0x08004398   0x00000054   Code   RO         1032    i.MX_USART1_UART_Init  usart.o
    0x080043ec   0x080043ec   0x00000054   Code   RO         1033    i.MX_USART2_UART_Init  usart.o
    0x08004440   0x08004440   0x00000002   Code   RO         1100    i.MemManage_Handler  stm32f1xx_it.o
    0x08004442   0x08004442   0x00000002   PAD
    0x08004444   0x08004444   0x0000001c   Code   RO         4466    i.ModbusInit        mdrtuslave.o
    0x08004460   0x08004460   0x00000002   Code   RO         1101    i.NMI_Handler       stm32f1xx_it.o
    0x08004462   0x08004462   0x00000002   PAD
    0x08004464   0x08004464   0x00000088   Code   RO          353    i.OtherEvent        charginghandle.o
    0x080044ec   0x080044ec   0x00000002   Code   RO         1102    i.PendSV_Handler    stm32f1xx_it.o
    0x080044ee   0x080044ee   0x00000002   PAD
    0x080044f0   0x080044f0   0x00000044   Code   RO          354    i.Report_BackChargingData  charginghandle.o
    0x08004534   0x08004534   0x00000050   Code   RO          355    i.Report_ChargeData  charginghandle.o
    0x08004584   0x08004584   0x00000104   Code   RO          356    i.Report_DataHandle  charginghandle.o
    0x08004688   0x08004688   0x0000007c   Code   RO          357    i.Report_RealTime   charginghandle.o
    0x08004704   0x08004704   0x00000002   Code   RO          358    i.RestoreFactory    charginghandle.o
    0x08004706   0x08004706   0x00000002   Code   RO         1103    i.SVC_Handler       stm32f1xx_it.o
    0x08004708   0x08004708   0x00000070   Code   RO          359    i.Sampling_handle   charginghandle.o
    0x08004778   0x08004778   0x00000084   Code   RO          360    i.SetBatteryCapacity  charginghandle.o
    0x080047fc   0x080047fc   0x00000054   Code   RO          909    i.SetRtcCount       rtc.o
    0x08004850   0x08004850   0x000000cc   Code   RO          361    i.Set_BaterrryVoltageInfo  charginghandle.o
    0x0800491c   0x0800491c   0x0000000c   Code   RO          362    i.Set_Date          charginghandle.o
    0x08004928   0x08004928   0x0000000c   Code   RO          363    i.Set_Hour          charginghandle.o
    0x08004934   0x08004934   0x0000000c   Code   RO          364    i.Set_Min           charginghandle.o
    0x08004940   0x08004940   0x0000000c   Code   RO          365    i.Set_Month         charginghandle.o
    0x0800494c   0x0800494c   0x0000000c   Code   RO          366    i.Set_Sec           charginghandle.o
    0x08004958   0x08004958   0x0000002c   Code   RO          367    i.Set_SecondBootvoltage  charginghandle.o
    0x08004984   0x08004984   0x00000020   Code   RO          368    i.Set_UnitElements  charginghandle.o
    0x080049a4   0x080049a4   0x00000100   Code   RO          369    i.Set_Voltage       charginghandle.o
    0x08004aa4   0x08004aa4   0x0000000c   Code   RO          370    i.Set_Year          charginghandle.o
    0x08004ab0   0x08004ab0   0x00000024   Code   RO          371    i.Setting_RealTime  charginghandle.o
    0x08004ad4   0x08004ad4   0x000001b8   Code   RO          910    i.Stamp2time        rtc.o
    0x08004c8c   0x08004c8c   0x00000004   Code   RO         1104    i.SysTick_Handler   stm32f1xx_it.o
    0x08004c90   0x08004c90   0x00000002   Code   RO         4237    i.SystemInit        system_stm32f1xx.o
    0x08004c92   0x08004c92   0x00000002   PAD
    0x08004c94   0x08004c94   0x0000000c   Code   RO         1105    i.TIM1_UP_IRQHandler  stm32f1xx_it.o
    0x08004ca0   0x08004ca0   0x00000094   Code   RO         3092    i.TIM_Base_SetConfig  stm32f1xx_hal_tim.o
    0x08004d34   0x08004d34   0x0000002c   Code   RO          372    i.TrickleChargeCurrent  charginghandle.o
    0x08004d60   0x08004d60   0x0000002c   Code   RO          373    i.TrickleChargeTargetVoltage  charginghandle.o
    0x08004d8c   0x08004d8c   0x00000010   Code   RO         3966    i.UART_DMAAbortOnError  stm32f1xx_hal_uart.o
    0x08004d9c   0x08004d9c   0x0000006e   Code   RO         3967    i.UART_DMAError     stm32f1xx_hal_uart.o
    0x08004e0a   0x08004e0a   0x0000003e   Code   RO         3968    i.UART_DMAReceiveCplt  stm32f1xx_hal_uart.o
    0x08004e48   0x08004e48   0x0000000a   Code   RO         3970    i.UART_DMARxHalfCplt  stm32f1xx_hal_uart.o
    0x08004e52   0x08004e52   0x00000030   Code   RO         3972    i.UART_DMATransmitCplt  stm32f1xx_hal_uart.o
    0x08004e82   0x08004e82   0x0000000a   Code   RO         3974    i.UART_DMATxHalfCplt  stm32f1xx_hal_uart.o
    0x08004e8c   0x08004e8c   0x000000cc   Code   RO         3976    i.UART_SetConfig    stm32f1xx_hal_uart.o
    0x08004f58   0x08004f58   0x00000048   Code   RO         1106    i.USART1_IRQHandler  stm32f1xx_it.o
    0x08004fa0   0x08004fa0   0x00000048   Code   RO         1107    i.USART2_IRQHandler  stm32f1xx_it.o
    0x08004fe8   0x08004fe8   0x00000002   Code   RO         1108    i.UsageFault_Handler  stm32f1xx_it.o
    0x08004fea   0x08004fea   0x00000008   Code   RO         4584    i.__ARM_common_memclr4_8  mdrtuslave.o
    0x08004ff2   0x08004ff2   0x00000012   Code   RO         4907    i.__ARM_common_memset4_9  shell.o
    0x08005004   0x08005004   0x00000094   Code   RO          374    i.getChargingState  charginghandle.o
    0x08005098   0x08005098   0x0000006c   Code   RO          297    i.kalmanFilter      publicfunc.o
    0x08005104   0x08005104   0x000001bc   Code   RO          675    i.main              main.o
    0x080052c0   0x080052c0   0x0000000c   Code   RO         4288    i.mdClearReceiveBuffer  mdrecbuffer.o
    0x080052cc   0x080052cc   0x00000038   Code   RO         4271    i.mdCrc16           mdcrc16.o
    0x08005304   0x08005304   0x00000114   Code   RO         4467    i.mdCreateModbusRTUSlave  mdrtuslave.o
    0x08005418   0x08005418   0x0000002a   Code   RO         4289    i.mdCreateReceiveBuffer  mdrecbuffer.o
    0x08005442   0x08005442   0x00000002   PAD
    0x08005444   0x08005444   0x00000198   Code   RO         4318    i.mdCreateRegisterPool  mdregpool.o
    0x080055dc   0x080055dc   0x000000c8   Code   RO         4320    i.mdFindRegisterByAddress  mdregpool.o
    0x080056a4   0x080056a4   0x000000b8   Code   RO         4469    i.mdRTUCenterProcessor  mdrtuslave.o
    0x0800575c   0x0800575c   0x00000002   Code   RO         4470    i.mdRTUError        mdrtuslave.o
    0x0800575e   0x0800575e   0x000000b8   Code   RO         4471    i.mdRTUHandleCode1  mdrtuslave.o
    0x08005816   0x08005816   0x00000002   PAD
    0x08005818   0x08005818   0x00000074   Code   RO         4472    i.mdRTUHandleCode15  mdrtuslave.o
    0x0800588c   0x0800588c   0x0000006e   Code   RO         4473    i.mdRTUHandleCode16  mdrtuslave.o
    0x080058fa   0x080058fa   0x000000b8   Code   RO         4474    i.mdRTUHandleCode2  mdrtuslave.o
    0x080059b2   0x080059b2   0x000000f6   Code   RO         4475    i.mdRTUHandleCode3  mdrtuslave.o
    0x08005aa8   0x08005aa8   0x000000f6   Code   RO         4476    i.mdRTUHandleCode4  mdrtuslave.o
    0x08005b9e   0x08005b9e   0x0000002e   Code   RO         4477    i.mdRTUHandleCode5  mdrtuslave.o
    0x08005bcc   0x08005bcc   0x00000028   Code   RO         4478    i.mdRTUHandleCode6  mdrtuslave.o
    0x08005bf4   0x08005bf4   0x0000001c   Code   RO         4479    i.mdRTUSendString   mdrtuslave.o
    0x08005c10   0x08005c10   0x00000010   Code   RO         4480    i.mdRTU_Handler     mdrtuslave.o
    0x08005c20   0x08005c20   0x00000040   Code   RO         4321    i.mdReadBit         mdregpool.o
    0x08005c60   0x08005c60   0x00000030   Code   RO         4322    i.mdReadBits        mdregpool.o
    0x08005c90   0x08005c90   0x0000001a   Code   RO         4323    i.mdReadCoil        mdregpool.o
    0x08005caa   0x08005caa   0x0000003e   Code   RO         4324    i.mdReadCoils       mdregpool.o
    0x08005ce8   0x08005ce8   0x0000000c   Code   RO         4325    i.mdReadHoldRegister  mdregpool.o
    0x08005cf4   0x08005cf4   0x00000010   Code   RO         4326    i.mdReadHoldRegisters  mdregpool.o
    0x08005d04   0x08005d04   0x0000001e   Code   RO         4327    i.mdReadInputCoil   mdregpool.o
    0x08005d22   0x08005d22   0x00000002   PAD
    0x08005d24   0x08005d24   0x00000048   Code   RO         4328    i.mdReadInputCoils  mdregpool.o
    0x08005d6c   0x08005d6c   0x0000000c   Code   RO         4329    i.mdReadInputRegister  mdregpool.o
    0x08005d78   0x08005d78   0x00000010   Code   RO         4330    i.mdReadInputRegisters  mdregpool.o
    0x08005d88   0x08005d88   0x0000001a   Code   RO         4331    i.mdReadU16         mdregpool.o
    0x08005da2   0x08005da2   0x00000030   Code   RO         4332    i.mdReadU16s        mdregpool.o
    0x08005dd2   0x08005dd2   0x000000bc   Code   RO         4333    i.mdWriteBit        mdregpool.o
    0x08005e8e   0x08005e8e   0x00000030   Code   RO         4334    i.mdWriteBits       mdregpool.o
    0x08005ebe   0x08005ebe   0x0000000a   Code   RO         4335    i.mdWriteCoil       mdregpool.o
    0x08005ec8   0x08005ec8   0x00000036   Code   RO         4336    i.mdWriteCoils      mdregpool.o
    0x08005efe   0x08005efe   0x0000000c   Code   RO         4337    i.mdWriteHoldRegister  mdregpool.o
    0x08005f0a   0x08005f0a   0x00000010   Code   RO         4338    i.mdWriteHoldRegisters  mdregpool.o
    0x08005f1a   0x08005f1a   0x0000000e   Code   RO         4339    i.mdWriteInputCoil  mdregpool.o
    0x08005f28   0x08005f28   0x00000040   Code   RO         4340    i.mdWriteInputCoils  mdregpool.o
    0x08005f68   0x08005f68   0x0000000c   Code   RO         4341    i.mdWriteInputRegister  mdregpool.o
    0x08005f74   0x08005f74   0x00000010   Code   RO         4342    i.mdWriteInputRegisters  mdregpool.o
    0x08005f84   0x08005f84   0x00000084   Code   RO         4343    i.mdWriteU16        mdregpool.o
    0x08006008   0x08006008   0x00000030   Code   RO         4344    i.mdWriteU16s       mdregpool.o
    0x08006038   0x08006038   0x0000001c   Code   RO          912    i.myRtc_Get_DateTime  rtc.o
    0x08006054   0x08006054   0x0000001c   Code   RO         4482    i.popchar           mdrtuslave.o
    0x08006070   0x08006070   0x00000010   Code   RO         4483    i.portRtuPushChar   mdrtuslave.o
    0x08006080   0x08006080   0x00000012   Code   RO         4484    i.portRtuPushString  mdrtuslave.o
    0x08006092   0x08006092   0x00000002   PAD
    0x08006094   0x08006094   0x0000008c   Code   RO         4485    i.portRtuTimerTick  mdrtuslave.o
    0x08006120   0x08006120   0x00000006   Code   RO         4600    i.shellBackspace    shell.o
    0x08006126   0x08006126   0x00000002   PAD
    0x08006128   0x08006128   0x0000003c   Code   RO         4602    i.shellClear        shell.o
    0x08006164   0x08006164   0x00000014   Code   RO         4604    i.shellCmds         shell.o
    0x08006178   0x08006178   0x00000008   Code   RO         4605    i.shellDelete       shell.o
    0x08006180   0x08006180   0x00000164   Code   RO         4606    i.shellDeleteByte   shell.o
    0x080062e4   0x080062e4   0x0000003c   Code   RO         4607    i.shellDeleteCommandLine  shell.o
    0x08006320   0x08006320   0x00000008   Code   RO         4608    i.shellDown         shell.o
    0x08006328   0x08006328   0x00000014   Code   RO         4609    i.shellEnter        shell.o
    0x0800633c   0x0800633c   0x00000214   Code   RO         4610    i.shellExec         shell.o
    0x08006550   0x08006550   0x00000070   Code   RO         4611    i.shellExecute      shell.o
    0x080065c0   0x080065c0   0x00000214   Code   RO         4941    i.shellExtParsePara  shell_ext.o
    0x080067d4   0x080067d4   0x000000fe   Code   RO         4942    i.shellExtRun       shell_ext.o
    0x080068d2   0x080068d2   0x00000002   PAD
    0x080068d4   0x080068d4   0x0000004c   Code   RO         4612    i.shellGetCommandName  shell.o
    0x08006920   0x08006920   0x00000058   Code   RO         4613    i.shellGetCurrent   shell.o
    0x08006978   0x08006978   0x00000042   Code   RO         4614    i.shellGetVarValue  shell.o
    0x080069ba   0x080069ba   0x00000002   PAD
    0x080069bc   0x080069bc   0x00000128   Code   RO         4616    i.shellHelp         shell.o
    0x08006ae4   0x08006ae4   0x00000134   Code   RO         4617    i.shellHistory      shell.o
    0x08006c18   0x08006c18   0x0000008c   Code   RO         4620    i.shellKeys         shell.o
    0x08006ca4   0x08006ca4   0x00000022   Code   RO         4621    i.shellLeft         shell.o
    0x08006cc6   0x08006cc6   0x00000002   PAD
    0x08006cc8   0x08006cc8   0x0000007c   Code   RO         4623    i.shellListCommand  shell.o
    0x08006d44   0x08006d44   0x000001f0   Code   RO         4624    i.shellListItem     shell.o
    0x08006f34   0x08006f34   0x00000084   Code   RO         4626    i.shellListUser     shell.o
    0x08006fb8   0x08006fb8   0x00000022   Code   RO         4630    i.shellRight        shell.o
    0x08006fda   0x08006fda   0x00000002   PAD
    0x08006fdc   0x08006fdc   0x0000015c   Code   RO         4632    i.shellRunCommand   shell.o
    0x08007138   0x08007138   0x0000008c   Code   RO         4633    i.shellSeekCommand  shell.o
    0x080071c4   0x080071c4   0x000000a8   Code   RO         4634    i.shellSetVar       shell.o
    0x0800726c   0x0800726c   0x000000c0   Code   RO         4635    i.shellSetVarValue  shell.o
    0x0800732c   0x0800732c   0x00000254   Code   RO         4636    i.shellShowVar      shell.o
    0x08007580   0x08007580   0x00000218   Code   RO         4637    i.shellTab          shell.o
    0x08007798   0x08007798   0x00000006   Code   RO         4641    i.shellUp           shell.o
    0x0800779e   0x0800779e   0x00000014   Code   RO         4642    i.shellUsers        shell.o
    0x080077b2   0x080077b2   0x00000002   PAD
    0x080077b4   0x080077b4   0x0000008c   Code   RO         4643    i.shellVars         shell.o
    0x08007840   0x08007840   0x0000010c   Code   RO         4645    i.shellWritePrompt  shell.o
    0x0800794c   0x0800794c   0x00000184   Code   RO         4646    i.shellWriteReturnValue  shell.o
    0x08007ad0   0x08007ad0   0x000000e0   Code   RO          913    i.time2Stamp        rtc.o
    0x08007bb0   0x08007bb0   0x00000010   Code   RO         5321    x$fpl$dcheck1       fz_ws.l(dcheck1.o)
    0x08007bc0   0x08007bc0   0x000002b0   Code   RO         5104    x$fpl$ddiv          fz_ws.l(ddiv.o)
    0x08007e70   0x08007e70   0x0000005e   Code   RO         5107    x$fpl$dfix          fz_ws.l(dfix.o)
    0x08007ece   0x08007ece   0x00000002   PAD
    0x08007ed0   0x08007ed0   0x0000005a   Code   RO         5111    x$fpl$dfixu         fz_ws.l(dfixu.o)
    0x08007f2a   0x08007f2a   0x00000026   Code   RO         5115    x$fpl$dfltu         fz_ws.l(dflt_clz.o)
    0x08007f50   0x08007f50   0x0000009c   Code   RO         5323    x$fpl$dnaninf       fz_ws.l(dnaninf.o)
    0x08007fec   0x08007fec   0x0000000c   Code   RO         5325    x$fpl$dretinf       fz_ws.l(dretinf.o)
    0x08007ff8   0x08007ff8   0x000000c4   Code   RO         5121    x$fpl$fadd          fz_ws.l(faddsub_clz.o)
    0x080080bc   0x080080bc   0x00000018   Code   RO         5327    x$fpl$fcmpinf       fz_ws.l(fcmpi.o)
    0x080080d4   0x080080d4   0x00000184   Code   RO         5128    x$fpl$fdiv          fz_ws.l(fdiv.o)
    0x08008258   0x08008258   0x00000068   Code   RO         5131    x$fpl$feqf          fz_ws.l(feqf.o)
    0x080082c0   0x080082c0   0x0000003e   Code   RO         5133    x$fpl$ffixu         fz_ws.l(ffixu.o)
    0x080082fe   0x080082fe   0x00000002   PAD
    0x08008300   0x08008300   0x00000030   Code   RO         5138    x$fpl$fflt          fz_ws.l(fflt_clz.o)
    0x08008330   0x08008330   0x00000026   Code   RO         5137    x$fpl$ffltu         fz_ws.l(fflt_clz.o)
    0x08008356   0x08008356   0x00000002   PAD
    0x08008358   0x08008358   0x00000068   Code   RO         5143    x$fpl$fleqf         fz_ws.l(fleqf.o)
    0x080083c0   0x080083c0   0x00000102   Code   RO         5145    x$fpl$fmul          fz_ws.l(fmul.o)
    0x080084c2   0x080084c2   0x0000008c   Code   RO         5329    x$fpl$fnaninf       fz_ws.l(fnaninf.o)
    0x0800854e   0x0800854e   0x0000000a   Code   RO         5331    x$fpl$fretinf       fz_ws.l(fretinf.o)
    0x08008558   0x08008558   0x00000062   Code   RO         5147    x$fpl$frleqf        fz_ws.l(frleqf.o)
    0x080085ba   0x080085ba   0x00000002   PAD
    0x080085bc   0x080085bc   0x000000ea   Code   RO         5123    x$fpl$fsub          fz_ws.l(faddsub_clz.o)
    0x080086a6   0x080086a6   0x00000064   Code   RO         5399    x$fpl$retnan        fz_ws.l(retnan.o)
    0x0800870a   0x0800870a   0x0000005c   Code   RO         5149    x$fpl$scalbn        fz_ws.l(scalbn.o)
    0x08008766   0x08008766   0x00000030   Code   RO         5465    x$fpl$trapveneer    fz_ws.l(trapv.o)
    0x08008796   0x08008796   0x00000000   Code   RO         5341    x$fpl$usenofp       fz_ws.l(usenofp.o)
    0x08008796   0x08008796   0x00000002   PAD
    0x08008798   0x08008798   0x000000c0   Data   RO          377    .constdata          charginghandle.o
    0x08008858   0x08008858   0x00000018   Data   RO          915    .constdata          rtc.o
    0x08008870   0x08008870   0x00000010   Data   RO         4238    .constdata          system_stm32f1xx.o
    0x08008880   0x08008880   0x00000008   Data   RO         4239    .constdata          system_stm32f1xx.o
    0x08008888   0x08008888   0x00000200   Data   RO         4272    .constdata          mdcrc16.o
    0x08008a88   0x08008a88   0x00000004   Data   RO         4649    .constdata          shell.o
    0x08008a8c   0x08008a8c   0x00000001   Data   RO         4650    .constdata          shell.o
    0x08008a8d   0x08008a8d   0x0000000d   Data   RO         4651    .constdata          shell.o
    0x08008a9a   0x08008a9a   0x00000007   Data   RO         4652    .constdata          shell.o
    0x08008aa1   0x08008aa1   0x00000008   Data   RO         4653    .constdata          shell.o
    0x08008aa9   0x08008aa9   0x00000003   Data   RO         4654    .constdata          shell.o
    0x08008aac   0x08008aac   0x00000005   Data   RO         4655    .constdata          shell.o
    0x08008ab1   0x08008ab1   0x00000006   Data   RO         4656    .constdata          shell.o
    0x08008ab7   0x08008ab7   0x00000005   Data   RO         4657    .constdata          shell.o
    0x08008abc   0x08008abc   0x00000004   Data   RO         4658    .constdata          shell.o
    0x08008ac0   0x08008ac0   0x0000000a   Data   RO         4659    .constdata          shell.o
    0x08008aca   0x08008aca   0x0000000a   Data   RO         4660    .constdata          shell.o
    0x08008ad4   0x08008ad4   0x00000007   Data   RO         4661    .constdata          shell.o
    0x08008adb   0x08008adb   0x00000006   Data   RO         4662    .constdata          shell.o
    0x08008ae1   0x08008ae1   0x00000006   Data   RO         4663    .constdata          shell.o
    0x08008ae7   0x08008ae7   0x00000005   Data   RO         4664    .constdata          shell.o
    0x08008aec   0x08008aec   0x0000001e   Data   RO         4665    .constdata          shell.o
    0x08008b0a   0x08008b0a   0x00000006   Data   RO         4666    .constdata          shell.o
    0x08008b10   0x08008b10   0x0000000e   Data   RO         4667    .constdata          shell.o
    0x08008b1e   0x08008b1e   0x00000005   Data   RO         4668    .constdata          shell.o
    0x08008b23   0x08008b23   0x0000000d   Data   RO         4669    .constdata          shell.o
    0x08008b30   0x08008b30   0x00000005   Data   RO         4670    .constdata          shell.o
    0x08008b35   0x08008b35   0x0000000d   Data   RO         4671    .constdata          shell.o
    0x08008b42   0x08008b42   0x00000005   Data   RO         4672    .constdata          shell.o
    0x08008b47   0x08008b47   0x0000000d   Data   RO         4673    .constdata          shell.o
    0x08008b54   0x08008b54   0x00000006   Data   RO         4674    .constdata          shell.o
    0x08008b5a   0x08008b5a   0x0000000e   Data   RO         4675    .constdata          shell.o
    0x08008b68   0x08008b68   0x00000005   Data   RO         4676    .constdata          shell.o
    0x08008b6d   0x08008b6d   0x0000001b   Data   RO         4677    .constdata          shell.o
    0x08008b88   0x08008b88   0x00000010   Data   RO         4678    .constdata          shell.o
    0x08008b98   0x08008b98   0x000002b9   Data   RO         4679    .conststring        shell.o
    0x08008e51   0x08008e51   0x00000003   PAD
    0x08008e54   0x08008e54   0x00000020   Data   RO         5530    Region$$Table       anon$$obj.o
    0x08008e74   0x08008e74   0x00000130   Data   RO         4681    shellCommand        shell.o


    Execution Region RW_IRAM1 (Exec base: 0x20000000, Load base: 0x08008fa4, Size: 0x00005538, Max: 0x00010000, ABSOLUTE, COMPRESSED[0x00000178])

    Exec Addr    Load Addr    Size         Type   Attr      Idx    E Section Name        Object

    0x20000000   COMPRESSED   0x00000001   Data   RW           21    .data               dwin.o
    0x20000001   COMPRESSED   0x00000003   PAD
    0x20000004   COMPRESSED   0x000001f0   Data   RW          379    .data               charginghandle.o
    0x200001f4   COMPRESSED   0x00000007   Data   RW          916    .data               rtc.o
    0x200001fb   COMPRESSED   0x00000002   Data   RW          986    .data               tim.o
    0x200001fd   COMPRESSED   0x00000001   PAD
    0x200001fe   COMPRESSED   0x00000002   Data   RW         1035    .data               usart.o
    0x20000200   COMPRESSED   0x00000001   Data   RW         1036    .data               usart.o
    0x20000201   COMPRESSED   0x00000001   Data   RW         1037    .data               usart.o
    0x20000202   COMPRESSED   0x00000002   Data   RW         1038    .data               usart.o
    0x20000204   COMPRESSED   0x0000000c   Data   RW         1599    .data               stm32f1xx_hal.o
    0x20000210   COMPRESSED   0x00000004   Data   RW         4240    .data               system_stm32f1xx.o
    0x20000214   COMPRESSED   0x00000010   Data   RW         4345    .data               mdregpool.o
    0x20000224   COMPRESSED   0x00000004   PAD
    0x20000228   COMPRESSED   0x00000018   Data   RW         4486    .data               mdrtuslave.o
    0x20000240   COMPRESSED   0x00000058   Data   RW         4680    .data               shell.o
    0x20000298        -       0x0000057c   Zero   RW           20    .bss                dwin.o
    0x20000814        -       0x00000406   Zero   RW          262    .bss                modbusmaster.o
    0x20000c1a   COMPRESSED   0x00000002   PAD
    0x20000c1c        -       0x00000058   Zero   RW          375    .bss                charginghandle.o
    0x20000c74        -       0x00000320   Zero   RW          676    .bss                main.o
    0x20000f94        -       0x000000f4   Zero   RW          765    .bss                adc.o
    0x20001088        -       0x00000014   Zero   RW          812    .bss                dac.o
    0x2000109c        -       0x0000000c   Zero   RW          876    .bss                iwdg.o
    0x200010a8        -       0x00000014   Zero   RW          914    .bss                rtc.o
    0x200010bc        -       0x00000048   Zero   RW          985    .bss                tim.o
    0x20001104        -       0x00000390   Zero   RW         1034    .bss                usart.o
    0x20001494   COMPRESSED   0x00000004   PAD
    0x20001498        -       0x00000020   Zero   RW         2290    .bss                stm32f1xx_hal_flash.o
    0x200014b8        -       0x0000001d   Zero   RW         4648    .bss                shell.o
    0x200014d5   COMPRESSED   0x00000003   PAD
    0x200014d8        -       0x00000060   Zero   RW         5345    .bss                c_w.l(libspace.o)
    0x20001538        -       0x00002000   Zero   RW         4227    HEAP                startup_stm32f103xe.o
    0x20003538        -       0x00002000   Zero   RW         4226    STACK               startup_stm32f103xe.o


==============================================================================

Image component sizes


      Code (inc. data)   RO Data    RW Data    ZI Data      Debug   Object Name

       336         30          0          0        244       2740   adc.o
      3974        524        192        496         88      36673   charginghandle.o
       156         16          0          0         20       1675   dac.o
       108          4          0          0          0        782   dma.o
       436         40          0          1       1404     525207   dwin.o
       226          4          0          0          0       2632   flash.o
       220         18          0          0          0        979   gpio.o
        44          8          0          0         12        687   iwdg.o
       446         64          0          0        800       3267   main.o
        56          4        512          0          0       1318   mdcrc16.o
        54          0          0          0          0       1527   mdrecbuffer.o
      1654        104          0         16          0      19943   mdregpool.o
      1916         96          0         24          0      16120   mdrtuslave.o
       256          8          0          0       1030       3223   modbusmaster.o
       156          4          0          0          0       1982   publicfunc.o
      1268        118         24          7         20       5353   rtc.o
      5796        252       1273         88         29      44456   shell.o
       786          8          0          0          0       4946   shell_ext.o
        64         26        304          0      16384        776   startup_stm32f103xe.o
       168         30          0         12          0       6477   stm32f1xx_hal.o
      1354         52          0          0          0       9198   stm32f1xx_hal_adc.o
       210         16          0          0          0      28507   stm32f1xx_hal_cortex.o
       270          0          0          0          0       3342   stm32f1xx_hal_dac.o
      1318        130          0          0          0       4502   stm32f1xx_hal_dma.o
       588         38          0          0         32       4294   stm32f1xx_hal_flash.o
       208          8          0          0          0       2609   stm32f1xx_hal_flash_ex.o
       526         20          0          0          0       2816   stm32f1xx_hal_gpio.o
        98          0          0          0          0       1751   stm32f1xx_hal_iwdg.o
        68         10          0          0          0        862   stm32f1xx_hal_msp.o
        12          4          0          0          0        511   stm32f1xx_hal_pwr.o
      1604        116          0          0          0       5730   stm32f1xx_hal_rcc.o
       580         50          0          0          0       2985   stm32f1xx_hal_rcc_ex.o
       304          8          0          0          0       2636   stm32f1xx_hal_rtc.o
        32         10          0          0          0       1623   stm32f1xx_hal_rtc_ex.o
      1106         20          0          0          0       8741   stm32f1xx_hal_tim.o
       134          0          0          0          0       2353   stm32f1xx_hal_tim_ex.o
      1946         36          0          0          0      14249   stm32f1xx_hal_uart.o
       236         68          0          0          0       8120   stm32f1xx_it.o
         2          0         24          4          0       1107   system_stm32f1xx.o
       284         26          0          2         72       3366   tim.o
       620         72          0          6        912       7435   usart.o

    ----------------------------------------------------------------------
     29672       2042       2364        664      21056     797500   Object Totals
         0          0         32          0          0          0   (incl. Generated)
        52          0          3          8          9          0   (incl. Padding)

    ----------------------------------------------------------------------

      Code (inc. data)   RO Data    RW Data    ZI Data      Debug   Library Member Name

        90          0          0          0          0          0   __dczerorl2.o
         8          0          0          0          0         68   __main.o
         0          0          0          0          0          0   __rtentry.o
        12          0          0          0          0          0   __rtentry2.o
         6          0          0          0          0          0   __rtentry4.o
        52          8          0          0          0          0   __scatter.o
        28          0          0          0          0          0   __scatter_zi.o
        16          0          0          0          0         68   aeabi_memset.o
        10          0          0          0          0         68   defsig_exit.o
        50          0          0          0          0         88   defsig_general.o
        80         58          0          0          0         76   defsig_rtmem_inner.o
        14          0          0          0          0         80   defsig_rtmem_outer.o
        18          0          0          0          0         80   exit.o
        94          0          0          0          0         80   h1_alloc.o
        52          0          0          0          0         68   h1_extend.o
        78          0          0          0          0         80   h1_free.o
        14          0          0          0          0         84   h1_init.o
         6          0          0          0          0        152   heapauxi.o
         4          0          0          0          0        136   hguard.o
         0          0          0          0          0          0   indicate_semi.o
       138          0          0          0          0        168   init_alloc.o
         2          0          0          0          0          0   libinit.o
        10          0          0          0          0          0   libinit2.o
         2          0          0          0          0          0   libshutdown.o
         2          0          0          0          0          0   libshutdown2.o
         8          4          0          0         96         68   libspace.o
        38          0          0          0          0         68   llushr.o
         0          0          0          0          0          0   maybetermalloc1.o
         8          4          0          0          0         68   rt_heap_descriptor_intlibspace.o
        68          0          0          0          0         68   rt_memclr.o
        78          0          0          0          0         80   rt_memclr_w.o
       138          0          0          0          0         68   rt_memcpy_v6.o
       100          0          0          0          0         80   rt_memcpy_w.o
         2          0          0          0          0          0   rtexit.o
        10          0          0          0          0          0   rtexit2.o
       128          0          0          0          0         68   strcmpv7m.o
        62          0          0          0          0         76   strlen.o
       150          0          0          0          0         80   strncmp.o
        12          4          0          0          0         68   sys_exit.o
        74          0          0          0          0         80   sys_stackheap_outer.o
        14          0          0          0          0         76   sys_wrch.o
         2          0          0          0          0         68   use_no_semi.o
        16          4          0          0          0         68   dcheck1.o
       688        140          0          0          0        208   ddiv.o
        94          4          0          0          0         92   dfix.o
        90          4          0          0          0         92   dfixu.o
        38          0          0          0          0         68   dflt_clz.o
       156          4          0          0          0         92   dnaninf.o
        12          0          0          0          0         68   dretinf.o
       430          8          0          0          0        168   faddsub_clz.o
        24          0          0          0          0         68   fcmpi.o
       388         76          0          0          0         96   fdiv.o
       104          4          0          0          0         84   feqf.o
        62          4          0          0          0         84   ffixu.o
        86          0          0          0          0        136   fflt_clz.o
       104          4          0          0          0         84   fleqf.o
       258          4          0          0          0         84   fmul.o
       140          4          0          0          0         84   fnaninf.o
        10          0          0          0          0         68   fretinf.o
        98          0          0          0          0         68   frleqf.o
       100          0          0          0          0         68   retnan.o
        92          0          0          0          0         68   scalbn.o
        48          0          0          0          0         68   trapv.o
         0          0          0          0          0          0   usenofp.o

    ----------------------------------------------------------------------
      4736        338          0          0         96       4228   Library Totals
        20          0          0          0          0          0   (incl. Padding)

    ----------------------------------------------------------------------

      Code (inc. data)   RO Data    RW Data    ZI Data      Debug   Library Name

      1678         78          0          0         96       2312   c_w.l
      3038        260          0          0          0       1916   fz_ws.l

    ----------------------------------------------------------------------
      4736        338          0          0         96       4228   Library Totals

    ----------------------------------------------------------------------

==============================================================================


      Code (inc. data)   RO Data    RW Data    ZI Data      Debug   

     34408       2380       2364        664      21152     786124   Grand Totals
     34408       2380       2364        376      21152     786124   ELF Image Totals (compressed)
     34408       2380       2364        376          0          0   ROM Totals

==============================================================================

    Total RO  Size (Code + RO Data)                36772 (  35.91kB)
    Total RW  Size (RW Data + ZI Data)             21816 (  21.30kB)
    Total ROM Size (Code + RO Data + RW Data)      37148 (  36.28kB)

==============================================================================

