Component: ARM Compiler 5.06 update 6 (build 750) Tool: armlink [4d35ed]

==============================================================================

Section Cross References

    dwin.o(i.DWIN_83H) refers to rt_memcpy_v6.o(.text) for __aeabi_memcpy
    dwin.o(i.DWIN_83H) refers to dwin.o(.bss) for .bss
    dwin.o(i.DWIN_83H) refers to dwin.o(.data) for .data
    dwin.o(i.DWIN_AnalyzeApp) refers to rt_memcpy_v6.o(.text) for __aeabi_memcpy
    dwin.o(i.DWIN_AnalyzeApp) refers to dwin.o(.bss) for .bss
    dwin.o(i.DWIN_AnalyzeApp) refers to dwin.o(.data) for .data
    dwin.o(i.DWIN_CURVE) refers to stm32f1xx_hal_uart.o(i.HAL_UART_Transmit) for HAL_UART_Transmit
    dwin.o(i.DWIN_CURVE) refers to dwin.o(.bss) for .bss
    dwin.o(i.DWIN_CURVE) refers to usart.o(.bss) for huart2
    dwin.o(i.DWIN_CURVE_CLEAR) refers to stm32f1xx_hal_uart.o(i.HAL_UART_Transmit) for HAL_UART_Transmit
    dwin.o(i.DWIN_CURVE_CLEAR) refers to dwin.o(.bss) for .bss
    dwin.o(i.DWIN_CURVE_CLEAR) refers to usart.o(.bss) for huart2
    dwin.o(i.DWIN_CURVE_MULTICHANNEL) refers to stm32f1xx_hal_uart.o(i.HAL_UART_Transmit) for HAL_UART_Transmit
    dwin.o(i.DWIN_CURVE_MULTICHANNEL) refers to dwin.o(.bss) for .bss
    dwin.o(i.DWIN_CURVE_MULTICHANNEL) refers to usart.o(.bss) for huart2
    dwin.o(i.DWIN_InportMap) refers to dwin.o(.bss) for .bss
    dwin.o(i.DWIN_InportMap) refers to dwin.o(.data) for .data
    dwin.o(i.DWIN_PageChange) refers to stm32f1xx_hal_uart.o(i.HAL_UART_Transmit) for HAL_UART_Transmit
    dwin.o(i.DWIN_PageChange) refers to dwin.o(.bss) for .bss
    dwin.o(i.DWIN_PageChange) refers to usart.o(.bss) for huart2
    dwin.o(i.DWIN_Poll) refers to rt_memcpy_v6.o(.text) for __aeabi_memcpy
    dwin.o(i.DWIN_Poll) refers to dwin.o(.bss) for .bss
    dwin.o(i.DWIN_Poll) refers to dwin.o(.data) for .data
    dwin.o(i.DWIN_READ) refers to stm32f1xx_hal_uart.o(i.HAL_UART_Transmit) for HAL_UART_Transmit
    dwin.o(i.DWIN_READ) refers to dwin.o(.bss) for .bss
    dwin.o(i.DWIN_READ) refers to usart.o(.bss) for huart2
    dwin.o(i.DWIN_ReciveNew) refers to dwin.o(.bss) for .bss
    dwin.o(i.DWIN_Send) refers to stm32f1xx_hal_uart.o(i.HAL_UART_Transmit) for HAL_UART_Transmit
    dwin.o(i.DWIN_Send) refers to usart.o(.bss) for huart2
    dwin.o(i.DWIN_SendWithCRC) refers to rt_memcpy_v6.o(.text) for __aeabi_memcpy
    dwin.o(i.DWIN_SendWithCRC) refers to stm32f1xx_hal_uart.o(i.HAL_UART_Transmit_DMA) for HAL_UART_Transmit_DMA
    dwin.o(i.DWIN_SendWithCRC) refers to usart.o(.bss) for huart2
    dwin.o(i.DWIN_TouchAction) refers to stm32f1xx_hal_uart.o(i.HAL_UART_Transmit) for HAL_UART_Transmit
    dwin.o(i.DWIN_TouchAction) refers to dwin.o(.bss) for .bss
    dwin.o(i.DWIN_TouchAction) refers to usart.o(.bss) for huart2
    dwin.o(i.DWIN_WRITE) refers to stm32f1xx_hal_uart.o(i.HAL_UART_Transmit) for HAL_UART_Transmit
    dwin.o(i.DWIN_WRITE) refers to dwin.o(.bss) for .bss
    dwin.o(i.DWIN_WRITE) refers to usart.o(.bss) for huart2
    modbusmaster.o(i.MOD_46H) refers to rt_memcpy_v6.o(.text) for __aeabi_memcpy
    modbusmaster.o(i.MOD_46H) refers to stm32f1xx_hal_uart.o(i.HAL_UART_Transmit_DMA) for HAL_UART_Transmit_DMA
    modbusmaster.o(i.MOD_46H) refers to modbusmaster.o(.bss) for .bss
    modbusmaster.o(i.MOD_46H) refers to usart.o(.bss) for huart1
    publicfunc.o(i.kalmanFilter) refers to faddsub_clz.o(x$fpl$fadd) for __aeabi_fadd
    publicfunc.o(i.kalmanFilter) refers to fdiv.o(x$fpl$fdiv) for __aeabi_fdiv
    publicfunc.o(i.kalmanFilter) refers to faddsub_clz.o(x$fpl$fsub) for __aeabi_fsub
    publicfunc.o(i.kalmanFilter) refers to fmul.o(x$fpl$fmul) for __aeabi_fmul
    charginghandle.o(i.ChargeCompensation) refers to charginghandle.o(.bss) for .bss
    charginghandle.o(i.ChargeTargetTime) refers to charginghandle.o(.bss) for .bss
    charginghandle.o(i.ChargeTargetTime) refers to mdrtuslave.o(.data) for mdhandler
    charginghandle.o(i.ChargeTimer) refers to faddsub_clz.o(x$fpl$fadd) for __aeabi_fadd
    charginghandle.o(i.ChargeTimer) refers to charginghandle.o(.bss) for .bss
    charginghandle.o(i.ChargeTimer) refers to charginghandle.o(.data) for .data
    charginghandle.o(i.ChargerHandle) refers to charginghandle.o(i.Get_Voltage) for Get_Voltage
    charginghandle.o(i.ChargerHandle) refers to fflt_clz.o(x$fpl$ffltu) for __aeabi_ui2f
    charginghandle.o(i.ChargerHandle) refers to fdiv.o(x$fpl$fdiv) for __aeabi_fdiv
    charginghandle.o(i.ChargerHandle) refers to faddsub_clz.o(x$fpl$fadd) for __aeabi_fadd
    charginghandle.o(i.ChargerHandle) refers to fmul.o(x$fpl$fmul) for __aeabi_fmul
    charginghandle.o(i.ChargerHandle) refers to ffixu.o(x$fpl$ffixu) for __aeabi_f2uiz
    charginghandle.o(i.ChargerHandle) refers to charginghandle.o(i.Set_BaterrryVoltageInfo) for Set_BaterrryVoltageInfo
    charginghandle.o(i.ChargerHandle) refers to charginghandle.o(i.Report_BackChargingData) for Report_BackChargingData
    charginghandle.o(i.ChargerHandle) refers to charginghandle.o(i.OtherEvent) for OtherEvent
[...]
    HAL_UART_TxHalfCpltCallback              0x08005977   Thumb Code     2  stm32f1xx_hal_uart.o(i.HAL_UART_TxHalfCpltCallback)
    HardFault_Handler                        0x08005979   Thumb Code     2  stm32f1xx_it.o(i.HardFault_Handler)
    MOD_46H                                  0x08005a71   Thumb Code   248  modbusmaster.o(i.MOD_46H)
    MX_ADC1_Init                             0x08005b71   Thumb Code   108  adc.o(i.MX_ADC1_Init)
    MX_DAC_Init                              0x08005be5   Thumb Code    56  dac.o(i.MX_DAC_Init)
    MX_DMA_Init                              0x08005c25   Thumb Code   104  dma.o(i.MX_DMA_Init)
    MX_GPIO_Init                             0x08005c91   Thumb Code   202  gpio.o(i.MX_GPIO_Init)
    MX_IWDG_Init                             0x08005d6d   Thumb Code    36  iwdg.o(i.MX_IWDG_Init)
    MX_RTC_Init                              0x08005d99   Thumb Code   400  rtc.o(i.MX_RTC_Init)
    MX_TIM1_Init                             0x08005f4d   Thumb Code   100  tim.o(i.MX_TIM1_Init)
    MX_USART1_UART_Init                      0x08005fb9   Thumb Code    72  usart.o(i.MX_USART1_UART_Init)
    MX_USART2_UART_Init                      0x0800600d   Thumb Code    72  usart.o(i.MX_USART2_UART_Init)
    MemManage_Handler                        0x08006061   Thumb Code     2  stm32f1xx_it.o(i.MemManage_Handler)
    ModbusInit                               0x08006065   Thumb Code    18  mdrtuslave.o(i.ModbusInit)
    NMI_Handler                              0x08006081   Thumb Code     2  stm32f1xx_it.o(i.NMI_Handler)
    OtherEvent                               0x08006085   Thumb Code   152  charginghandle.o(i.OtherEvent)
    PendSV_Handler                           0x0800612d   Thumb Code     2  stm32f1xx_it.o(i.PendSV_Handler)
    Report_BackChargingData                  0x08006131   Thumb Code    64  charginghandle.o(i.Report_BackChargingData)
    Report_DataHandle                        0x080061c5   Thumb Code   238  charginghandle.o(i.Report_DataHandle)
    SVC_Handler                              0x08006347   Thumb Code     2  stm32f1xx_it.o(i.SVC_Handler)
    SetRtcCount                              0x08006435   Thumb Code    68  rtc.o(i.SetRtcCount)
    Stamp2time                               0x08006715   Thumb Code   402  rtc.o(i.Stamp2time)
    SysTick_Handler                          0x080068cd   Thumb Code     4  stm32f1xx_it.o(i.SysTick_Handler)
    SystemInit                               0x080068d1   Thumb Code    10  system_stm32f1xx.o(i.SystemInit)
    TIM1_UP_IRQHandler                       0x080068e1   Thumb Code     6  stm32f1xx_it.o(i.TIM1_UP_IRQHandler)
    TIM_Base_SetConfig                       0x080068ed   Thumb Code   128  stm32f1xx_hal_tim.o(i.TIM_Base_SetConfig)
    USART1_IRQHandler                        0x08006ba5   Thumb Code    56  stm32f1xx_it.o(i.USART1_IRQHandler)
    USART2_IRQHandler                        0x08006bed   Thumb Code    56  stm32f1xx_it.o(i.USART2_IRQHandler)
    UsageFault_Handler                       0x08006c35   Thumb Code     2  stm32f1xx_it.o(i.UsageFault_Handler)
    Usart1_Printf                            0x08006c39   Thumb Code    40  usart.o(i.Usart1_Printf)
    __ARM_common_memclr4_8                   0x08006c65   Thumb Code     8  mdrtuslave.o(i.__ARM_common_memclr4_8)
    __ARM_common_memset4_9                   0x08006c6d   Thumb Code    18  shell.o(i.__ARM_common_memset4_9)
    __ARM_fpclassify                         0x08006c7f   Thumb Code    40  fpclassify.o(i.__ARM_fpclassify)
    _is_digit                                0x08006ca7   Thumb Code    14  __printf_wp.o(i._is_digit)
    getChargingState                         0x08006cb5   Thumb Code   184  charginghandle.o(i.getChargingState)
    kalmanFilter                             0x08006d7d   Thumb Code   104  publicfunc.o(i.kalmanFilter)
    main                                     0x08006de9   Thumb Code   374  main.o(i.main)
    mdClearReceiveBuffer                     0x08006f9d   Thumb Code    12  mdrecbuffer.o(i.mdClearReceiveBuffer)
    mdCrc16                                  0x08006fa9   Thumb Code    52  mdcrc16.o(i.mdCrc16)
    mdCreateModbusRTUSlave                   0x08006fe1   Thumb Code   210  mdrtuslave.o(i.mdCreateModbusRTUSlave)
    mdCreateReceiveBuffer                    0x080070f5   Thumb Code    42  mdrecbuffer.o(i.mdCreateReceiveBuffer)
    mdCreateRegisterPool                     0x08007121   Thumb Code   308  mdregpool.o(i.mdCreateRegisterPool)
    mdRTU_Handler                            0x080078ed   Thumb Code    10  mdrtuslave.o(i.mdRTU_Handler)
    myRtc_Get_DateTime                       0x08007d15   Thumb Code    18  rtc.o(i.myRtc_Get_DateTime)
    shellBackspace                           0x08007dfd   Thumb Code     6  shell.o(i.shellBackspace)
    shellClear                               0x08007e05   Thumb Code    54  shell.o(i.shellClear)
    shellCmds                                0x08007e41   Thumb Code    20  shell.o(i.shellCmds)
    shellDelete                              0x08007e55   Thumb Code     8  shell.o(i.shellDelete)
    shellDeleteByte                          0x08007e5d   Thumb Code   350  shell.o(i.shellDeleteByte)
    shellDeleteCommandLine                   0x08007fc1   Thumb Code    54  shell.o(i.shellDeleteCommandLine)
    shellDown                                0x08007ffd   Thumb Code     8  shell.o(i.shellDown)
    shellEnter                               0x08008005   Thumb Code    20  shell.o(i.shellEnter)
    shellExec                                0x08008019   Thumb Code   522  shell.o(i.shellExec)
    shellExecute                             0x0800822d   Thumb Code   102  shell.o(i.shellExecute)
    shellExtParsePara                        0x0800829d   Thumb Code   532  shell_ext.o(i.shellExtParsePara)
    shellExtRun                              0x080084b1   Thumb Code   254  shell_ext.o(i.shellExtRun)
    shellGetCurrent                          0x080085fd   Thumb Code    84  shell.o(i.shellGetCurrent)
    shellGetVarValue                         0x08008655   Thumb Code    66  shell.o(i.shellGetVarValue)
    shellHelp                                0x08008699   Thumb Code   286  shell.o(i.shellHelp)
    shellKeys                                0x080088f5   Thumb Code   134  shell.o(i.shellKeys)
    shellLeft                                0x08008981   Thumb Code    34  shell.o(i.shellLeft)
    shellListCommand                         0x080089a5   Thumb Code   118  shell.o(i.shellListCommand)
    shellListItem                            0x08008a21   Thumb Code   478  shell.o(i.shellListItem)
    shellListUser                            0x08008c11   Thumb Code   128  shell.o(i.shellListUser)
    shellRight                               0x08008c95   Thumb Code    34  shell.o(i.shellRight)
    shellRunCommand                          0x08008cb9   Thumb Code   344  shell.o(i.shellRunCommand)
    shellSeekCommand                         0x08008e15   Thumb Code   140  shell.o(i.shellSeekCommand)
    shellSetVar                              0x08008ea1   Thumb Code   162  shell.o(i.shellSetVar)
    shellSetVarValue                         0x08008f49   Thumb Code   186  shell.o(i.shellSetVarValue)
    shellTab                                 0x0800925d   Thumb Code   526  shell.o(i.shellTab)
    shellUp                                  0x08009475   Thumb Code     6  shell.o(i.shellUp)
    shellUsers                               0x0800947b   Thumb Code    20  shell.o(i.shellUsers)
    shellVars                                0x08009491   Thumb Code   134  shell.o(i.shellVars)
    time2Stamp                               0x080097ad   Thumb Code   216  rtc.o(i.time2Stamp)
    _get_lc_numeric                          0x0800988d   Thumb Code    44  lc_numeric_c.o(locale$$code)
    _get_lc_ctype                            0x080098b9   Thumb Code    44  lc_ctype_c.o(locale$$code)
    __fpl_dcheck_NaN1                        0x080098e5   Thumb Code    10  dcheck1.o(x$fpl$dcheck1)
    __aeabi_ddiv                             0x080098f5   Thumb Code     0  ddiv.o(x$fpl$ddiv)
    _ddiv                                    0x080098f5   Thumb Code   552  ddiv.o(x$fpl$ddiv)
    __aeabi_d2iz                             0x08009ba5   Thumb Code     0  dfix.o(x$fpl$dfix)
    _dfix                                    0x08009ba5   Thumb Code    94  dfix.o(x$fpl$dfix)
    __aeabi_d2uiz                            0x08009c05   Thumb Code     0  dfixu.o(x$fpl$dfixu)
    _dfixu                                   0x08009c05   Thumb Code    90  dfixu.o(x$fpl$dfixu)
    __aeabi_ui2d                             0x08009c5f   Thumb Code     0  dflt_clz.o(x$fpl$dfltu)
    _dfltu                                   0x08009c5f   Thumb Code    38  dflt_clz.o(x$fpl$dfltu)
    __fpl_dnaninf                            0x08009c85   Thumb Code   156  dnaninf.o(x$fpl$dnaninf)
    __fpl_dretinf                            0x08009d21   Thumb Code    12  dretinf.o(x$fpl$dretinf)
    __aeabi_f2d                              0x08009d2d   Thumb Code     0  f2d.o(x$fpl$f2d)
    _f2d                                     0x08009d2d   Thumb Code    86  f2d.o(x$fpl$f2d)
    __aeabi_fadd                             0x08009d85   Thumb Code     0  faddsub_clz.o(x$fpl$fadd)
    _fadd                                    0x08009d85   Thumb Code   196  faddsub_clz.o(x$fpl$fadd)
    __fpl_fcmp_Inf                           0x08009e49   Thumb Code    24  fcmpi.o(x$fpl$fcmpinf)
    __aeabi_fdiv                             0x08009e61   Thumb Code     0  fdiv.o(x$fpl$fdiv)
    _fdiv                                    0x08009e61   Thumb Code   384  fdiv.o(x$fpl$fdiv)
    __aeabi_cfcmpeq                          0x08009fe5   Thumb Code     0  feqf.o(x$fpl$feqf)
    _fcmpeq                                  0x08009fe5   Thumb Code   104  feqf.o(x$fpl$feqf)
    __aeabi_f2uiz                            0x0800a04d   Thumb Code     0  ffixu.o(x$fpl$ffixu)
    _ffixu                                   0x0800a04d   Thumb Code    62  ffixu.o(x$fpl$ffixu)
    __aeabi_i2f                              0x0800a08d   Thumb Code     0  fflt_clz.o(x$fpl$fflt)
    _fflt                                    0x0800a08d   Thumb Code    48  fflt_clz.o(x$fpl$fflt)
    __aeabi_ui2f                             0x0800a0bd   Thumb Code     0  fflt_clz.o(x$fpl$ffltu)
    _ffltu                                   0x0800a0bd   Thumb Code    38  fflt_clz.o(x$fpl$ffltu)
    __aeabi_cfcmple                          0x0800a0e5   Thumb Code     0  fleqf.o(x$fpl$fleqf)
    _fcmple                                  0x0800a0e5   Thumb Code   104  fleqf.o(x$fpl$fleqf)
    __fpl_fcmple_InfNaN                      0x0800a137   Thumb Code     0  fleqf.o(x$fpl$fleqf)
    __aeabi_fmul                             0x0800a14d   Thumb Code     0  fmul.o(x$fpl$fmul)
    _fmul                                    0x0800a14d   Thumb Code   258  fmul.o(x$fpl$fmul)
    __fpl_fnaninf                            0x0800a24f   Thumb Code   140  fnaninf.o(x$fpl$fnaninf)
    __fpl_fretinf                            0x0800a2db   Thumb Code    10  fretinf.o(x$fpl$fretinf)
    __aeabi_cfrcmple                         0x0800a2e5   Thumb Code     0  frleqf.o(x$fpl$frleqf)
    _frcmple                                 0x0800a2e5   Thumb Code    98  frleqf.o(x$fpl$frleqf)
    __aeabi_fsub                             0x0800a349   Thumb Code     0  faddsub_clz.o(x$fpl$fsub)
    _fsub                                    0x0800a349   Thumb Code   234  faddsub_clz.o(x$fpl$fsub)
    _printf_fp_dec                           0x0800a433   Thumb Code     4  printf1.o(x$fpl$printf1)
    _printf_fp_hex                           0x0800a437   Thumb Code     4  printf2.o(x$fpl$printf2)
    __fpl_return_NaN                         0x0800a43b   Thumb Code   100  retnan.o(x$fpl$retnan)
    __ARM_scalbn                             0x0800a49f   Thumb Code    92  scalbn.o(x$fpl$scalbn)
    __fpl_cmpreturn                          0x0800a4fb   Thumb Code    48  trapv.o(x$fpl$trapveneer)
    __I$use$fp                               0x0800a52a   Number         0  usenofp.o(x$fpl$usenofp)
    DAC_Voltage_Interval                     0x0800a55c   Data          96  charginghandle.o(.constdata)
    AHBPrescTable                            0x0800a604   Data          16  system_stm32f1xx.o(.constdata)
    APBPrescTable                            0x0800a614   Data           8  system_stm32f1xx.o(.constdata)
    shellCmdDefaultUser                      0x0800a81c   Data           4  shell.o(.constdata)
    shellPasswordDefaultUser                 0x0800a820   Data           1  shell.o(.constdata)
    shellDesDefaultUser                      0x0800a821   Data          13  shell.o(.constdata)
    shellCmdsetVar                           0x0800a82e   Data           7  shell.o(.constdata)
    shellDescsetVar                          0x0800a835   Data           8  shell.o(.constdata)
    shellDesc0x1B5B4100                      0x0800a83d   Data           3  shell.o(.constdata)
    shellDesc0x1B5B4200                      0x0800a840   Data           5  shell.o(.constdata)
    shellDesc0x1B5B4300                      0x0800a845   Data           6  shell.o(.constdata)
    shellDesc0x1B5B4400                      0x0800a84b   Data           5  shell.o(.constdata)
    shellDesc0x09000000                      0x0800a850   Data           4  shell.o(.constdata)
    shellDesc0x08000000                      0x0800a854   Data          10  shell.o(.constdata)
    shellDesc0x7F000000                      0x0800a85e   Data          10  shell.o(.constdata)
    shellDesc0x1B5B337E                      0x0800a868   Data           7  shell.o(.constdata)
    shellDesc0x0A000000                      0x0800a86f   Data           6  shell.o(.constdata)
    shellDesc0x0D000000                      0x0800a875   Data           6  shell.o(.constdata)
    shellCmdhelp                             0x0800a87b   Data           5  shell.o(.constdata)
    shellDeschelp                            0x0800a880   Data          30  shell.o(.constdata)
    shellCmdusers                            0x0800a89e   Data           6  shell.o(.constdata)
    shellDescusers                           0x0800a8a4   Data          14  shell.o(.constdata)
    shellCmdcmds                             0x0800a8b2   Data           5  shell.o(.constdata)
    shellDesccmds                            0x0800a8b7   Data          13  shell.o(.constdata)
    shellCmdvars                             0x0800a8c4   Data           5  shell.o(.constdata)
    shellDescvars                            0x0800a8c9   Data          13  shell.o(.constdata)
    shellCmdkeys                             0x0800a8d6   Data           5  shell.o(.constdata)
    shellDesckeys                            0x0800a8db   Data          13  shell.o(.constdata)
    shellCmdclear                            0x0800a8e8   Data           6  shell.o(.constdata)
    shellDescclear                           0x0800a8ee   Data          14  shell.o(.constdata)
    shellCmdexec                             0x0800a8fc   Data           5  shell.o(.constdata)
    shellDescexec                            0x0800a901   Data          27  shell.o(.constdata)
    Region$$Table$$Base                      0x0800ace4   Number         0  anon$$obj.o(Region$$Table)
    Region$$Table$$Limit                     0x0800ad04   Number         0  anon$$obj.o(Region$$Table)
    __ctype                                  0x0800ad2d   Data           0  lc_ctype_c.o(locale$$data)
    shellCommand$$Base                       0x0800ae30   Number         0  shell.o(shellCommand)
    shellUserDefault                         0x0800ae30   Data          16  shell.o(shellCommand)
    shellCommandsetVar                       0x0800ae40   Data          16  shell.o(shellCommand)
    shellKey0x1B5B4100                       0x0800ae50   Data          16  shell.o(shellCommand)
    shellKey0x1B5B4200                       0x0800ae60   Data          16  shell.o(shellCommand)
    shellKey0x1B5B4300                       0x0800ae70   Data          16  shell.o(shellCommand)
    shellKey0x1B5B4400                       0x0800ae80   Data          16  shell.o(shellCommand)
    shellKey0x09000000                       0x0800ae90   Data          16  shell.o(shellCommand)
    shellKey0x08000000                       0x0800aea0   Data          16  shell.o(shellCommand)
    shellKey0x7F000000                       0x0800aeb0   Data          16  shell.o(shellCommand)
    shellKey0x1B5B337E                       0x0800aec0   Data          16  shell.o(shellCommand)
    shellKey0x0A000000                       0x0800aed0   Data          16  shell.o(shellCommand)
    shellKey0x0D000000                       0x0800aee0   Data          16  shell.o(shellCommand)
    shellCommandhelp                         0x0800aef0   Data          16  shell.o(shellCommand)
    shellCommandusers                        0x0800af00   Data          16  shell.o(shellCommand)
    shellCommandcmds                         0x0800af10   Data          16  shell.o(shellCommand)
    shellCommandvars                         0x0800af20   Data          16  shell.o(shellCommand)
    shellCommandkeys                         0x0800af30   Data          16  shell.o(shellCommand)
    shellCommandclear                        0x0800af40   Data          16  shell.o(shellCommand)
    shellCommandexec                         0x0800af50   Data          16  shell.o(shellCommand)
    shellCommand$$Limit                      0x0800af60   Number         0  shell.o(shellCommand)
    mapindex                                 0x20000000   Data           1  dwin.o(.data)
    g_FirstFlag                              0x20000004   Data           1  charginghandle.o(.data)
    g_TimerNumbers                           0x20000005   Data           1  charginghandle.o(.data)
    SetTime                                  0x2000000e   Data           3  charginghandle.o(.data)
    t_ChargingTimes                          0x20000014   Data           4  charginghandle.o(.data)
    g_ChargingQuantity                       0x20000018   Data           4  charginghandle.o(.data)
    SetDate                                  0x20000028   Data           4  charginghandle.o(.data)
    voltage_KfpFilter                        0x2000002c   Data          24  charginghandle.o(.data)
    current_KfpFilter                        0x20000044   Data          24  charginghandle.o(.data)
    timhandle                                0x2000005c   Data         128  charginghandle.o(.data)
    RecvHandle                               0x200000dc   Data         184  charginghandle.o(.data)
    DAC_Param_Interval                       0x20000194   Data          96  charginghandle.o(.data)
    stimestructure                           0x200001f4   Data           3  rtc.o(.data)
    sdatestructure                           0x200001f7   Data           4  rtc.o(.data)
    g_Timer                                  0x200001fb   Data           2  tim.o(.data)
    rx1Conut                                 0x200001fe   Data           2  usart.o(.data)
    rx1ReciveOver_Flag                       0x20000200   Data           1  usart.o(.data)
    rx2ReciveOver_Flag                       0x20000201   Data           1  usart.o(.data)
    rx2Conut                                 0x20000202   Data           2  usart.o(.data)
    uwTickFreq                               0x20000204   Data           1  stm32f1xx_hal.o(.data)
    uwTickPrio                               0x20000208   Data           4  stm32f1xx_hal.o(.data)
    uwTick                                   0x2000020c   Data           4  stm32f1xx_hal.o(.data)
    SystemCoreClock                          0x20000210   Data           4  system_stm32f1xx.o(.data)
    mdhandler                                0x20000230   Data           4  mdrtuslave.o(.data)
    g_Dwin                                   0x20000298   Data         604  dwin.o(.bss)
    g_map                                    0x200004f4   Data         800  dwin.o(.bss)
    g_tModS                                  0x20000814   Data        1030  modbusmaster.o(.bss)
    g_Charge                                 0x20000c1c   Data          24  charginghandle.o(.bss)
    g_PresentBatteryInfo                     0x20000c34   Data          64  charginghandle.o(.bss)
    gTim                                     0x20000c74   Data         800  main.o(.bss)
    AdcDMA_buffer                            0x20000f94   Data         128  adc.o(.bss)
    hadc1                                    0x20001014   Data          48  adc.o(.bss)
    hdma_adc1                                0x20001044   Data          68  adc.o(.bss)
    hdac                                     0x20001088   Data          20  dac.o(.bss)
    hiwdg                                    0x2000109c   Data          12  iwdg.o(.bss)
    hrtc                                     0x200010a8   Data          20  rtc.o(.bss)
    htim1                                    0x200010bc   Data          72  tim.o(.bss)
    receive1_buff                            0x20001104   Data         256  usart.o(.bss)
    receive2_buff                            0x20001204   Data         256  usart.o(.bss)
    huart1                                   0x20001304   Data          64  usart.o(.bss)
    huart2                                   0x20001344   Data          64  usart.o(.bss)
    hdma_usart1_rx                           0x20001384   Data          68  usart.o(.bss)
    hdma_usart1_tx                           0x200013c8   Data          68  usart.o(.bss)
    hdma_usart2_tx                           0x2000140c   Data          68  usart.o(.bss)
    hdma_usart2_rx                           0x20001450   Data          68  usart.o(.bss)
    Dac                                      0x20001494   Data         196  clibration.o(.bss)
    pFlash                                   0x20001558   Data          32  stm32f1xx_hal_flash.o(.bss)
    __libspace_start                         0x20001598   Data          96  libspace.o(.bss)
    __temporary_stack_top$libspace           0x200015f8   Data           0  libspace.o(.bss)



==============================================================================

Memory Map of the image

  Image Entry point : 0x08000131

  Load Region LR_IROM1 (Base: 0x08000000, Size: 0x0000b1f8, Max: 0x00080000, ABSOLUTE, COMPRESSED[0x0000b0dc])

    Execution Region ER_IROM1 (Exec base: 0x08000000, Load base: 0x08000000, Size: 0x0000af60, Max: 0x00080000, ABSOLUTE)

    Exec Addr    Load Addr    Size         Type   Attr      Idx    E Section Name        Object

    0x08000000   0x08000000   0x00000130   Data   RO         4253    RESET               startup_stm32f103xe.o
    0x08000130   0x08000130   0x00000008   Code   RO         5125  * !!!main             c_w.l(__main.o)
    0x08000138   0x08000138   0x00000034   Code   RO         5558    !!!scatter          c_w.l(__scatter.o)
    0x0800016c   0x0800016c   0x0000005a   Code   RO         5556    !!dczerorl2         c_w.l(__dczerorl2.o)
    0x080001c6   0x080001c6   0x00000002   PAD
    0x080001c8   0x080001c8   0x0000001c   Code   RO         5560    !!handler_zi        c_w.l(__scatter_zi.o)
    0x080001e4   0x080001e4   0x00000000   Code   RO         5288    .ARM.Collect$$_printf_percent$$00000000  c_w.l(_printf_percent.o)
    0x080001e4   0x080001e4   0x00000006   Code   RO         5277    .ARM.Collect$$_printf_percent$$00000001  c_w.l(_printf_n.o)
    0x080001ea   0x080001ea   0x00000006   Code   RO         5279    .ARM.Collect$$_printf_percent$$00000002  c_w.l(_printf_p.o)
    0x080001f0   0x080001f0   0x00000006   Code   RO         5284    .ARM.Collect$$_printf_percent$$00000003  c_w.l(_printf_f.o)
    0x080001f6   0x080001f6   0x00000006   Code   RO         5285    .ARM.Collect$$_printf_percent$$00000004  c_w.l(_printf_e.o)
    0x080001fc   0x080001fc   0x00000006   Code   RO         5286    .ARM.Collect$$_printf_percent$$00000005  c_w.l(_printf_g.o)
    0x08000202   0x08000202   0x00000006   Code   RO         5287    .ARM.Collect$$_printf_percent$$00000006  c_w.l(_printf_a.o)
    0x08000208   0x08000208   0x0000000a   Code   RO         5292    .ARM.Collect$$_printf_percent$$00000007  c_w.l(_printf_ll.o)
    0x08000212   0x08000212   0x00000006   Code   RO         5281    .ARM.Collect$$_printf_percent$$00000008  c_w.l(_printf_i.o)
    0x08000218   0x08000218   0x00000006   Code   RO         5282    .ARM.Collect$$_printf_percent$$00000009  c_w.l(_printf_d.o)
    0x0800021e   0x0800021e   0x00000006   Code   RO         5283    .ARM.Collect$$_printf_percent$$0000000A  c_w.l(_printf_u.o)
    0x08000224   0x08000224   0x00000006   Code   RO         5280    .ARM.Collect$$_printf_percent$$0000000B  c_w.l(_printf_o.o)
    0x0800022a   0x0800022a   0x00000006   Code   RO         5278    .ARM.Collect$$_printf_percent$$0000000C  c_w.l(_printf_x.o)
    0x08000230   0x08000230   0x00000006   Code   RO         5289    .ARM.Collect$$_printf_percent$$0000000D  c_w.l(_printf_lli.o)
    0x08000236   0x08000236   0x00000006   Code   RO         5290    .ARM.Collect$$_printf_percent$$0000000E  c_w.l(_printf_lld.o)
    0x0800023c   0x0800023c   0x00000006   Code   RO         5291    .ARM.Collect$$_printf_percent$$0000000F  c_w.l(_printf_llu.o)
    0x08000242   0x08000242   0x00000006   Code   RO         5296    .ARM.Collect$$_printf_percent$$00000010  c_w.l(_printf_llo.o)
    0x08000248   0x08000248   0x00000006   Code   RO         5297    .ARM.Collect$$_printf_percent$$00000011  c_w.l(_printf_llx.o)
    0x0800024e   0x0800024e   0x0000000a   Code   RO         5293    .ARM.Collect$$_printf_percent$$00000012  c_w.l(_printf_l.o)
    0x08000258   0x08000258   0x00000006   Code   RO         5275    .ARM.Collect$$_printf_percent$$00000013  c_w.l(_printf_c.o)
    0x0800025e   0x0800025e   0x00000006   Code   RO         5276    .ARM.Collect$$_printf_percent$$00000014  c_w.l(_printf_s.o)
    0x08000264   0x08000264   0x00000006   Code   RO         5294    .ARM.Collect$$_printf_percent$$00000015  c_w.l(_printf_lc.o)
    0x0800026a   0x0800026a   0x00000006   Code   RO         5295    .ARM.Collect$$_printf_percent$$00000016  c_w.l(_printf_ls.o)
    0x08000270   0x08000270   0x00000004   Code   RO         5409    .ARM.Collect$$_printf_percent$$00000017  c_w.l(_printf_percent_end.o)
    0x08000274   0x08000274   0x00000002   Code   RO         5486    .ARM.Collect$$libinit$$00000000  c_w.l(libinit.o)
    0x08000276   0x08000276   0x00000000   Code   RO         5301    .ARM.Collect$$libinit$$00000002  c_w.l(libinit2.o)
    0x08000276   0x08000276   0x00000000   Code   RO         5303    .ARM.Collect$$libinit$$00000004  c_w.l(libinit2.o)
    0x08000276   0x08000276   0x00000008   Code   RO         5304    .ARM.Collect$$libinit$$00000005  c_w.l(libinit2.o)
    0x0800027e   0x0800027e   0x00000000   Code   RO         5306    .ARM.Collect$$libinit$$0000000A  c_w.l(libinit2.o)
    0x0800027e   0x0800027e   0x00000000   Code   RO         5308    .ARM.Collect$$libinit$$0000000C  c_w.l(libinit2.o)
    0x0800027e   0x0800027e   0x00000000   Code   RO         5310    .ARM.Collect$$libinit$$0000000E  c_w.l(libinit2.o)
    0x0800027e   0x0800027e   0x00000006   Code   RO         5311    .ARM.Collect$$libinit$$0000000F  c_w.l(libinit2.o)
    0x08000284   0x08000284   0x00000000   Code   RO         5313    .ARM.Collect$$libinit$$00000011  c_w.l(libinit2.o)
    0x08000284   0x08000284   0x0000000c   Code   RO         5314    .ARM.Collect$$libinit$$00000012  c_w.l(libinit2.o)
    0x08000290   0x08000290   0x00000000   Code   RO         5315    .ARM.Collect$$libinit$$00000013  c_w.l(libinit2.o)
    0x08000290   0x08000290   0x00000000   Code   RO         5317    .ARM.Collect$$libinit$$00000015  c_w.l(libinit2.o)
    0x08000290   0x08000290   0x0000000a   Code   RO         5318    .ARM.Collect$$libinit$$00000016  c_w.l(libinit2.o)
    0x0800029a   0x0800029a   0x00000000   Code   RO         5319    .ARM.Collect$$libinit$$00000017  c_w.l(libinit2.o)
    0x0800029a   0x0800029a   0x00000000   Code   RO         5321    .ARM.Collect$$libinit$$00000019  c_w.l(libinit2.o)
    0x0800029a   0x0800029a   0x00000000   Code   RO         5323    .ARM.Collect$$libinit$$0000001B  c_w.l(libinit2.o)
    0x0800029a   0x0800029a   0x00000000   Code   RO         5325    .ARM.Collect$$libinit$$0000001D  c_w.l(libinit2.o)
    0x0800029a   0x0800029a   0x00000000   Code   RO         5327    .ARM.Collect$$libinit$$0000001F  c_w.l(libinit2.o)
    0x0800029a   0x0800029a   0x00000000   Code   RO         5329    .ARM.Collect$$libinit$$00000021  c_w.l(libinit2.o)
    0x0800029a   0x0800029a   0x00000000   Code   RO         5331    .ARM.Collect$$libinit$$00000023  c_w.l(libinit2.o)
    0x0800029a   0x0800029a   0x00000000   Code   RO         5333    .ARM.Collect$$libinit$$00000025  c_w.l(libinit2.o)
    0x0800029a   0x0800029a   0x00000000   Code   RO         5337    .ARM.Collect$$libinit$$0000002C  c_w.l(libinit2.o)
    0x0800029a   0x0800029a   0x00000000   Code   RO         5339    .ARM.Collect$$libinit$$0000002E  c_w.l(libinit2.o)
    0x0800029a   0x0800029a   0x00000000   Code   RO         5341    .ARM.Collect$$libinit$$00000030  c_w.l(libinit2.o)
    0x0800029a   0x0800029a   0x00000000   Code   RO         5343    .ARM.Collect$$libinit$$00000032  c_w.l(libinit2.o)
    0x0800029a   0x0800029a   0x00000002   Code   RO         5344    .ARM.Collect$$libinit$$00000033  c_w.l(libinit2.o)
    0x0800029c   0x0800029c   0x00000002   Code   RO         5553    .ARM.Collect$$libshutdown$$00000000  c_w.l(libshutdown.o)
    0x0800029e   0x0800029e   0x00000000   Code   RO         5509    .ARM.Collect$$libshutdown$$00000002  c_w.l(libshutdown2.o)
    0x0800029e   0x0800029e   0x00000000   Code   RO         5511    .ARM.Collect$$libshutdown$$00000004  c_w.l(libshutdown2.o)
    0x0800029e   0x0800029e   0x00000000   Code   RO         5514    .ARM.Collect$$libshutdown$$00000007  c_w.l(libshutdown2.o)
    0x0800029e   0x0800029e   0x00000000   Code   RO         5517    .ARM.Collect$$libshutdown$$0000000A  c_w.l(libshutdown2.o)
    0x0800029e   0x0800029e   0x00000000   Code   RO         5519    .ARM.Collect$$libshutdown$$0000000C  c_w.l(libshutdown2.o)
    0x0800029e   0x0800029e   0x00000000   Code   RO         5522    .ARM.Collect$$libshutdown$$0000000F  c_w.l(libshutdown2.o)
    0x0800029e   0x0800029e   0x00000002   Code   RO         5523    .ARM.Collect$$libshutdown$$00000010  c_w.l(libshutdown2.o)
    0x080002a0   0x080002a0   0x00000000   Code   RO         5179    .ARM.Collect$$rtentry$$00000000  c_w.l(__rtentry.o)
    0x080002a0   0x080002a0   0x00000000   Code   RO         5372    .ARM.Collect$$rtentry$$00000002  c_w.l(__rtentry2.o)
    0x080002a0   0x080002a0   0x00000006   Code   RO         5384    .ARM.Collect$$rtentry$$00000004  c_w.l(__rtentry4.o)
    0x080002a6   0x080002a6   0x00000000   Code   RO         5374    .ARM.Collect$$rtentry$$00000009  c_w.l(__rtentry2.o)
    0x080002a6   0x080002a6   0x00000004   Code   RO         5375    .ARM.Collect$$rtentry$$0000000A  c_w.l(__rtentry2.o)
    0x080002aa   0x080002aa   0x00000000   Code   RO         5377    .ARM.Collect$$rtentry$$0000000C  c_w.l(__rtentry2.o)
    0x080002aa   0x080002aa   0x00000008   Code   RO         5378    .ARM.Collect$$rtentry$$0000000D  c_w.l(__rtentry2.o)
    0x080002b2   0x080002b2   0x00000002   Code   RO         5495    .ARM.Collect$$rtexit$$00000000  c_w.l(rtexit.o)
    0x080002b4   0x080002b4   0x00000000   Code   RO         5527    .ARM.Collect$$rtexit$$00000002  c_w.l(rtexit2.o)
    0x080002b4   0x080002b4   0x00000004   Code   RO         5528    .ARM.Collect$$rtexit$$00000003  c_w.l(rtexit2.o)
    0x080002b8   0x080002b8   0x00000006   Code   RO         5529    .ARM.Collect$$rtexit$$00000004  c_w.l(rtexit2.o)
    0x080002be   0x080002be   0x00000002   PAD
    0x080002c0   0x080002c0   0x00000000   Code   RO         5388    .emb_text           c_w.l(maybetermalloc1.o)
    0x080002c0   0x080002c0   0x00000040   Code   RO         4254    .text               startup_stm32f103xe.o
    0x08000300   0x08000300   0x0000005e   Code   RO         5045    .text               c_w.l(h1_alloc.o)
    0x0800035e   0x0800035e   0x0000004e   Code   RO         5047    .text               c_w.l(h1_free.o)
    0x080003ac   0x080003ac   0x00000026   Code   RO         5103    .text               c_w.l(llushr.o)
    0x080003d2   0x080003d2   0x00000002   PAD
    0x080003d4   0x080003d4   0x00000034   Code   RO         5105    .text               c_w.l(vsnprintf.o)
    0x08000408   0x08000408   0x0000003e   Code   RO         5107    .text               c_w.l(strlen.o)
    0x08000446   0x08000446   0x00000096   Code   RO         5109    .text               c_w.l(strncmp.o)
    0x080004dc   0x080004dc   0x0000008a   Code   RO         5111    .text               c_w.l(rt_memcpy_v6.o)
    0x08000566   0x08000566   0x00000064   Code   RO         5113    .text               c_w.l(rt_memcpy_w.o)
    0x080005ca   0x080005ca   0x00000010   Code   RO         5115    .text               c_w.l(aeabi_memset.o)
    0x080005da   0x080005da   0x00000044   Code   RO         5117    .text               c_w.l(rt_memclr.o)
    0x0800061e   0x0800061e   0x0000004e   Code   RO         5119    .text               c_w.l(rt_memclr_w.o)
    0x0800066c   0x0800066c   0x00000080   Code   RO         5121    .text               c_w.l(strcmpv7m.o)
    0x080006ec   0x080006ec   0x00000006   Code   RO         5123    .text               c_w.l(heapauxi.o)
    0x080006f2   0x080006f2   0x00000002   PAD
    0x080006f4   0x080006f4   0x00000008   Code   RO         5183    .text               c_w.l(rt_heap_descriptor_intlibspace.o)
    0x080006fc   0x080006fc   0x00000004   Code   RO         5185    .text               c_w.l(hguard.o)
    0x08000700   0x08000700   0x0000008a   Code   RO         5187    .text               c_w.l(init_alloc.o)
    0x0800078a   0x0800078a   0x0000000e   Code   RO         5191    .text               c_w.l(h1_init.o)
    0x08000798   0x08000798   0x0000004e   Code   RO         5207    .text               c_w.l(_printf_pad.o)
    0x080007e6   0x080007e6   0x00000024   Code   RO         5209    .text               c_w.l(_printf_truncate.o)
    0x0800080a   0x0800080a   0x00000052   Code   RO         5211    .text               c_w.l(_printf_str.o)
    0x0800085c   0x0800085c   0x00000078   Code   RO         5213    .text               c_w.l(_printf_dec.o)
    0x080008d4   0x080008d4   0x00000028   Code   RO         5215    .text               c_w.l(_printf_charcount.o)
    0x080008fc   0x080008fc   0x00000030   Code   RO         5217    .text               c_w.l(_printf_char_common.o)
    0x0800092c   0x0800092c   0x0000000a   Code   RO         5219    .text               c_w.l(_sputc.o)
    0x08000936   0x08000936   0x00000010   Code   RO         5221    .text               c_w.l(_snputc.o)
    0x08000946   0x08000946   0x00000002   PAD
    0x08000948   0x08000948   0x000000bc   Code   RO         5223    .text               c_w.l(_printf_wctomb.o)
    0x08000a04   0x08000a04   0x0000007c   Code   RO         5226    .text               c_w.l(_printf_longlong_dec.o)
    0x08000a80   0x08000a80   0x00000070   Code   RO         5232    .text               c_w.l(_printf_oct_int_ll.o)
    0x08000af0   0x08000af0   0x00000094   Code   RO         5252    .text               c_w.l(_printf_hex_int_ll_ptr.o)
    0x08000b84   0x08000b84   0x00000188   Code   RO         5272    .text               c_w.l(__printf_flags_ss_wp.o)
    0x08000d0c   0x08000d0c   0x00000008   Code   RO         5368    .text               c_w.l(libspace.o)
    0x08000d14   0x08000d14   0x00000034   Code   RO         5390    .text               c_w.l(h1_extend.o)
    0x08000d48   0x08000d48   0x0000008a   Code   RO         5394    .text               c_w.l(lludiv10.o)
    0x08000dd2   0x08000dd2   0x000000b2   Code   RO         5396    .text               c_w.l(_printf_intcommon.o)
    0x08000e84   0x08000e84   0x0000041e   Code   RO         5398    .text               c_w.l(_printf_fp_dec.o)
    0x080012a2   0x080012a2   0x00000002   PAD
    0x080012a4   0x080012a4   0x000002fc   Code   RO         5400    .text               c_w.l(_printf_fp_hex.o)
    0x080015a0   0x080015a0   0x0000002c   Code   RO         5405    .text               c_w.l(_printf_char.o)
    0x080015cc   0x080015cc   0x0000002c   Code   RO         5407    .text               c_w.l(_printf_wchar.o)
    0x080015f8   0x080015f8   0x00000040   Code   RO         5410    .text               c_w.l(_wcrtomb.o)
    0x08001638   0x08001638   0x0000000e   Code   RO         5412    .text               c_w.l(defsig_rtmem_outer.o)
    0x08001646   0x08001646   0x00000002   Code   RO         5425    .text               c_w.l(use_no_semi.o)
    0x08001648   0x08001648   0x00000000   Code   RO         5427    .text               c_w.l(indicate_semi.o)
    0x08001648   0x08001648   0x0000004a   Code   RO         5428    .text               c_w.l(sys_stackheap_outer.o)
    0x08001692   0x08001692   0x00000002   PAD
    0x08001694   0x08001694   0x00000010   Code   RO         5430    .text               c_w.l(rt_ctype_table.o)
    0x080016a4   0x080016a4   0x00000008   Code   RO         5437    .text               c_w.l(rt_locale_intlibspace.o)
    0x080016ac   0x080016ac   0x00000080   Code   RO         5441    .text               c_w.l(_printf_fp_infnan.o)
    0x0800172c   0x0800172c   0x000000e4   Code   RO         5443    .text               c_w.l(bigflt0.o)
    0x08001810   0x08001810   0x00000012   Code   RO         5471    .text               c_w.l(exit.o)
    0x08001822   0x08001822   0x0000000a   Code   RO         5473    .text               c_w.l(defsig_exit.o)
    0x0800182c   0x0800182c   0x00000050   Code   RO         5475    .text               c_w.l(defsig_rtmem_inner.o)
    0x0800187c   0x0800187c   0x0000000c   Code   RO         5493    .text               c_w.l(sys_exit.o)
    0x08001888   0x08001888   0x00000032   Code   RO         5506    .text               c_w.l(defsig_general.o)
    0x080018ba   0x080018ba   0x0000000e   Code   RO         5524    .text               c_w.l(sys_wrch.o)
    0x080018c8   0x080018c8   0x0000003e   Code   RO         5446    CL$$btod_d2e        c_w.l(btod.o)
    0x08001906   0x08001906   0x00000046   Code   RO         5448    CL$$btod_d2e_denorm_low  c_w.l(btod.o)
    0x0800194c   0x0800194c   0x00000060   Code   RO         5447    CL$$btod_d2e_norm_op1  c_w.l(btod.o)
    0x080019ac   0x080019ac   0x00000338   Code   RO         5456    CL$$btod_div_common  c_w.l(btod.o)
    0x08001ce4   0x08001ce4   0x000000dc   Code   RO         5453    CL$$btod_e2e        c_w.l(btod.o)
    0x08001dc0   0x08001dc0   0x0000002a   Code   RO         5450    CL$$btod_ediv       c_w.l(btod.o)
    0x08001dea   0x08001dea   0x0000002a   Code   RO         5449    CL$$btod_emul       c_w.l(btod.o)
    0x08001e14   0x08001e14   0x00000244   Code   RO         5455    CL$$btod_mult_common  c_w.l(btod.o)
    0x08002058   0x08002058   0x00000054   Code   RO         1323    i.ADC_ConversionStop_Disable  stm32f1xx_hal_adc.o
    0x080020ac   0x080020ac   0x00000054   Code   RO         1324    i.ADC_DMAConvCplt   stm32f1xx_hal_adc.o
    0x08002100   0x08002100   0x0000001a   Code   RO         1325    i.ADC_DMAError      stm32f1xx_hal_adc.o
    0x0800211a   0x0800211a   0x0000000a   Code   RO         1326    i.ADC_DMAHalfConvCplt  stm32f1xx_hal_adc.o
    0x08002124   0x08002124   0x000000b8   Code   RO         1327    i.ADC_Enable        stm32f1xx_hal_adc.o
    0x080021dc   0x080021dc   0x00000002   Code   RO         1109    i.BusFault_Handler  stm32f1xx_it.o
    0x080021de   0x080021de   0x00000002   PAD
    0x080021e0   0x080021e0   0x00000014   Code   RO          331    i.ChargeCompensation  charginghandle.o
    0x080021f4   0x080021f4   0x00000024   Code   RO          332    i.ChargeTargetTime  charginghandle.o
    0x08002218   0x08002218   0x00000030   Code   RO          333    i.ChargeTimer       charginghandle.o
    0x08002248   0x08002248   0x00000260   Code   RO          334    i.ChargerHandle     charginghandle.o
    0x080024a8   0x080024a8   0x00000084   Code   RO          335    i.ChargingProcess   charginghandle.o
    0x0800252c   0x0800252c   0x0000005c   Code   RO          336    i.Charging_Animation  charginghandle.o
    0x08002588   0x08002588   0x00000010   Code   RO          337    i.CheckPassword     charginghandle.o
    0x08002598   0x08002598   0x00000010   Code   RO          338    i.CheckUserName     charginghandle.o
    0x080025a8   0x080025a8   0x000000ac   Code   RO          339    i.Check_ChargingDisconnection  charginghandle.o
    0x08002654   0x08002654   0x0000027c   Code   RO          340    i.CommunicationInit  charginghandle.o
    0x080028d0   0x080028d0   0x0000002c   Code   RO          341    i.ConstantCurrentTargetVoltage  charginghandle.o
    0x080028fc   0x080028fc   0x0000002c   Code   RO          342    i.ConstantCurrent_Current  charginghandle.o
    0x08002928   0x08002928   0x0000002c   Code   RO          343    i.ConstantVoltageTargetCurrent  charginghandle.o
    0x08002954   0x08002954   0x0000002c   Code   RO          344    i.ConstantVoltage_Voltage  charginghandle.o
    0x08002980   0x08002980   0x0000000c   Code   RO         1110    i.DMA1_Channel1_IRQHandler  stm32f1xx_it.o
    0x0800298c   0x0800298c   0x0000000c   Code   RO         1111    i.DMA1_Channel4_IRQHandler  stm32f1xx_it.o
    0x08002998   0x08002998   0x0000000c   Code   RO         1112    i.DMA1_Channel5_IRQHandler  stm32f1xx_it.o
    0x080029a4   0x080029a4   0x0000000c   Code   RO         1113    i.DMA1_Channel6_IRQHandler  stm32f1xx_it.o
    0x080029b0   0x080029b0   0x0000000c   Code   RO         1114    i.DMA1_Channel7_IRQHandler  stm32f1xx_it.o
    0x080029bc   0x080029bc   0x00000020   Code   RO           10    i.DWIN_InportMap    dwin.o
    0x080029dc   0x080029dc   0x00000060   Code   RO           11    i.DWIN_PageChange   dwin.o
    0x08002a3c   0x08002a3c   0x00000078   Code   RO           12    i.DWIN_Poll         dwin.o
    0x08002ab4   0x08002ab4   0x0000003c   Code   RO           14    i.DWIN_ReciveNew    dwin.o
    0x08002af0   0x08002af0   0x00000080   Code   RO           18    i.DWIN_WRITE        dwin.o
    0x08002b70   0x08002b70   0x00000210   Code   RO         1257    i.Dac_Clibration    clibration.o
    0x08002d80   0x08002d80   0x00000002   Code   RO         1115    i.DebugMon_Handler  stm32f1xx_it.o
    0x08002d82   0x08002d82   0x00000030   Code   RO          295    i.EndianSwap        publicfunc.o
    0x08002db2   0x08002db2   0x00000002   Code   RO          675    i.Error_Handler     main.o
    0x08002db4   0x08002db4   0x00000018   Code   RO          639    i.FLASH_Init        flash.o
    0x08002dcc   0x08002dcc   0x0000004e   Code   RO          640    i.FLASH_Read        flash.o
    0x08002e1a   0x08002e1a   0x00000002   PAD
    0x08002e1c   0x08002e1c   0x000000b8   Code   RO         2303    i.FLASH_WaitForLastOperation  stm32f1xx_hal_flash.o
    0x08002ed4   0x08002ed4   0x00000088   Code   RO          641    i.FLASH_Write       flash.o
    0x08002f5c   0x08002f5c   0x00000064   Code   RO          345    i.Flash_Operation   charginghandle.o
    0x08002fc0   0x08002fc0   0x00000044   Code   RO          765    i.GetAdcToDmaValue  adc.o
    0x08003004   0x08003004   0x000000c0   Code   RO          348    i.Get_Voltage       charginghandle.o
    0x080030c4   0x080030c4   0x00000074   Code   RO          349    i.Get_VoltageMicroCompensate  charginghandle.o
    0x08003138   0x08003138   0x0000015c   Code   RO         1329    i.HAL_ADC_ConfigChannel  stm32f1xx_hal_adc.o
    0x08003294   0x08003294   0x00000002   Code   RO         1330    i.HAL_ADC_ConvCpltCallback  stm32f1xx_hal_adc.o
    0x08003296   0x08003296   0x00000002   Code   RO         1331    i.HAL_ADC_ConvHalfCpltCallback  stm32f1xx_hal_adc.o
    0x08003298   0x08003298   0x00000002   Code   RO         1333    i.HAL_ADC_ErrorCallback  stm32f1xx_hal_adc.o
    0x0800329a   0x0800329a   0x00000002   PAD
    0x0800329c   0x0800329c   0x00000144   Code   RO         1338    i.HAL_ADC_Init      stm32f1xx_hal_adc.o
    0x080033e0   0x080033e0   0x00000098   Code   RO          767    i.HAL_ADC_MspInit   adc.o
    0x08003478   0x08003478   0x00000120   Code   RO         1345    i.HAL_ADC_Start_DMA  stm32f1xx_hal_adc.o
    0x08003598   0x08003598   0x0000005c   Code   RO         2530    i.HAL_DAC_ConfigChannel  stm32f1xx_hal_dac.o
    0x080035f4   0x080035f4   0x00000028   Code   RO         2540    i.HAL_DAC_Init      stm32f1xx_hal_dac.o
    0x0800361c   0x0800361c   0x0000005c   Code   RO          814    i.HAL_DAC_MspInit   dac.o
    0x08003678   0x08003678   0x00000020   Code   RO         2543    i.HAL_DAC_SetValue  stm32f1xx_hal_dac.o
    0x08003698   0x08003698   0x0000006a   Code   RO         2544    i.HAL_DAC_Start     stm32f1xx_hal_dac.o
    0x08003702   0x08003702   0x00000048   Code   RO         1976    i.HAL_DMA_Abort     stm32f1xx_hal_dma.o
    0x0800374a   0x0800374a   0x00000002   PAD
    0x0800374c   0x0800374c   0x00000140   Code   RO         1977    i.HAL_DMA_Abort_IT  stm32f1xx_hal_dma.o
    0x0800388c   0x0800388c   0x00000268   Code   RO         1981    i.HAL_DMA_IRQHandler  stm32f1xx_hal_dma.o
    0x08003af4   0x08003af4   0x000000a0   Code   RO         1982    i.HAL_DMA_Init      stm32f1xx_hal_dma.o
    0x08003b94   0x08003b94   0x00000096   Code   RO         1986    i.HAL_DMA_Start_IT  stm32f1xx_hal_dma.o
    0x08003c2a   0x08003c2a   0x00000002   PAD
    0x08003c2c   0x08003c2c   0x00000028   Code   RO         1606    i.HAL_Delay         stm32f1xx_hal.o
    0x08003c54   0x08003c54   0x000000d0   Code   RO         2397    i.HAL_FLASHEx_Erase  stm32f1xx_hal_flash_ex.o
    0x08003d24   0x08003d24   0x00000014   Code   RO         2307    i.HAL_FLASH_Lock    stm32f1xx_hal_flash.o
    0x08003d38   0x08003d38   0x00000150   Code   RO         2312    i.HAL_FLASH_Program  stm32f1xx_hal_flash.o
    0x08003e88   0x08003e88   0x00000030   Code   RO         2314    i.HAL_FLASH_Unlock  stm32f1xx_hal_flash.o
    0x08003eb8   0x08003eb8   0x00000204   Code   RO         1913    i.HAL_GPIO_Init     stm32f1xx_hal_gpio.o
    0x080040bc   0x080040bc   0x0000000a   Code   RO         1917    i.HAL_GPIO_WritePin  stm32f1xx_hal_gpio.o
    0x080040c6   0x080040c6   0x00000002   PAD
    0x080040c8   0x080040c8   0x0000000c   Code   RO         1610    i.HAL_GetTick       stm32f1xx_hal.o
    0x080040d4   0x080040d4   0x00000056   Code   RO         2755    i.HAL_IWDG_Init     stm32f1xx_hal_iwdg.o
    0x0800412a   0x0800412a   0x0000000c   Code   RO         2756    i.HAL_IWDG_Refresh  stm32f1xx_hal_iwdg.o
    0x08004136   0x08004136   0x00000002   PAD
    0x08004138   0x08004138   0x00000010   Code   RO         1616    i.HAL_IncTick       stm32f1xx_hal.o
    0x08004148   0x08004148   0x00000024   Code   RO         1617    i.HAL_Init          stm32f1xx_hal.o
    0x0800416c   0x0800416c   0x00000040   Code   RO         1618    i.HAL_InitTick      stm32f1xx_hal.o
    0x080041ac   0x080041ac   0x00000044   Code   RO         1233    i.HAL_MspInit       stm32f1xx_hal_msp.o
    0x080041f0   0x080041f0   0x0000001e   Code   RO         2068    i.HAL_NVIC_EnableIRQ  stm32f1xx_hal_cortex.o
    0x0800420e   0x0800420e   0x00000002   PAD
    0x08004210   0x08004210   0x00000064   Code   RO         2074    i.HAL_NVIC_SetPriority  stm32f1xx_hal_cortex.o
    0x08004274   0x08004274   0x00000024   Code   RO         2075    i.HAL_NVIC_SetPriorityGrouping  stm32f1xx_hal_cortex.o
    0x08004298   0x08004298   0x0000000c   Code   RO         2185    i.HAL_PWR_EnableBkUpAccess  stm32f1xx_hal_pwr.o
    0x080042a4   0x080042a4   0x00000118   Code   RO         1875    i.HAL_RCCEx_GetPeriphCLKFreq  stm32f1xx_hal_rcc_ex.o
    0x080043bc   0x080043bc   0x0000012c   Code   RO         1876    i.HAL_RCCEx_PeriphCLKConfig  stm32f1xx_hal_rcc_ex.o
    0x080044e8   0x080044e8   0x000001c4   Code   RO         1774    i.HAL_RCC_ClockConfig  stm32f1xx_hal_rcc.o
    0x080046ac   0x080046ac   0x00000020   Code   RO         1781    i.HAL_RCC_GetPCLK1Freq  stm32f1xx_hal_rcc.o
    0x080046cc   0x080046cc   0x00000020   Code   RO         1782    i.HAL_RCC_GetPCLK2Freq  stm32f1xx_hal_rcc.o
    0x080046ec   0x080046ec   0x00000078   Code   RO         1783    i.HAL_RCC_GetSysClockFreq  stm32f1xx_hal_rcc.o
    0x08004764   0x08004764   0x000003c8   Code   RO         1786    i.HAL_RCC_OscConfig  stm32f1xx_hal_rcc.o
    0x08004b2c   0x08004b2c   0x00000010   Code   RO         2920    i.HAL_RTCEx_BKUPRead  stm32f1xx_hal_rtc_ex.o
    0x08004b3c   0x08004b3c   0x00000010   Code   RO         2921    i.HAL_RTCEx_BKUPWrite  stm32f1xx_hal_rtc_ex.o
    0x08004b4c   0x08004b4c   0x00000130   Code   RO         2793    i.HAL_RTC_Init      stm32f1xx_hal_rtc.o
    0x08004c7c   0x08004c7c   0x00000038   Code   RO          910    i.HAL_RTC_MspInit   rtc.o
    0x08004cb4   0x08004cb4   0x0000002c   Code   RO         2079    i.HAL_SYSTICK_Config  stm32f1xx_hal_cortex.o
    0x08004ce0   0x08004ce0   0x00000002   Code   RO         3691    i.HAL_TIMEx_BreakCallback  stm32f1xx_hal_tim_ex.o
    0x08004ce2   0x08004ce2   0x00000002   Code   RO         3692    i.HAL_TIMEx_CommutCallback  stm32f1xx_hal_tim_ex.o
    0x08004ce4   0x08004ce4   0x00000082   Code   RO         3710    i.HAL_TIMEx_MasterConfigSynchronization  stm32f1xx_hal_tim_ex.o
    0x08004d66   0x08004d66   0x0000005a   Code   RO         3024    i.HAL_TIM_Base_Init  stm32f1xx_hal_tim.o
    0x08004dc0   0x08004dc0   0x0000003c   Code   RO          986    i.HAL_TIM_Base_MspInit  tim.o
    0x08004dfc   0x08004dfc   0x0000006c   Code   RO         3029    i.HAL_TIM_Base_Start_IT  stm32f1xx_hal_tim.o
    0x08004e68   0x08004e68   0x00000184   Code   RO         3033    i.HAL_TIM_ConfigClockSource  stm32f1xx_hal_tim.o
    0x08004fec   0x08004fec   0x00000002   Code   RO         3058    i.HAL_TIM_IC_CaptureCallback  stm32f1xx_hal_tim.o
    0x08004fee   0x08004fee   0x0000016c   Code   RO         3072    i.HAL_TIM_IRQHandler  stm32f1xx_hal_tim.o
    0x0800515a   0x0800515a   0x00000002   Code   RO         3075    i.HAL_TIM_OC_DelayElapsedCallback  stm32f1xx_hal_tim.o
    0x0800515c   0x0800515c   0x00000002   Code   RO         3102    i.HAL_TIM_PWM_PulseFinishedCallback  stm32f1xx_hal_tim.o
    0x0800515e   0x0800515e   0x00000002   PAD
    0x08005160   0x08005160   0x00000080   Code   RO          987    i.HAL_TIM_PeriodElapsedCallback  tim.o
    0x080051e0   0x080051e0   0x00000002   Code   RO         3115    i.HAL_TIM_TriggerCallback  stm32f1xx_hal_tim.o
    0x080051e2   0x080051e2   0x00000078   Code   RO         3972    i.HAL_UART_DMAStop  stm32f1xx_hal_uart.o
    0x0800525a   0x0800525a   0x00000002   Code   RO         3974    i.HAL_UART_ErrorCallback  stm32f1xx_hal_uart.o
    0x0800525c   0x0800525c   0x000002ac   Code   RO         3977    i.HAL_UART_IRQHandler  stm32f1xx_hal_uart.o
    0x08005508   0x08005508   0x00000062   Code   RO         3978    i.HAL_UART_Init     stm32f1xx_hal_uart.o
    0x0800556a   0x0800556a   0x00000002   PAD
    0x0800556c   0x0800556c   0x000001c4   Code   RO         1035    i.HAL_UART_MspInit  usart.o
    0x08005730   0x08005730   0x00000098   Code   RO         3982    i.HAL_UART_Receive_DMA  stm32f1xx_hal_uart.o
    0x080057c8   0x080057c8   0x00000002   Code   RO         3984    i.HAL_UART_RxCpltCallback  stm32f1xx_hal_uart.o
    0x080057ca   0x080057ca   0x00000002   Code   RO         3985    i.HAL_UART_RxHalfCpltCallback  stm32f1xx_hal_uart.o
    0x080057cc   0x080057cc   0x00000122   Code   RO         3986    i.HAL_UART_Transmit  stm32f1xx_hal_uart.o
    0x080058ee   0x080058ee   0x00000002   PAD
    0x080058f0   0x080058f0   0x00000084   Code   RO         3987    i.HAL_UART_Transmit_DMA  stm32f1xx_hal_uart.o
    0x08005974   0x08005974   0x00000002   Code   RO         3989    i.HAL_UART_TxCpltCallback  stm32f1xx_hal_uart.o
    0x08005976   0x08005976   0x00000002   Code   RO         3990    i.HAL_UART_TxHalfCpltCallback  stm32f1xx_hal_uart.o
    0x08005978   0x08005978   0x00000002   Code   RO         1116    i.HardFault_Handler  stm32f1xx_it.o
    0x0800597a   0x0800597a   0x00000020   Code   RO          350    i.InputCancel       charginghandle.o
    0x0800599a   0x0800599a   0x00000002   PAD
    0x0800599c   0x0800599c   0x000000a4   Code   RO          351    i.InputConfirm      charginghandle.o
    0x08005a40   0x08005a40   0x00000030   Code   RO          352    i.LTE_Report_ChargeData  charginghandle.o
    0x08005a70   0x08005a70   0x00000100   Code   RO          261    i.MOD_46H           modbusmaster.o
    0x08005b70   0x08005b70   0x00000074   Code   RO          768    i.MX_ADC1_Init      adc.o
    0x08005be4   0x08005be4   0x00000040   Code   RO          815    i.MX_DAC_Init       dac.o
    0x08005c24   0x08005c24   0x0000006c   Code   RO          855    i.MX_DMA_Init       dma.o
    0x08005c90   0x08005c90   0x000000dc   Code   RO          741    i.MX_GPIO_Init      gpio.o
    0x08005d6c   0x08005d6c   0x0000002c   Code   RO          879    i.MX_IWDG_Init      iwdg.o
    0x08005d98   0x08005d98   0x000001b4   Code   RO          912    i.MX_RTC_Init       rtc.o
    0x08005f4c   0x08005f4c   0x0000006c   Code   RO          988    i.MX_TIM1_Init      tim.o
    0x08005fb8   0x08005fb8   0x00000054   Code   RO         1036    i.MX_USART1_UART_Init  usart.o
    0x0800600c   0x0800600c   0x00000054   Code   RO         1037    i.MX_USART2_UART_Init  usart.o
    0x08006060   0x08006060   0x00000002   Code   RO         1117    i.MemManage_Handler  stm32f1xx_it.o
    0x08006062   0x08006062   0x00000002   PAD
    0x08006064   0x08006064   0x0000001c   Code   RO         4491    i.ModbusInit        mdrtuslave.o
    0x08006080   0x08006080   0x00000002   Code   RO         1118    i.NMI_Handler       stm32f1xx_it.o
    0x08006082   0x08006082   0x00000002   PAD
    0x08006084   0x08006084   0x000000a8   Code   RO          353    i.OtherEvent        charginghandle.o
    0x0800612c   0x0800612c   0x00000002   Code   RO         1119    i.PendSV_Handler    stm32f1xx_it.o
    0x0800612e   0x0800612e   0x00000002   PAD
    0x08006130   0x08006130   0x00000044   Code   RO          354    i.Report_BackChargingData  charginghandle.o
    0x08006174   0x08006174   0x00000050   Code   RO          355    i.Report_ChargeData  charginghandle.o
    0x080061c4   0x080061c4   0x00000104   Code   RO          356    i.Report_DataHandle  charginghandle.o
    0x080062c8   0x080062c8   0x0000007c   Code   RO          357    i.Report_RealTime   charginghandle.o
    0x08006344   0x08006344   0x00000002   Code   RO          358    i.RestoreFactory    charginghandle.o
    0x08006346   0x08006346   0x00000002   Code   RO         1120    i.SVC_Handler       stm32f1xx_it.o
    0x08006348   0x08006348   0x00000074   Code   RO          359    i.Sampling_handle   charginghandle.o
    0x080063bc   0x080063bc   0x00000078   Code   RO          360    i.SetBatteryCapacity  charginghandle.o
    0x08006434   0x08006434   0x00000054   Code   RO          913    i.SetRtcCount       rtc.o
    0x08006488   0x08006488   0x000000cc   Code   RO          361    i.Set_BaterrryVoltageInfo  charginghandle.o
    0x08006554   0x08006554   0x0000000c   Code   RO          362    i.Set_Date          charginghandle.o
    0x08006560   0x08006560   0x0000000c   Code   RO          363    i.Set_Hour          charginghandle.o
    0x0800656c   0x0800656c   0x0000000c   Code   RO          364    i.Set_Min           charginghandle.o
    0x08006578   0x08006578   0x0000000c   Code   RO          365    i.Set_Month         charginghandle.o
    0x08006584   0x08006584   0x0000000c   Code   RO          366    i.Set_Sec           charginghandle.o
    0x08006590   0x08006590   0x0000002c   Code   RO          367    i.Set_SecondBootvoltage  charginghandle.o
    0x080065bc   0x080065bc   0x00000028   Code   RO          368    i.Set_UnitElements  charginghandle.o
    0x080065e4   0x080065e4   0x00000100   Code   RO          369    i.Set_Voltage       charginghandle.o
    0x080066e4   0x080066e4   0x0000000c   Code   RO          370    i.Set_Year          charginghandle.o
    0x080066f0   0x080066f0   0x00000024   Code   RO          371    i.Setting_RealTime  charginghandle.o
    0x08006714   0x08006714   0x000001b8   Code   RO          914    i.Stamp2time        rtc.o
    0x080068cc   0x080068cc   0x00000004   Code   RO         1121    i.SysTick_Handler   stm32f1xx_it.o
    0x080068d0   0x080068d0   0x00000010   Code   RO         4262    i.SystemInit        system_stm32f1xx.o
    0x080068e0   0x080068e0   0x0000000c   Code   RO         1122    i.TIM1_UP_IRQHandler  stm32f1xx_it.o
    0x080068ec   0x080068ec   0x00000094   Code   RO         3117    i.TIM_Base_SetConfig  stm32f1xx_hal_tim.o
    0x08006980   0x08006980   0x0000002c   Code   RO          372    i.TrickleChargeCurrent  charginghandle.o
    0x080069ac   0x080069ac   0x0000002c   Code   RO          373    i.TrickleChargeTargetVoltage  charginghandle.o
    0x080069d8   0x080069d8   0x00000010   Code   RO         3991    i.UART_DMAAbortOnError  stm32f1xx_hal_uart.o
    0x080069e8   0x080069e8   0x0000006e   Code   RO         3992    i.UART_DMAError     stm32f1xx_hal_uart.o
    0x08006a56   0x08006a56   0x0000003e   Code   RO         3993    i.UART_DMAReceiveCplt  stm32f1xx_hal_uart.o
    0x08006a94   0x08006a94   0x0000000a   Code   RO         3995    i.UART_DMARxHalfCplt  stm32f1xx_hal_uart.o
    0x08006a9e   0x08006a9e   0x00000030   Code   RO         3997    i.UART_DMATransmitCplt  stm32f1xx_hal_uart.o
    0x08006ace   0x08006ace   0x0000000a   Code   RO         3999    i.UART_DMATxHalfCplt  stm32f1xx_hal_uart.o
    0x08006ad8   0x08006ad8   0x000000cc   Code   RO         4001    i.UART_SetConfig    stm32f1xx_hal_uart.o
    0x08006ba4   0x08006ba4   0x00000048   Code   RO         1123    i.USART1_IRQHandler  stm32f1xx_it.o
    0x08006bec   0x08006bec   0x00000048   Code   RO         1124    i.USART2_IRQHandler  stm32f1xx_it.o
    0x08006c34   0x08006c34   0x00000002   Code   RO         1125    i.UsageFault_Handler  stm32f1xx_it.o
    0x08006c36   0x08006c36   0x00000002   PAD
    0x08006c38   0x08006c38   0x0000002c   Code   RO         1038    i.Usart1_Printf     usart.o
    0x08006c64   0x08006c64   0x00000008   Code   RO         4609    i.__ARM_common_memclr4_8  mdrtuslave.o
    0x08006c6c   0x08006c6c   0x00000012   Code   RO         4932    i.__ARM_common_memset4_9  shell.o
    0x08006c7e   0x08006c7e   0x00000028   Code   RO         5491    i.__ARM_fpclassify  m_ws.l(fpclassify.o)
    0x08006ca6   0x08006ca6   0x0000000e   Code   RO         5265    i._is_digit         c_w.l(__printf_wp.o)
    0x08006cb4   0x08006cb4   0x000000c8   Code   RO          374    i.getChargingState  charginghandle.o
    0x08006d7c   0x08006d7c   0x0000006c   Code   RO          297    i.kalmanFilter      publicfunc.o
    0x08006de8   0x08006de8   0x000001b4   Code   RO          679    i.main              main.o
    0x08006f9c   0x08006f9c   0x0000000c   Code   RO         4313    i.mdClearReceiveBuffer  mdrecbuffer.o
    0x08006fa8   0x08006fa8   0x00000038   Code   RO         4296    i.mdCrc16           mdcrc16.o
    0x08006fe0   0x08006fe0   0x00000114   Code   RO         4492    i.mdCreateModbusRTUSlave  mdrtuslave.o
    0x080070f4   0x080070f4   0x0000002a   Code   RO         4314    i.mdCreateReceiveBuffer  mdrecbuffer.o
    0x0800711e   0x0800711e   0x00000002   PAD
    0x08007120   0x08007120   0x00000198   Code   RO         4343    i.mdCreateRegisterPool  mdregpool.o
    0x080072b8   0x080072b8   0x000000c8   Code   RO         4345    i.mdFindRegisterByAddress  mdregpool.o
    0x08007380   0x08007380   0x000000b8   Code   RO         4494    i.mdRTUCenterProcessor  mdrtuslave.o
    0x08007438   0x08007438   0x00000002   Code   RO         4495    i.mdRTUError        mdrtuslave.o
    0x0800743a   0x0800743a   0x000000b8   Code   RO         4496    i.mdRTUHandleCode1  mdrtuslave.o
    0x080074f2   0x080074f2   0x00000002   PAD
    0x080074f4   0x080074f4   0x00000074   Code   RO         4497    i.mdRTUHandleCode15  mdrtuslave.o
    0x08007568   0x08007568   0x0000006e   Code   RO         4498    i.mdRTUHandleCode16  mdrtuslave.o
    0x080075d6   0x080075d6   0x000000b8   Code   RO         4499    i.mdRTUHandleCode2  mdrtuslave.o
    0x0800768e   0x0800768e   0x000000f6   Code   RO         4500    i.mdRTUHandleCode3  mdrtuslave.o
    0x08007784   0x08007784   0x000000f6   Code   RO         4501    i.mdRTUHandleCode4  mdrtuslave.o
    0x0800787a   0x0800787a   0x0000002e   Code   RO         4502    i.mdRTUHandleCode5  mdrtuslave.o
    0x080078a8   0x080078a8   0x00000028   Code   RO         4503    i.mdRTUHandleCode6  mdrtuslave.o
    0x080078d0   0x080078d0   0x0000001c   Code   RO         4504    i.mdRTUSendString   mdrtuslave.o
    0x080078ec   0x080078ec   0x00000010   Code   RO         4505    i.mdRTU_Handler     mdrtuslave.o
    0x080078fc   0x080078fc   0x00000040   Code   RO         4346    i.mdReadBit         mdregpool.o
    0x0800793c   0x0800793c   0x00000030   Code   RO         4347    i.mdReadBits        mdregpool.o
    0x0800796c   0x0800796c   0x0000001a   Code   RO         4348    i.mdReadCoil        mdregpool.o
    0x08007986   0x08007986   0x0000003e   Code   RO         4349    i.mdReadCoils       mdregpool.o
    0x080079c4   0x080079c4   0x0000000c   Code   RO         4350    i.mdReadHoldRegister  mdregpool.o
    0x080079d0   0x080079d0   0x00000010   Code   RO         4351    i.mdReadHoldRegisters  mdregpool.o
    0x080079e0   0x080079e0   0x0000001e   Code   RO         4352    i.mdReadInputCoil   mdregpool.o
    0x080079fe   0x080079fe   0x00000002   PAD
    0x08007a00   0x08007a00   0x00000048   Code   RO         4353    i.mdReadInputCoils  mdregpool.o
    0x08007a48   0x08007a48   0x0000000c   Code   RO         4354    i.mdReadInputRegister  mdregpool.o
    0x08007a54   0x08007a54   0x00000010   Code   RO         4355    i.mdReadInputRegisters  mdregpool.o
    0x08007a64   0x08007a64   0x0000001a   Code   RO         4356    i.mdReadU16         mdregpool.o
    0x08007a7e   0x08007a7e   0x00000030   Code   RO         4357    i.mdReadU16s        mdregpool.o
    0x08007aae   0x08007aae   0x000000bc   Code   RO         4358    i.mdWriteBit        mdregpool.o
    0x08007b6a   0x08007b6a   0x00000030   Code   RO         4359    i.mdWriteBits       mdregpool.o
    0x08007b9a   0x08007b9a   0x0000000a   Code   RO         4360    i.mdWriteCoil       mdregpool.o
    0x08007ba4   0x08007ba4   0x00000036   Code   RO         4361    i.mdWriteCoils      mdregpool.o
    0x08007bda   0x08007bda   0x0000000c   Code   RO         4362    i.mdWriteHoldRegister  mdregpool.o
    0x08007be6   0x08007be6   0x00000010   Code   RO         4363    i.mdWriteHoldRegisters  mdregpool.o
    0x08007bf6   0x08007bf6   0x0000000e   Code   RO         4364    i.mdWriteInputCoil  mdregpool.o
    0x08007c04   0x08007c04   0x00000040   Code   RO         4365    i.mdWriteInputCoils  mdregpool.o
    0x08007c44   0x08007c44   0x0000000c   Code   RO         4366    i.mdWriteInputRegister  mdregpool.o
    0x08007c50   0x08007c50   0x00000010   Code   RO         4367    i.mdWriteInputRegisters  mdregpool.o
    0x08007c60   0x08007c60   0x00000084   Code   RO         4368    i.mdWriteU16        mdregpool.o
    0x08007ce4   0x08007ce4   0x00000030   Code   RO         4369    i.mdWriteU16s       mdregpool.o
    0x08007d14   0x08007d14   0x0000001c   Code   RO          916    i.myRtc_Get_DateTime  rtc.o
    0x08007d30   0x08007d30   0x0000001c   Code   RO         4507    i.popchar           mdrtuslave.o
    0x08007d4c   0x08007d4c   0x00000010   Code   RO         4508    i.portRtuPushChar   mdrtuslave.o
    0x08007d5c   0x08007d5c   0x00000012   Code   RO         4509    i.portRtuPushString  mdrtuslave.o
    0x08007d6e   0x08007d6e   0x00000002   PAD
    0x08007d70   0x08007d70   0x0000008c   Code   RO         4510    i.portRtuTimerTick  mdrtuslave.o
    0x08007dfc   0x08007dfc   0x00000006   Code   RO         4625    i.shellBackspace    shell.o
    0x08007e02   0x08007e02   0x00000002   PAD
    0x08007e04   0x08007e04   0x0000003c   Code   RO         4627    i.shellClear        shell.o
    0x08007e40   0x08007e40   0x00000014   Code   RO         4629    i.shellCmds         shell.o
    0x08007e54   0x08007e54   0x00000008   Code   RO         4630    i.shellDelete       shell.o
    0x08007e5c   0x08007e5c   0x00000164   Code   RO         4631    i.shellDeleteByte   shell.o
    0x08007fc0   0x08007fc0   0x0000003c   Code   RO         4632    i.shellDeleteCommandLine  shell.o
    0x08007ffc   0x08007ffc   0x00000008   Code   RO         4633    i.shellDown         shell.o
    0x08008004   0x08008004   0x00000014   Code   RO         4634    i.shellEnter        shell.o
    0x08008018   0x08008018   0x00000214   Code   RO         4635    i.shellExec         shell.o
    0x0800822c   0x0800822c   0x00000070   Code   RO         4636    i.shellExecute      shell.o
    0x0800829c   0x0800829c   0x00000214   Code   RO         4963    i.shellExtParsePara  shell_ext.o
    0x080084b0   0x080084b0   0x000000fe   Code   RO         4964    i.shellExtRun       shell_ext.o
    0x080085ae   0x080085ae   0x00000002   PAD
    0x080085b0   0x080085b0   0x0000004c   Code   RO         4637    i.shellGetCommandName  shell.o
    0x080085fc   0x080085fc   0x00000058   Code   RO         4638    i.shellGetCurrent   shell.o
    0x08008654   0x08008654   0x00000042   Code   RO         4639    i.shellGetVarValue  shell.o
    0x08008696   0x08008696   0x00000002   PAD
    0x08008698   0x08008698   0x00000128   Code   RO         4641    i.shellHelp         shell.o
    0x080087c0   0x080087c0   0x00000134   Code   RO         4642    i.shellHistory      shell.o
    0x080088f4   0x080088f4   0x0000008c   Code   RO         4645    i.shellKeys         shell.o
    0x08008980   0x08008980   0x00000022   Code   RO         4646    i.shellLeft         shell.o
    0x080089a2   0x080089a2   0x00000002   PAD
    0x080089a4   0x080089a4   0x0000007c   Code   RO         4648    i.shellListCommand  shell.o
    0x08008a20   0x08008a20   0x000001f0   Code   RO         4649    i.shellListItem     shell.o
    0x08008c10   0x08008c10   0x00000084   Code   RO         4651    i.shellListUser     shell.o
    0x08008c94   0x08008c94   0x00000022   Code   RO         4655    i.shellRight        shell.o
    0x08008cb6   0x08008cb6   0x00000002   PAD
    0x08008cb8   0x08008cb8   0x0000015c   Code   RO         4657    i.shellRunCommand   shell.o
    0x08008e14   0x08008e14   0x0000008c   Code   RO         4658    i.shellSeekCommand  shell.o
    0x08008ea0   0x08008ea0   0x000000a8   Code   RO         4659    i.shellSetVar       shell.o
    0x08008f48   0x08008f48   0x000000c0   Code   RO         4660    i.shellSetVarValue  shell.o
    0x08009008   0x08009008   0x00000254   Code   RO         4661    i.shellShowVar      shell.o
    0x0800925c   0x0800925c   0x00000218   Code   RO         4662    i.shellTab          shell.o
    0x08009474   0x08009474   0x00000006   Code   RO         4666    i.shellUp           shell.o
    0x0800947a   0x0800947a   0x00000014   Code   RO         4667    i.shellUsers        shell.o
    0x0800948e   0x0800948e   0x00000002   PAD
    0x08009490   0x08009490   0x0000008c   Code   RO         4668    i.shellVars         shell.o
    0x0800951c   0x0800951c   0x0000010c   Code   RO         4670    i.shellWritePrompt  shell.o
    0x08009628   0x08009628   0x00000184   Code   RO         4671    i.shellWriteReturnValue  shell.o
    0x080097ac   0x080097ac   0x000000e0   Code   RO          917    i.time2Stamp        rtc.o
    0x0800988c   0x0800988c   0x0000002c   Code   RO         5469    locale$$code        c_w.l(lc_numeric_c.o)
    0x080098b8   0x080098b8   0x0000002c   Code   RO         5502    locale$$code        c_w.l(lc_ctype_c.o)
    0x080098e4   0x080098e4   0x00000010   Code   RO         5345    x$fpl$dcheck1       fz_ws.l(dcheck1.o)
    0x080098f4   0x080098f4   0x000002b0   Code   RO         5128    x$fpl$ddiv          fz_ws.l(ddiv.o)
    0x08009ba4   0x08009ba4   0x0000005e   Code   RO         5131    x$fpl$dfix          fz_ws.l(dfix.o)
    0x08009c02   0x08009c02   0x00000002   PAD
    0x08009c04   0x08009c04   0x0000005a   Code   RO         5135    x$fpl$dfixu         fz_ws.l(dfixu.o)
    0x08009c5e   0x08009c5e   0x00000026   Code   RO         5139    x$fpl$dfltu         fz_ws.l(dflt_clz.o)
    0x08009c84   0x08009c84   0x0000009c   Code   RO         5347    x$fpl$dnaninf       fz_ws.l(dnaninf.o)
    0x08009d20   0x08009d20   0x0000000c   Code   RO         5349    x$fpl$dretinf       fz_ws.l(dretinf.o)
    0x08009d2c   0x08009d2c   0x00000056   Code   RO         5145    x$fpl$f2d           fz_ws.l(f2d.o)
    0x08009d82   0x08009d82   0x00000002   PAD
    0x08009d84   0x08009d84   0x000000c4   Code   RO         5147    x$fpl$fadd          fz_ws.l(faddsub_clz.o)
    0x08009e48   0x08009e48   0x00000018   Code   RO         5351    x$fpl$fcmpinf       fz_ws.l(fcmpi.o)
    0x08009e60   0x08009e60   0x00000184   Code   RO         5154    x$fpl$fdiv          fz_ws.l(fdiv.o)
    0x08009fe4   0x08009fe4   0x00000068   Code   RO         5157    x$fpl$feqf          fz_ws.l(feqf.o)
    0x0800a04c   0x0800a04c   0x0000003e   Code   RO         5159    x$fpl$ffixu         fz_ws.l(ffixu.o)
    0x0800a08a   0x0800a08a   0x00000002   PAD
    0x0800a08c   0x0800a08c   0x00000030   Code   RO         5164    x$fpl$fflt          fz_ws.l(fflt_clz.o)
    0x0800a0bc   0x0800a0bc   0x00000026   Code   RO         5163    x$fpl$ffltu         fz_ws.l(fflt_clz.o)
    0x0800a0e2   0x0800a0e2   0x00000002   PAD
    0x0800a0e4   0x0800a0e4   0x00000068   Code   RO         5169    x$fpl$fleqf         fz_ws.l(fleqf.o)
    0x0800a14c   0x0800a14c   0x00000102   Code   RO         5171    x$fpl$fmul          fz_ws.l(fmul.o)
    0x0800a24e   0x0800a24e   0x0000008c   Code   RO         5353    x$fpl$fnaninf       fz_ws.l(fnaninf.o)
    0x0800a2da   0x0800a2da   0x0000000a   Code   RO         5355    x$fpl$fretinf       fz_ws.l(fretinf.o)
    0x0800a2e4   0x0800a2e4   0x00000062   Code   RO         5173    x$fpl$frleqf        fz_ws.l(frleqf.o)
    0x0800a346   0x0800a346   0x00000002   PAD
    0x0800a348   0x0800a348   0x000000ea   Code   RO         5149    x$fpl$fsub          fz_ws.l(faddsub_clz.o)
    0x0800a432   0x0800a432   0x00000004   Code   RO         5357    x$fpl$printf1       fz_ws.l(printf1.o)
    0x0800a436   0x0800a436   0x00000004   Code   RO         5359    x$fpl$printf2       fz_ws.l(printf2.o)
    0x0800a43a   0x0800a43a   0x00000064   Code   RO         5423    x$fpl$retnan        fz_ws.l(retnan.o)
    0x0800a49e   0x0800a49e   0x0000005c   Code   RO         5175    x$fpl$scalbn        fz_ws.l(scalbn.o)
    0x0800a4fa   0x0800a4fa   0x00000030   Code   RO         5489    x$fpl$trapveneer    fz_ws.l(trapv.o)
    0x0800a52a   0x0800a52a   0x00000000   Code   RO         5365    x$fpl$usenofp       fz_ws.l(usenofp.o)
    0x0800a52a   0x0800a52a   0x00000002   PAD
    0x0800a52c   0x0800a52c   0x000000c0   Data   RO          377    .constdata          charginghandle.o
    0x0800a5ec   0x0800a5ec   0x00000018   Data   RO          919    .constdata          rtc.o
    0x0800a604   0x0800a604   0x00000010   Data   RO         4263    .constdata          system_stm32f1xx.o
    0x0800a614   0x0800a614   0x00000008   Data   RO         4264    .constdata          system_stm32f1xx.o
    0x0800a61c   0x0800a61c   0x00000200   Data   RO         4297    .constdata          mdcrc16.o
    0x0800a81c   0x0800a81c   0x00000004   Data   RO         4674    .constdata          shell.o
    0x0800a820   0x0800a820   0x00000001   Data   RO         4675    .constdata          shell.o
    0x0800a821   0x0800a821   0x0000000d   Data   RO         4676    .constdata          shell.o
    0x0800a82e   0x0800a82e   0x00000007   Data   RO         4677    .constdata          shell.o
    0x0800a835   0x0800a835   0x00000008   Data   RO         4678    .constdata          shell.o
    0x0800a83d   0x0800a83d   0x00000003   Data   RO         4679    .constdata          shell.o
    0x0800a840   0x0800a840   0x00000005   Data   RO         4680    .constdata          shell.o
    0x0800a845   0x0800a845   0x00000006   Data   RO         4681    .constdata          shell.o
    0x0800a84b   0x0800a84b   0x00000005   Data   RO         4682    .constdata          shell.o
    0x0800a850   0x0800a850   0x00000004   Data   RO         4683    .constdata          shell.o
    0x0800a854   0x0800a854   0x0000000a   Data   RO         4684    .constdata          shell.o
    0x0800a85e   0x0800a85e   0x0000000a   Data   RO         4685    .constdata          shell.o
    0x0800a868   0x0800a868   0x00000007   Data   RO         4686    .constdata          shell.o
    0x0800a86f   0x0800a86f   0x00000006   Data   RO         4687    .constdata          shell.o
    0x0800a875   0x0800a875   0x00000006   Data   RO         4688    .constdata          shell.o
    0x0800a87b   0x0800a87b   0x00000005   Data   RO         4689    .constdata          shell.o
    0x0800a880   0x0800a880   0x0000001e   Data   RO         4690    .constdata          shell.o
    0x0800a89e   0x0800a89e   0x00000006   Data   RO         4691    .constdata          shell.o
    0x0800a8a4   0x0800a8a4   0x0000000e   Data   RO         4692    .constdata          shell.o
    0x0800a8b2   0x0800a8b2   0x00000005   Data   RO         4693    .constdata          shell.o
    0x0800a8b7   0x0800a8b7   0x0000000d   Data   RO         4694    .constdata          shell.o
    0x0800a8c4   0x0800a8c4   0x00000005   Data   RO         4695    .constdata          shell.o
    0x0800a8c9   0x0800a8c9   0x0000000d   Data   RO         4696    .constdata          shell.o
    0x0800a8d6   0x0800a8d6   0x00000005   Data   RO         4697    .constdata          shell.o
    0x0800a8db   0x0800a8db   0x0000000d   Data   RO         4698    .constdata          shell.o
    0x0800a8e8   0x0800a8e8   0x00000006   Data   RO         4699    .constdata          shell.o
    0x0800a8ee   0x0800a8ee   0x0000000e   Data   RO         4700    .constdata          shell.o
    0x0800a8fc   0x0800a8fc   0x00000005   Data   RO         4701    .constdata          shell.o
    0x0800a901   0x0800a901   0x0000001b   Data   RO         4702    .constdata          shell.o
    0x0800a91c   0x0800a91c   0x00000010   Data   RO         4703    .constdata          shell.o
    0x0800a92c   0x0800a92c   0x00000008   Data   RO         5224    .constdata          c_w.l(_printf_wctomb.o)
    0x0800a934   0x0800a934   0x00000028   Data   RO         5253    .constdata          c_w.l(_printf_hex_int_ll_ptr.o)
    0x0800a95c   0x0800a95c   0x00000011   Data   RO         5273    .constdata          c_w.l(__printf_flags_ss_wp.o)
    0x0800a96d   0x0800a96d   0x00000026   Data   RO         5401    .constdata          c_w.l(_printf_fp_hex.o)
    0x0800a993   0x0800a993   0x00000001   PAD
    0x0800a994   0x0800a994   0x00000094   Data   RO         5444    .constdata          c_w.l(bigflt0.o)
    0x0800aa28   0x0800aa28   0x000002b9   Data   RO         4704    .conststring        shell.o
    0x0800ace1   0x0800ace1   0x00000003   PAD
    0x0800ace4   0x0800ace4   0x00000020   Data   RO         5554    Region$$Table       anon$$obj.o
    0x0800ad04   0x0800ad04   0x0000001c   Data   RO         5468    locale$$data        c_w.l(lc_numeric_c.o)
    0x0800ad20   0x0800ad20   0x00000110   Data   RO         5501    locale$$data        c_w.l(lc_ctype_c.o)
    0x0800ae30   0x0800ae30   0x00000130   Data   RO         4706    shellCommand        shell.o


    Execution Region RW_IRAM1 (Exec base: 0x20000000, Load base: 0x0800af60, Size: 0x000055f8, Max: 0x00010000, ABSOLUTE, COMPRESSED[0x0000017c])

    Exec Addr    Load Addr    Size         Type   Attr      Idx    E Section Name        Object

    0x20000000   COMPRESSED   0x00000001   Data   RW           21    .data               dwin.o
    0x20000001   COMPRESSED   0x00000003   PAD
    0x20000004   COMPRESSED   0x000001f0   Data   RW          379    .data               charginghandle.o
    0x200001f4   COMPRESSED   0x00000007   Data   RW          920    .data               rtc.o
    0x200001fb   COMPRESSED   0x00000002   Data   RW          990    .data               tim.o
    0x200001fd   COMPRESSED   0x00000001   PAD
    0x200001fe   COMPRESSED   0x00000002   Data   RW         1040    .data               usart.o
    0x20000200   COMPRESSED   0x00000001   Data   RW         1041    .data               usart.o
    0x20000201   COMPRESSED   0x00000001   Data   RW         1042    .data               usart.o
    0x20000202   COMPRESSED   0x00000002   Data   RW         1043    .data               usart.o
    0x20000204   COMPRESSED   0x0000000c   Data   RW         1624    .data               stm32f1xx_hal.o
    0x20000210   COMPRESSED   0x00000004   Data   RW         4265    .data               system_stm32f1xx.o
    0x20000214   COMPRESSED   0x00000010   Data   RW         4370    .data               mdregpool.o
    0x20000224   COMPRESSED   0x00000004   PAD
    0x20000228   COMPRESSED   0x00000018   Data   RW         4511    .data               mdrtuslave.o
    0x20000240   COMPRESSED   0x00000058   Data   RW         4705    .data               shell.o
    0x20000298        -       0x0000057c   Zero   RW           20    .bss                dwin.o
    0x20000814        -       0x00000406   Zero   RW          262    .bss                modbusmaster.o
    0x20000c1a   COMPRESSED   0x00000002   PAD
    0x20000c1c        -       0x00000058   Zero   RW          375    .bss                charginghandle.o
    0x20000c74        -       0x00000320   Zero   RW          680    .bss                main.o
    0x20000f94        -       0x000000f4   Zero   RW          769    .bss                adc.o
    0x20001088        -       0x00000014   Zero   RW          816    .bss                dac.o
    0x2000109c        -       0x0000000c   Zero   RW          880    .bss                iwdg.o
    0x200010a8        -       0x00000014   Zero   RW          918    .bss                rtc.o
    0x200010bc        -       0x00000048   Zero   RW          989    .bss                tim.o
    0x20001104        -       0x00000390   Zero   RW         1039    .bss                usart.o
    0x20001494        -       0x000000c4   Zero   RW         1258    .bss                clibration.o
    0x20001558        -       0x00000020   Zero   RW         2315    .bss                stm32f1xx_hal_flash.o
    0x20001578        -       0x0000001d   Zero   RW         4673    .bss                shell.o
    0x20001595   COMPRESSED   0x00000003   PAD
    0x20001598        -       0x00000060   Zero   RW         5369    .bss                c_w.l(libspace.o)
    0x200015f8        -       0x00002000   Zero   RW         4252    HEAP                startup_stm32f103xe.o
    0x200035f8        -       0x00002000   Zero   RW         4251    STACK               startup_stm32f103xe.o


==============================================================================

Image component sizes


      Code (inc. data)   RO Data    RW Data    ZI Data      Debug   Object Name

       336         30          0          0        244       2740   adc.o
      4482        680        192        496         88      37825   charginghandle.o
       528        130          0          0        196       2255   clibration.o
       156         16          0          0         20       1675   dac.o
       108          4          0          0          0        782   dma.o
       436         40          0          1       1404     525207   dwin.o
       238         10          0          0          0       2596   flash.o
       220         18          0          0          0        979   gpio.o
        44          8          0          0         12        687   iwdg.o
       438         62          0          0        800       3263   main.o
        56          4        512          0          0       1318   mdcrc16.o
        54          0          0          0          0       1527   mdrecbuffer.o
      1654        104          0         16          0      19943   mdregpool.o
      1916         96          0         24          0      16120   mdrtuslave.o
       256          8          0          0       1030       3223   modbusmaster.o
       156          4          0          0          0       1982   publicfunc.o
      1268        118         24          7         20       5353   rtc.o
      5796        252       1273         88         29      44456   shell.o
       786          8          0          0          0       4946   shell_ext.o
        64         26        304          0      16384        776   startup_stm32f103xe.o
       168         30          0         12          0       6477   stm32f1xx_hal.o
      1354         52          0          0          0       9198   stm32f1xx_hal_adc.o
       210         16          0          0          0      28507   stm32f1xx_hal_cortex.o
       270          0          0          0          0       3342   stm32f1xx_hal_dac.o
      1318        130          0          0          0       4502   stm32f1xx_hal_dma.o
       588         38          0          0         32       4294   stm32f1xx_hal_flash.o
       208          8          0          0          0       2609   stm32f1xx_hal_flash_ex.o
       526         20          0          0          0       2816   stm32f1xx_hal_gpio.o
        98          0          0          0          0       1751   stm32f1xx_hal_iwdg.o
        68         10          0          0          0        862   stm32f1xx_hal_msp.o
        12          4          0          0          0        511   stm32f1xx_hal_pwr.o
      1604        116          0          0          0       5730   stm32f1xx_hal_rcc.o
       580         50          0          0          0       2985   stm32f1xx_hal_rcc_ex.o
       304          8          0          0          0       2636   stm32f1xx_hal_rtc.o
        32         10          0          0          0       1623   stm32f1xx_hal_rtc_ex.o
      1106         20          0          0          0       8741   stm32f1xx_hal_tim.o
       134          0          0          0          0       2353   stm32f1xx_hal_tim_ex.o
      1946         36          0          0          0      14249   stm32f1xx_hal_uart.o
       236         68          0          0          0       8120   stm32f1xx_it.o
        16          6         24          4          0       1179   system_stm32f1xx.o
       296         30          0          2         72       3342   tim.o
       664         76          0          6        912       8587   usart.o

    ----------------------------------------------------------------------
     30782       2346       2364        664      21248     802067   Object Totals
         0          0         32          0          0          0   (incl. Generated)
        52          0          3          8          5          0   (incl. Padding)

    ----------------------------------------------------------------------

      Code (inc. data)   RO Data    RW Data    ZI Data      Debug   Library Member Name

        90          0          0          0          0          0   __dczerorl2.o
         8          0          0          0          0         68   __main.o
       392          4         17          0          0         92   __printf_flags_ss_wp.o
        14          0          0          0          0         68   __printf_wp.o
         0          0          0          0          0          0   __rtentry.o
        12          0          0          0          0          0   __rtentry2.o
         6          0          0          0          0          0   __rtentry4.o
        52          8          0          0          0          0   __scatter.o
        28          0          0          0          0          0   __scatter_zi.o
         6          0          0          0          0          0   _printf_a.o
         6          0          0          0          0          0   _printf_c.o
        44          0          0          0          0        108   _printf_char.o
        48          6          0          0          0         96   _printf_char_common.o
        40          0          0          0          0         68   _printf_charcount.o
         6          0          0          0          0          0   _printf_d.o
       120         16          0          0          0         92   _printf_dec.o
         6          0          0          0          0          0   _printf_e.o
         6          0          0          0          0          0   _printf_f.o
      1054          0          0          0          0        216   _printf_fp_dec.o
       764          8         38          0          0        100   _printf_fp_hex.o
       128         16          0          0          0         84   _printf_fp_infnan.o
         6          0          0          0          0          0   _printf_g.o
       148          4         40          0          0        160   _printf_hex_int_ll_ptr.o
         6          0          0          0          0          0   _printf_i.o
       178          0          0          0          0         88   _printf_intcommon.o
        10          0          0          0          0          0   _printf_l.o
         6          0          0          0          0          0   _printf_lc.o
        10          0          0          0          0          0   _printf_ll.o
         6          0          0          0          0          0   _printf_lld.o
         6          0          0          0          0          0   _printf_lli.o
         6          0          0          0          0          0   _printf_llo.o
         6          0          0          0          0          0   _printf_llu.o
         6          0          0          0          0          0   _printf_llx.o
       124         16          0          0          0         92   _printf_longlong_dec.o
         6          0          0          0          0          0   _printf_ls.o
         6          0          0          0          0          0   _printf_n.o
         6          0          0          0          0          0   _printf_o.o
       112         10          0          0          0        124   _printf_oct_int_ll.o
         6          0          0          0          0          0   _printf_p.o
        78          0          0          0          0        108   _printf_pad.o
         0          0          0          0          0          0   _printf_percent.o
         4          0          0          0          0          0   _printf_percent_end.o
         6          0          0          0          0          0   _printf_s.o
        82          0          0          0          0         80   _printf_str.o
        36          0          0          0          0         84   _printf_truncate.o
         6          0          0          0          0          0   _printf_u.o
        44          0          0          0          0        108   _printf_wchar.o
       188          6          8          0          0         92   _printf_wctomb.o
         6          0          0          0          0          0   _printf_x.o
        16          0          0          0          0         68   _snputc.o
        10          0          0          0          0         68   _sputc.o
        64          0          0          0          0         92   _wcrtomb.o
        16          0          0          0          0         68   aeabi_memset.o
       228          4        148          0          0         96   bigflt0.o
      1936        128          0          0          0        672   btod.o
        10          0          0          0          0         68   defsig_exit.o
        50          0          0          0          0         88   defsig_general.o
        80         58          0          0          0         76   defsig_rtmem_inner.o
        14          0          0          0          0         80   defsig_rtmem_outer.o
        18          0          0          0          0         80   exit.o
        94          0          0          0          0         80   h1_alloc.o
        52          0          0          0          0         68   h1_extend.o
        78          0          0          0          0         80   h1_free.o
        14          0          0          0          0         84   h1_init.o
         6          0          0          0          0        152   heapauxi.o
         4          0          0          0          0        136   hguard.o
         0          0          0          0          0          0   indicate_semi.o
       138          0          0          0          0        168   init_alloc.o
        44         10        272          0          0         76   lc_ctype_c.o
        44         10         28          0          0         76   lc_numeric_c.o
         2          0          0          0          0          0   libinit.o
        38          0          0          0          0          0   libinit2.o
         2          0          0          0          0          0   libshutdown.o
         2          0          0          0          0          0   libshutdown2.o
         8          4          0          0         96         68   libspace.o
       138          0          0          0          0         80   lludiv10.o
        38          0          0          0          0         68   llushr.o
         0          0          0          0          0          0   maybetermalloc1.o
        16          4          0          0          0         76   rt_ctype_table.o
         8          4          0          0          0         68   rt_heap_descriptor_intlibspace.o
         8          4          0          0          0         68   rt_locale_intlibspace.o
        68          0          0          0          0         68   rt_memclr.o
        78          0          0          0          0         80   rt_memclr_w.o
       138          0          0          0          0         68   rt_memcpy_v6.o
       100          0          0          0          0         80   rt_memcpy_w.o
         2          0          0          0          0          0   rtexit.o
        10          0          0          0          0          0   rtexit2.o
       128          0          0          0          0         68   strcmpv7m.o
        62          0          0          0          0         76   strlen.o
       150          0          0          0          0         80   strncmp.o
        12          4          0          0          0         68   sys_exit.o
        74          0          0          0          0         80   sys_stackheap_outer.o
        14          0          0          0          0         76   sys_wrch.o
         2          0          0          0          0         68   use_no_semi.o
        52          4          0          0          0         80   vsnprintf.o
        16          4          0          0          0         68   dcheck1.o
       688        140          0          0          0        208   ddiv.o
        94          4          0          0          0         92   dfix.o
        90          4          0          0          0         92   dfixu.o
        38          0          0          0          0         68   dflt_clz.o
       156          4          0          0          0         92   dnaninf.o
        12          0          0          0          0         68   dretinf.o
        86          4          0          0          0         84   f2d.o
       430          8          0          0          0        168   faddsub_clz.o
        24          0          0          0          0         68   fcmpi.o
       388         76          0          0          0         96   fdiv.o
       104          4          0          0          0         84   feqf.o
        62          4          0          0          0         84   ffixu.o
        86          0          0          0          0        136   fflt_clz.o
       104          4          0          0          0         84   fleqf.o
       258          4          0          0          0         84   fmul.o
       140          4          0          0          0         84   fnaninf.o
        10          0          0          0          0         68   fretinf.o
        98          0          0          0          0         68   frleqf.o
         4          0          0          0          0         68   printf1.o
         4          0          0          0          0         68   printf2.o
       100          0          0          0          0         68   retnan.o
        92          0          0          0          0         68   scalbn.o
        48          0          0          0          0         68   trapv.o
         0          0          0          0          0          0   usenofp.o
        40          0          0          0          0         68   fpclassify.o

    ----------------------------------------------------------------------
     11198        592        552          0         96       7828   Library Totals
        26          0          1          0          0          0   (incl. Padding)

    ----------------------------------------------------------------------

      Code (inc. data)   RO Data    RW Data    ZI Data      Debug   Library Name

      8000        328        551          0         96       5624   c_w.l
      3132        264          0          0          0       2136   fz_ws.l
        40          0          0          0          0         68   m_ws.l

    ----------------------------------------------------------------------
     11198        592        552          0         96       7828   Library Totals

    ----------------------------------------------------------------------

==============================================================================


      Code (inc. data)   RO Data    RW Data    ZI Data      Debug   

     41980       2938       2916        664      21344     792055   Grand Totals
     41980       2938       2916        380      21344     792055   ELF Image Totals (compressed)
     41980       2938       2916        380          0          0   ROM Totals

==============================================================================

    Total RO  Size (Code + RO Data)                44896 (  43.84kB)
    Total RW  Size (RW Data + ZI Data)             22008 (  21.49kB)
    Total ROM Size (Code + RO Data + RW Data)      45276 (  44.21kB)

==============================================================================

