stm32f1xx_hal_dac.c:291:19:HAL_DAC_Init	16	static
stm32f1xx_hal_dac.c:352:19:HAL_DAC_DeInit	16	static
stm32f1xx_hal_dac.c:397:13:HAL_DAC_MspInit	16	static
stm32f1xx_hal_dac.c:413:13:HAL_DAC_MspDeInit	16	static
stm32f1xx_hal_dac.c:455:19:HAL_DAC_Start	16	static
stm32f1xx_hal_dac.c:510:19:HAL_DAC_Stop	16	static
stm32f1xx_hal_dac.c:542:19:HAL_DAC_Start_DMA	32	static
stm32f1xx_hal_dac.c:678:19:HAL_DAC_Stop_DMA	16	static
stm32f1xx_hal_dac.c:728:6:HAL_DAC_IRQHandler	16	static
stm32f1xx_hal_dac.c:807:19:HAL_DAC_SetValue	32	static
stm32f1xx_hal_dac.c:841:13:HAL_DAC_ConvCpltCallbackCh1	16	static
stm32f1xx_hal_dac.c:857:13:HAL_DAC_ConvHalfCpltCallbackCh1	16	static
stm32f1xx_hal_dac.c:873:13:HAL_DAC_ErrorCallbackCh1	16	static
stm32f1xx_hal_dac.c:889:13:HAL_DAC_DMAUnderrunCallbackCh1	16	static
stm32f1xx_hal_dac.c:928:10:HAL_DAC_GetValue	24	static
stm32f1xx_hal_dac.c:960:19:HAL_DAC_ConfigChannel	32	static
stm32f1xx_hal_dac.c:1027:22:HAL_DAC_GetState	16	static
stm32f1xx_hal_dac.c:1040:10:HAL_DAC_GetError	16	static
stm32f1xx_hal_dac.c:1306:6:DAC_DMAConvCpltCh1	24	static
stm32f1xx_hal_dac.c:1325:6:DAC_DMAHalfConvCpltCh1	24	static
stm32f1xx_hal_dac.c:1342:6:DAC_DMAErrorCh1	24	static
