Communication.c:100:7:getcurrent	16	static
Communication.c:116:7:getvoltage	16	static
Communication.c:131:6:setvoltage	24	static
Communication.c:149:6:Report_ChargeData	80	static
Communication.c:183:6:Idletask	8	static
Communication.c:196:6:LTE_Report_ChargeData	96	static
Communication.c:227:9:TimeStartEvent	16	static
Communication.c:252:6:ChangeDutyCycle	24	static
Communication.c:265:6:DisChangeDutyCycle	24	static
Communication.c:278:7:GetAdjustStep	24	static
Communication.c:310:13:getChargeState	16	static
Communication.c:340:14:getMachineState	16	static
Communication.c:366:16:getDisChargeState	16	static
Communication.c:391:6:ChargerHandle	16	static
Communication.c:430:6:QuickChanging	32	static
Communication.c:455:6:OrdinaryCharging	32	static
Communication.c:521:6:ChargerEvent	24	static
Communication.c:575:6:DisChargeEvent	8	static
Communication.c:597:6:StandbyEvent	8	static
Communication.c:608:6:CommunicationInit	320	static
Communication.c:698:6:ChargeTimer	16	static
Communication.c:717:6:FlashReadInit	8	static
Communication.c:750:6:Report_RealTime	64	static
Communication.c:779:6:Setting_RealTime	24	static
Communication.c:791:6:Password1_Input	16	static
Communication.c:799:6:Password2_Input	16	static
Communication.c:807:6:Password3_Input	16	static
Communication.c:815:6:Password4_Input	16	static
Communication.c:823:6:PasswordReturn	24	static
Communication.c:837:6:PasswordCheck	24	static
Communication.c:864:6:ChargeTargetTime	16	static
Communication.c:874:6:DisChargeTargetTime	16	static
Communication.c:879:6:DisCharge_C_UpperLimit	16	static
Communication.c:884:6:DisCharge_C_LowerLimit	16	static
Communication.c:889:6:TrickleChargeCurrent	16	static
Communication.c:897:6:TrickleChargeTargetVoltage	16	static
Communication.c:904:6:ConstantCurrent_Current	16	static
Communication.c:911:6:ConstantCurrentTargetVoltage	16	static
Communication.c:918:6:ConstantVoltage_Voltage	16	static
Communication.c:925:6:ConstantVoltageTargetCurrent	16	static
Communication.c:932:6:ChargeDutyCycle	16	static
Communication.c:939:6:ChargeCompensation	16	static
Communication.c:946:6:DisChargeDutyCycle	16	static
Communication.c:953:6:DisChargeTargetVoltage	16	static
Communication.c:958:6:DisChargeCurrent	16	static
Communication.c:963:6:Set_Year	16	static
Communication.c:968:6:Set_Month	16	static
Communication.c:973:6:Set_Date	16	static
Communication.c:978:6:Set_Hour	16	static
Communication.c:983:6:Set_Min	16	static
Communication.c:988:6:Set_Sec	16	static
