ModbusSlave.c:31:10:GetCrc16	24	static
ModbusSlave.c:63:9:checkCrc16	24	static
ModbusSlave.c:87:6:MODS_ReciveNew	24	static
ModbusSlave.c:105:6:MODS_Poll	16	static
ModbusSlave.c:145:6:MODS_SendAckErr	16	static
ModbusSlave.c:163:6:MODS_SendAckOk	4	static
ModbusSlave.c:176:6:MODS_InportMap	16	static
ModbusSlave.c:215:6:MODS_AnalyzeApp	8	static
ModbusSlave.c:255:6:MODS_01H	4	static
ModbusSlave.c:281:6:MODS_02H	4	static
ModbusSlave.c:284:6:MODS_03H	16	static
ModbusSlave.c:346:6:MODS_04H	4	static
ModbusSlave.c:350:6:MODS_05H	8	static
ModbusSlave.c:368:6:MODS_06H	16	static
ModbusSlave.c:419:6:MODS_0FH	4	static
ModbusSlave.c:422:6:MODS_10H	4	static
ModbusSlave.c:435:6:MODS_SlaveInit	4	static
ModbusSlave.c:455:6:MODS_SendWithCRC	520	static
