<html>
<body>
<pre>
<h1>µVision Build Log</h1>
<h2>Tool Versions:</h2>
IDE-Version: ¦ÌVision V5.27.1.0
Copyright (C) 2019 ARM Ltd and ARM Germany GmbH. All rights reserved.
License Information: li Cai Hong Li, a, LIC=MPPLD-8GJUL-SBEEJ-UKGG2-X5RI0-DGTN4
 
Tool Versions:
Toolchain:       MDK-ARM Plus  Version: 5.27.1.0
Toolchain Path:  C:\Keil_v5\ARM\ARMCC\Bin
C Compiler:      Armcc.exe V5.06 update 6 (build 750)
Assembler:       Armasm.exe V5.06 update 6 (build 750)
Linker/Locator:  ArmLink.exe V5.06 update 6 (build 750)
Library Manager: ArmAr.exe V5.06 update 6 (build 750)
Hex Converter:   FromElf.exe V5.06 update 6 (build 750)
CPU DLL:         SARMCM3.DLL V5.27.1.0
Dialog DLL:      DCM.DLL V1.17.2.0
Target DLL:      UL2CM3.DLL V1.162.15.0
Dialog DLL:      TCM.DLL V1.36.1.0
 
<h2>Project:</h2>
g:\STM32_Workers\Keil_Workers\ValveHoll-Changer\MDK-ARM\ValveHoll-Changer.uvprojx
Project File Date:  01/22/2022

<h2>Output:</h2>
*** Using Compiler 'V5.06 update 6 (build 750)', folder: 'C:\Keil_v5\ARM\ARMCC\Bin'
Rebuild target 'ValveHoll-Changer'
compiling ChargingHandle.c...
compiling Dwin.c...
compiling Flash.c...
compiling publicfunc.c...
compiling ModbusMaster.c...
compiling gpio.c...
compiling dac.c...
compiling dma.c...
compiling main.c...
compiling adc.c...
compiling usart.c...
compiling iwdg.c...
compiling tim.c...
compiling rtc.c...
../Core/Src/rtc.c(86): warning:  #111-D: statement is unreachable
    sTime.Hours = 12;
../Core/Src/rtc.c: 1 warning, 0 errors
compiling stm32f1xx_it.c...
compiling Clibration.c...
compiling stm32f1xx_hal_adc.c...
compiling stm32f1xx_hal_msp.c...
compiling stm32f1xx_hal_gpio_ex.c...
compiling stm32f1xx_hal_adc_ex.c...
compiling stm32f1xx_hal.c...
compiling stm32f1xx_hal_gpio.c...
compiling stm32f1xx_hal_dma.c...
compiling stm32f1xx_hal_rcc.c...
compiling stm32f1xx_hal_rcc_ex.c...
compiling stm32f1xx_hal_cortex.c...
compiling stm32f1xx_hal_pwr.c...
compiling stm32f1xx_hal_exti.c...
compiling stm32f1xx_hal_flash.c...
compiling stm32f1xx_hal_flash_ex.c...
compiling stm32f1xx_hal_dac.c...
compiling stm32f1xx_hal_dac_ex.c...
compiling stm32f1xx_hal_iwdg.c...
compiling stm32f1xx_hal_rtc.c...
compiling stm32f1xx_hal_rtc_ex.c...
assembling startup_stm32f103xe.s...
compiling mdcrc16.c...
compiling mdrecbuffer.c...
compiling stm32f1xx_hal_tim.c...
compiling mdregpool.c...
compiling system_stm32f1xx.c...
compiling stm32f1xx_hal_tim_ex.c...
compiling shell.c...
compiling shell_cmd_list.c...
compiling shell_companion.c...
compiling shell_ext.c...
compiling stm32f1xx_hal_uart.c...
compiling PID_Rule.c...
compiling pid.c...
compiling fuzzyPID.c...
compiling mdrtuslave.c...
compiling shell_port.c...
linking...
Program Size: Code=34408 RO-data=2364 RW-data=664 ZI-data=21152  
FromELF: creating hex file...
"ValveHoll-Changer\ValveHoll-Changer.axf" - 0 Error(s), 1 Warning(s).

<h2>Software Packages used:</h2>

Package Vendor: ARM
                http://www.keil.com/pack/ARM.CMSIS.5.8.0.pack
                ARM.CMSIS.5.8.0
                CMSIS (Common Microcontroller Software Interface Standard)
   * Component: CORE Version: 5.5.0

Package Vendor: Keil
                http://www.keil.com/pack/Keil.STM32F1xx_DFP.2.3.0.pack
                Keil.STM32F1xx_DFP.2.3.0
                STMicroelectronics STM32F1 Series Device Support, Drivers and Examples

<h2>Collection of Component include folders:</h2>
  .\RTE\_ValveHoll-Changer
  C:\Users\Administrator\AppData\Local\Arm\Packs\ARM\CMSIS\5.8.0\CMSIS\Core\Include
  C:\Users\Administrator\AppData\Local\Arm\Packs\Keil\STM32F1xx_DFP\2.3.0\Device\Include

<h2>Collection of Component Files used:</h2>

   * Component: ARM::CMSIS:CORE:5.5.0
Build Time Elapsed:  00:00:33
</pre>
</body>
</html>
